Archive member included to satisfy reference by file (symbol)

build/cooja/contiki-ng-cooja.a(simEnvChange.o)
                              build/cooja/mtype541007487.o (simDontFallAsleep)
build/cooja/contiki-ng-cooja.a(cooja_mt.o)
                              build/cooja/mtype541007487.o (cooja_mt_start)
build/cooja/contiki-ng-cooja.a(cooja_mtarch.o)
                              build/cooja/contiki-ng-cooja.a(cooja_mt.o) (cooja_mtarch_start)
build/cooja/contiki-ng-cooja.a(rtimer-arch.o)
                              build/cooja/mtype541007487.o (rtimer_arch_check)
build/cooja/contiki-ng-cooja.a(beep.o)
                              build/cooja/mtype541007487.o (beep_interface)
build/cooja/contiki-ng-cooja.a(leds-arch.o)
                              build/cooja/mtype541007487.o (leds_interface)
build/cooja/contiki-ng-cooja.a(moteid.o)
                              build/cooja/mtype541007487.o (moteid_interface)
build/cooja/contiki-ng-cooja.a(pir-sensor.o)
                              build/cooja/mtype541007487.o (pir_interface)
build/cooja/contiki-ng-cooja.a(rs232.o)
                              build/cooja/mtype541007487.o (rs232_interface)
build/cooja/contiki-ng-cooja.a(vib-sensor.o)
                              build/cooja/mtype541007487.o (vib_interface)
build/cooja/contiki-ng-cooja.a(clock.o)
                              build/cooja/mtype541007487.o (clock_interface)
build/cooja/contiki-ng-cooja.a(cooja-log.o)
                              build/cooja/mtype541007487.o (simlog_interface)
build/cooja/contiki-ng-cooja.a(cfs-cooja.o)
                              build/cooja/mtype541007487.o (cfs_interface)
build/cooja/contiki-ng-cooja.a(cooja-radio.o)
                              build/cooja/mtype541007487.o (radio_interface)
build/cooja/contiki-ng-cooja.a(eeprom.o)
                              build/cooja/mtype541007487.o (eeprom_interface)
build/cooja/contiki-ng-cooja.a(random.o)
                              build/cooja/contiki-ng-cooja.a(moteid.o) (random_init)
build/cooja/contiki-ng-cooja.a(sensors.o)
                              build/cooja/contiki-ng-cooja.a(pir-sensor.o) (sensors_changed)
build/cooja/contiki-ng-cooja.a(leds.o)
                              barrier.o (leds_toggle)
build/cooja/contiki-ng-cooja.a(gpio-hal-arch.o)
                              build/cooja/contiki-ng-cooja.a(leds-arch.o) (gpio_hal_arch_register_pin_callback)
build/cooja/contiki-ng-cooja.a(buttons.o)
                              build/cooja/mtype541007487.o (button_interface)
build/cooja/contiki-ng-cooja.a(res_barrier.o)
                              barrier.o (res_barrier)
build/cooja/contiki-ng-cooja.a(coap-blocking-api.o)
                              barrier.o (coap_blocking_request)
build/cooja/contiki-ng-cooja.a(coap-engine.o)
                              barrier.o (coap_activate_resource)
build/cooja/contiki-ng-cooja.a(coap-observe.o)
                              build/cooja/contiki-ng-cooja.a(coap-engine.o) (coap_remove_observer_by_mid)
build/cooja/contiki-ng-cooja.a(coap-res-well-known-core.o)
                              build/cooja/contiki-ng-cooja.a(coap-engine.o) (res_well_known_core)
build/cooja/contiki-ng-cooja.a(coap-timer.o)
                              build/cooja/contiki-ng-cooja.a(coap-engine.o) (coap_timer_set)
build/cooja/contiki-ng-cooja.a(coap-transactions.o)
                              build/cooja/contiki-ng-cooja.a(coap-blocking-api.o) (coap_send_transaction)
build/cooja/contiki-ng-cooja.a(coap-uip.o)
                              build/cooja/contiki-ng-cooja.a(coap-observe.o) (coap_endpoint_copy)
build/cooja/contiki-ng-cooja.a(coap.o)
                              build/cooja/contiki-ng-cooja.a(coap-engine.o) (coap_status_code)
build/cooja/contiki-ng-cooja.a(contiki-main.o)
                              build/cooja/mtype541007487.o (main)
build/cooja/contiki-ng-cooja.a(autostart.o)
                              build/cooja/contiki-ng-cooja.a(contiki-main.o) (autostart_start)
build/cooja/contiki-ng-cooja.a(ctimer.o)
                              build/cooja/contiki-ng-cooja.a(contiki-main.o) (ctimer_init)
build/cooja/contiki-ng-cooja.a(energest.o)
                              build/cooja/contiki-ng-cooja.a(contiki-main.o) (energest_init)
build/cooja/contiki-ng-cooja.a(etimer.o)
                              build/cooja/contiki-ng-cooja.a(contiki-main.o) (etimer_process)
build/cooja/contiki-ng-cooja.a(log.o)
                              build/cooja/contiki-ng-cooja.a(contiki-main.o) (curr_log_level_main)
build/cooja/contiki-ng-cooja.a(node-id.o)
                              build/cooja/contiki-ng-cooja.a(contiki-main.o) (node_id)
build/cooja/contiki-ng-cooja.a(process.o)
                              build/cooja/contiki-ng-cooja.a(coap-blocking-api.o) (process_current)
build/cooja/contiki-ng-cooja.a(rtimer.o)
                              build/cooja/contiki-ng-cooja.a(contiki-main.o) (rtimer_init)
build/cooja/contiki-ng-cooja.a(timer.o)
[...]
Memory Configuration

Name             Origin             Length             Attributes
*default*        0x0000000000000000 0xffffffffffffffff

Linker script and memory map

LOAD /usr/lib/gcc/x86_64-linux-gnu/11/../../../x86_64-linux-gnu/crti.o
LOAD /usr/lib/gcc/x86_64-linux-gnu/11/crtbeginS.o
LOAD barrier.o
LOAD build/cooja/mtype541007487.o
LOAD build/cooja/contiki-ng-cooja.a
LOAD /usr/lib/gcc/x86_64-linux-gnu/11/libgcc.a
LOAD /usr/lib/gcc/x86_64-linux-gnu/11/libgcc_s.so
START GROUP
LOAD /usr/lib/gcc/x86_64-linux-gnu/11/../../../x86_64-linux-gnu/libgcc_s.so.1
LOAD /usr/lib/gcc/x86_64-linux-gnu/11/libgcc.a
END GROUP
LOAD /usr/lib/gcc/x86_64-linux-gnu/11/../../../x86_64-linux-gnu/libc.so
START GROUP
LOAD /lib/x86_64-linux-gnu/libc.so.6
LOAD /usr/lib/x86_64-linux-gnu/libc_nonshared.a
LOAD /lib64/ld-linux-x86-64.so.2
END GROUP
LOAD /usr/lib/gcc/x86_64-linux-gnu/11/libgcc.a
LOAD /usr/lib/gcc/x86_64-linux-gnu/11/libgcc_s.so
START GROUP
LOAD /usr/lib/gcc/x86_64-linux-gnu/11/../../../x86_64-linux-gnu/libgcc_s.so.1
LOAD /usr/lib/gcc/x86_64-linux-gnu/11/libgcc.a
END GROUP
LOAD /usr/lib/gcc/x86_64-linux-gnu/11/crtendS.o
LOAD /usr/lib/gcc/x86_64-linux-gnu/11/../../../x86_64-linux-gnu/crtn.o
                0x00000000000002a8                . = (SEGMENT_START ("text-segment", 0x0) + SIZEOF_HEADERS)

.note.gnu.property
                0x00000000000002a8       0x20
 .note.gnu.property
                0x00000000000002a8       0x20 /usr/lib/gcc/x86_64-linux-gnu/11/../../../x86_64-linux-gnu/crti.o

.note.gnu.build-id
                0x00000000000002c8       0x24
 *(.note.gnu.build-id)
 .note.gnu.build-id
                0x00000000000002c8       0x24 /usr/lib/gcc/x86_64-linux-gnu/11/../../../x86_64-linux-gnu/crti.o

.hash
 *(.hash)

.gnu.hash       0x00000000000002f0     0x15ac
 *(.gnu.hash)
 .gnu.hash      0x00000000000002f0     0x15ac /usr/lib/gcc/x86_64-linux-gnu/11/../../../x86_64-linux-gnu/crti.o

.dynsym         0x00000000000018a0     0x4698
 *(.dynsym)
 .dynsym        0x00000000000018a0     0x4698 /usr/lib/gcc/x86_64-linux-gnu/11/../../../x86_64-linux-gnu/crti.o

.dynstr         0x0000000000005f38     0x3715
 *(.dynstr)
 .dynstr        0x0000000000005f38     0x3715 /usr/lib/gcc/x86_64-linux-gnu/11/../../../x86_64-linux-gnu/crti.o

.gnu.version    0x000000000000964e      0x5e2
 *(.gnu.version)
 .gnu.version   0x000000000000964e      0x5e2 /usr/lib/gcc/x86_64-linux-gnu/11/../../../x86_64-linux-gnu/crti.o

.gnu.version_d  0x0000000000009c30        0x0
 *(.gnu.version_d)
 .gnu.version_d
                0x0000000000009c30        0x0 /usr/lib/gcc/x86_64-linux-gnu/11/../../../x86_64-linux-gnu/crti.o

.gnu.version_r  0x0000000000009c30       0x50
 *(.gnu.version_r)
 .gnu.version_r
                0x0000000000009c30       0x50 /usr/lib/gcc/x86_64-linux-gnu/11/../../../x86_64-linux-gnu/crti.o

.rela.dyn       0x0000000000009c80     0x20b8
 *(.rela.init)
 *(.rela.text .rela.text.* .rela.gnu.linkonce.t.*)
 .rela.text     0x0000000000009c80        0x0 /usr/lib/gcc/x86_64-linux-gnu/11/../../../x86_64-linux-gnu/crti.o
 *(.rela.fini)
 *(.rela.rodata .rela.rodata.* .rela.gnu.linkonce.r.*)
 *(.rela.data .rela.data.* .rela.gnu.linkonce.d.*)
 .rela.data.rel.local
                0x0000000000009c80      0x858 /usr/lib/gcc/x86_64-linux-gnu/11/../../../x86_64-linux-gnu/crti.o
 .rela.data.rel.ro
                0x000000000000a4d8      0x288 /usr/lib/gcc/x86_64-linux-gnu/11/../../../x86_64-linux-gnu/crti.o
 .rela.data.rel
                0x000000000000a760      0x3a8 /usr/lib/gcc/x86_64-linux-gnu/11/../../../x86_64-linux-gnu/crti.o
 .rela.data.rel.ro.local
                0x000000000000ab08      0x5e8 /usr/lib/gcc/x86_64-linux-gnu/11/../../../x86_64-linux-gnu/crti.o
 *(.rela.tdata .rela.tdata.* .rela.gnu.linkonce.td.*)
 *(.rela.tbss .rela.tbss.* .rela.gnu.linkonce.tb.*)
 *(.rela.ctors)
 *(.rela.dtors)
 *(.rela.got)
 .rela.got      0x000000000000b0f0      0xc18 /usr/lib/gcc/x86_64-linux-gnu/11/../../../x86_64-linux-gnu/crti.o
 *(.rela.bss .rela.bss.* .rela.gnu.linkonce.b.*)
 *(.rela.ldata .rela.ldata.* .rela.gnu.linkonce.l.*)
 *(.rela.lbss .rela.lbss.* .rela.gnu.linkonce.lb.*)
 *(.rela.lrodata .rela.lrodata.* .rela.gnu.linkonce.lr.*)
 *(.rela.ifunc)
 .rela.ifunc    0x000000000000bd08        0x0 /usr/lib/gcc/x86_64-linux-gnu/11/../../../x86_64-linux-gnu/crti.o
 .rela.fini_array
                0x000000000000bd08       0x18 /usr/lib/gcc/x86_64-linux-gnu/11/../../../x86_64-linux-gnu/crti.o
 .rela.init_array
                0x000000000000bd20       0x18 /usr/lib/gcc/x86_64-linux-gnu/11/../../../x86_64-linux-gnu/crti.o

.rela.plt       0x000000000000bd38     0x2568
 *(.rela.plt)
 .rela.plt      0x000000000000bd38     0x2568 /usr/lib/gcc/x86_64-linux-gnu/11/../../../x86_64-linux-gnu/crti.o
 *(.rela.iplt)

.relr.dyn
 *(.relr.dyn)
                0x000000000000f000                . = ALIGN (CONSTANT (MAXPAGESIZE))

.init           0x000000000000f000       0x1b
 *(SORT_NONE(.init))
 .init          0x000000000000f000       0x16 /usr/lib/gcc/x86_64-linux-gnu/11/../../../x86_64-linux-gnu/crti.o
                0x000000000000f000                _init
 .init          0x000000000000f016        0x5 /usr/lib/gcc/x86_64-linux-gnu/11/../../../x86_64-linux-gnu/crtn.o

.plt            0x000000000000f020     0x1900
 *(.plt)
 .plt           0x000000000000f020     0x1900 /usr/lib/gcc/x86_64-linux-gnu/11/../../../x86_64-linux-gnu/crti.o
 *(.iplt)

.plt.got        0x0000000000010920       0x30
 *(.plt.got)
 .plt.got       0x0000000000010920       0x30 /usr/lib/gcc/x86_64-linux-gnu/11/../../../x86_64-linux-gnu/crti.o

.plt.sec        0x0000000000010950     0x18f0
 *(.plt.sec)
 .plt.sec       0x0000000000010950     0x18f0 /usr/lib/gcc/x86_64-linux-gnu/11/../../../x86_64-linux-gnu/crti.o

.text           0x0000000000012240    0x1f92e
 *(.text.unlikely .text.*_unlikely .text.unlikely.*)
 *(.text.exit .text.exit.*)
 *(.text.startup .text.startup.*)
 *(.text.hot .text.hot.*)
 *(SORT_BY_NAME(.text.sorted.*))
 *(.text .stub .text.* .gnu.linkonce.t.*)
 .text          0x0000000000012240        0x0 /usr/lib/gcc/x86_64-linux-gnu/11/../../../x86_64-linux-gnu/crti.o
 .text          0x0000000000012240       0xb9 /usr/lib/gcc/x86_64-linux-gnu/11/crtbeginS.o
 .text          0x00000000000122f9      0x44b barrier.o
                0x0000000000012357                client_chunk_handler
 .text          0x0000000000012744      0x374 build/cooja/mtype541007487.o
                0x00000000000127fa                platform_init_stage_one
                0x000000000001280f                platform_init_stage_two
                0x0000000000012824                platform_init_stage_three
                0x0000000000012839                platform_main_loop
                0x00000000000128d3                JNI_OnLoad
                0x00000000000128ea                Java_org_contikios_cooja_corecomm_Lib11_init
                0x000000000001293d                Java_org_contikios_cooja_corecomm_Lib11_getMemory
                0x000000000001299c                Java_org_contikios_cooja_corecomm_Lib11_setMemory
                0x00000000000129fb                Java_org_contikios_cooja_corecomm_Lib11_tick
                0x0000000000012a89                Java_org_contikios_cooja_corecomm_Lib11_setReferenceAddress
 .text          0x0000000000012ab8       0x93 build/cooja/contiki-ng-cooja.a(simEnvChange.o)
                0x0000000000012ab8                doActionsBeforeTick
                0x0000000000012b01                doActionsAfterTick
 .text          0x0000000000012b4b       0xab build/cooja/contiki-ng-cooja.a(cooja_mt.o)
                0x0000000000012b4b                cooja_mt_start
                0x0000000000012b8b                cooja_mt_exec
                0x0000000000012bce                cooja_mt_yield
 .text          0x0000000000012bf6      0x10e build/cooja/contiki-ng-cooja.a(cooja_mtarch.o)
                0x0000000000012bf6                cooja_mtarch_start
                0x0000000000012c99                cooja_sw
                0x0000000000012cc6                cooja_mtarch_exec
                0x0000000000012cf4                cooja_mtarch_yield
 .text          0x0000000000012d04       0xcc build/cooja/contiki-ng-cooja.a(rtimer-arch.o)
                0x0000000000012d04                rtimer_arch_init
                0x0000000000012d2a                rtimer_arch_schedule
                0x0000000000012d54                rtimer_arch_next
                0x0000000000012d68                rtimer_arch_pending
                0x0000000000012d7b                rtimer_arch_check
                0x0000000000012dbc                rtimer_arch_now
 .text          0x0000000000012dd0       0xe6 build/cooja/contiki-ng-cooja.a(beep.o)
                0x0000000000012dd0                beep_alarm
                0x0000000000012deb                beep_beep
                0x0000000000012e03                beep
                0x0000000000012e18                beep_down
                0x0000000000012e30                beep_on
                0x0000000000012e45                beep_off
                0x0000000000012e5a                beep_spinup
                0x0000000000012e6f                beep_quick
                0x0000000000012e87                beep_long
 .text          0x0000000000012eb6       0x80 build/cooja/contiki-ng-cooja.a(leds-arch.o)
                0x0000000000012ecf                leds_arch_init
 .text          0x0000000000012f36       0x41 build/cooja/contiki-ng-cooja.a(moteid.o)
 .text          0x0000000000012f77       0xfa build/cooja/contiki-ng-cooja.a(pir-sensor.o)
 .text          0x0000000000013071      0x18b build/cooja/contiki-ng-cooja.a(rs232.o)
                0x0000000000013071                rs232_init
                0x000000000001307c                rs232_set_speed
                0x000000000001308c                rs232_set_input
                0x00000000000130a6                rs232_send
                0x00000000000130c5                rs232_print
                0x00000000000130f3                slip_arch_writeb
 .text          0x00000000000131fc       0xfa build/cooja/contiki-ng-cooja.a(vib-sensor.o)
 .text          0x00000000000132f6       0x6f build/cooja/contiki-ng-cooja.a(clock.o)
                0x00000000000132f6                clock_init
                0x0000000000013301                clock_time
                0x0000000000013315                clock_seconds
                0x0000000000013341                clock_delay
 .text          0x0000000000013365      0x214 build/cooja/contiki-ng-cooja.a(cooja-log.o)
                0x0000000000013365                simlog_char
                0x00000000000133bf                simlog
                0x0000000000013444                log_message
                0x0000000000013489                log_set_putchar_with_slip
                0x00000000000134a0                dbg_putchar
                0x0000000000013521                dbg_send_bytes
 .text          0x0000000000013579      0x39b build/cooja/contiki-ng-cooja.a(cfs-cooja.o)
                0x0000000000013579                cfs_open
                0x00000000000135f6                cfs_close
                0x000000000001360b                cfs_read
                0x00000000000136d2                cfs_write
                0x00000000000137e2                cfs_seek
                0x0000000000013891                cfs_remove
                0x00000000000138c1                cfs_opendir
                0x00000000000138d8                cfs_readdir
                0x00000000000138ef                cfs_closedir
 .text          0x0000000000013914      0x79f build/cooja/contiki-ng-cooja.a(cooja-radio.o)
                0x0000000000013973                radio_set_channel
                0x000000000001398d                radio_set_txpower
                0x00000000000139aa                radio_signal_strength_last
                0x00000000000139bd                radio_signal_strength_current
                0x00000000000139d0                radio_LQI
 .text          0x00000000000140b3      0x163 build/cooja/contiki-ng-cooja.a(eeprom.o)
                0x00000000000140b3                eeprom_init
                0x00000000000140c2                eeprom_read
                0x0000000000014161                eeprom_write
 .text          0x0000000000014216       0x2f build/cooja/contiki-ng-cooja.a(random.o)
                0x0000000000014216                random_init
                0x0000000000014236                random_rand
 .text          0x0000000000014245      0x35f build/cooja/contiki-ng-cooja.a(sensors.o)
                0x000000000001428e                sensors_first
                0x00000000000142a2                sensors_next
                0x00000000000142d1                sensors_changed
                0x000000000001431e                sensors_find
 .text          0x00000000000145a4      0x3ad build/cooja/contiki-ng-cooja.a(leds.o)
                0x00000000000145a4                leds_init
                0x00000000000145ef                leds_single_on
                0x000000000001465c                leds_single_off
                0x00000000000146c9                leds_single_toggle
                0x0000000000014701                leds_on
                0x0000000000014792                leds_off
                0x0000000000014823                leds_toggle
                0x000000000001487f                leds_set
                0x00000000000148a8                leds_get
 .text          0x0000000000014951      0x41b build/cooja/contiki-ng-cooja.a(gpio-hal-arch.o)
                0x0000000000014951                gpio_hal_arch_register_pin_callback
                0x00000000000149f8                gpio_hal_arch_init
                0x0000000000014a4e                gpio_hal_arch_no_port_interrupt_enable
                0x0000000000014a9b                gpio_hal_arch_no_port_interrupt_disable
                0x0000000000014ae8                gpio_hal_arch_no_port_pin_cfg_set
                0x0000000000014b1e                gpio_hal_arch_no_port_pin_cfg_get
                0x0000000000014b52                gpio_hal_arch_no_port_pin_set_input
                0x0000000000014b65                gpio_hal_arch_no_port_pin_set_output
                0x0000000000014b78                gpio_hal_arch_no_port_set_pin
                0x0000000000014b9c                gpio_hal_arch_no_port_clear_pin
                0x0000000000014bc0                gpio_hal_arch_no_port_read_pin
                0x0000000000014bed                gpio_hal_arch_no_port_write_pin
                0x0000000000014c17                gpio_hal_arch_no_port_set_pins
                0x0000000000014c66                gpio_hal_arch_no_port_clear_pins
                0x0000000000014cb5                gpio_hal_arch_no_port_read_pins
                0x0000000000014d03                gpio_hal_arch_no_port_write_pins
 .text          0x0000000000014d6c       0xa8 build/cooja/contiki-ng-cooja.a(buttons.o)
 .text          0x0000000000014e14      0x227 build/cooja/contiki-ng-cooja.a(res_barrier.o)
 .text          0x000000000001503b      0x2e0 build/cooja/contiki-ng-cooja.a(coap-blocking-api.o)
                0x000000000001503b                coap_blocking_request_callback
                0x0000000000015076                coap_blocking_request
 .text          0x000000000001531b      0xdaa build/cooja/contiki-ng-cooja.a(coap-engine.o)
                0x00000000000153ea                coap_add_handler
                0x0000000000015413                coap_remove_handler
                0x000000000001543c                coap_call_handlers
                0x000000000001557d                coap_receive
                0x0000000000015c33                coap_engine_init
                0x0000000000015c93                coap_activate_resource
                0x0000000000015d64                coap_get_first_resource
                0x0000000000015d7d                coap_get_next_resource
 .text          0x00000000000160c5      0xa9c build/cooja/contiki-ng-cooja.a(coap-observe.o)
                0x0000000000016216                coap_remove_observer
                0x0000000000016255                coap_remove_observer_by_client
                0x00000000000162cb                coap_remove_observer_by_token
                0x0000000000016379                coap_remove_observer_by_uri
                0x0000000000016436                coap_remove_observer_by_mid
                0x00000000000164c0                coap_notify_observers
                0x00000000000164e4                coap_notify_observers_sub
                0x0000000000016996                coap_observe_handler
                0x0000000000016aea                coap_has_observers
 .text          0x0000000000016b61      0x376 build/cooja/contiki-ng-cooja.a(coap-res-well-known-core.o)
 .text          0x0000000000016ed7      0x322 build/cooja/contiki-ng-cooja.a(coap-timer.o)
                0x0000000000016fe9                coap_timer_stop
                0x000000000001701f                coap_timer_set
                0x0000000000017056                coap_timer_reset
                0x0000000000017090                coap_timer_time_to_next_expiration
                0x00000000000170e9                coap_timer_run
                0x00000000000171b0                coap_timer_init
 .text          0x00000000000171f9      0x33a build/cooja/contiki-ng-cooja.a(coap-transactions.o)
                0x000000000001728b                coap_new_transaction
                0x0000000000017302                coap_send_transaction
                0x0000000000017481                coap_clear_transaction
                0x00000000000174d7                coap_get_transaction_by_mid
 .text          0x0000000000017533      0x8b4 build/cooja/contiki-ng-cooja.a(coap-uip.o)
                0x0000000000017533                coap_endpoint_log
                0x00000000000175cf                coap_endpoint_print
                0x000000000001766b                coap_endpoint_snprint
                0x00000000000177f1                coap_endpoint_copy
                0x0000000000017839                coap_endpoint_cmp
                0x000000000001798e                coap_endpoint_parse
                0x0000000000017bbd                coap_endpoint_is_secure
                0x0000000000017bd6                coap_endpoint_is_connected
                0x0000000000017c1c                coap_endpoint_connect
                0x0000000000017c42                coap_endpoint_disconnect
                0x0000000000017c51                coap_databuf
                0x0000000000017c65                coap_transport_init
                0x0000000000017cc5                coap_sendto
 .text          0x0000000000017de7     0x24a7 build/cooja/contiki-ng-cooja.a(coap.o)
                0x00000000000184bf                coap_init_connection
                0x00000000000184d6                coap_get_mid
                0x00000000000184f8                coap_init_message
                0x000000000001854e                coap_serialize_message
                0x0000000000018cd7                coap_parse_message
                0x000000000001950b                coap_get_query_variable
                0x0000000000019567                coap_get_post_variable
                0x00000000000195c1                coap_set_status_code
                0x00000000000195f3                coap_set_token
                0x0000000000019653                coap_get_header_content_format
                0x000000000001969b                coap_set_header_content_format
                0x00000000000196d3                coap_get_header_accept
                0x000000000001971e                coap_set_header_accept
                0x0000000000019759                coap_get_header_max_age
                0x00000000000197a2                coap_set_header_max_age
                0x00000000000197d7                coap_get_header_etag
                0x0000000000019823                coap_set_header_etag
                0x0000000000019894                coap_get_header_if_match
                0x00000000000198e6                coap_set_header_if_match
                0x0000000000019963                coap_get_header_if_none_match
                0x000000000001998e                coap_set_header_if_none_match
                0x00000000000199b6                coap_get_header_proxy_uri
                0x00000000000199ff                coap_set_header_proxy_uri
                0x0000000000019a4e                coap_get_header_uri_host
                0x0000000000019a97                coap_set_header_uri_host
                0x0000000000019ae6                coap_get_header_uri_path
                0x0000000000019b35                coap_set_header_uri_path
                0x0000000000019b9f                coap_get_header_uri_query
                0x0000000000019bee                coap_set_header_uri_query
                0x0000000000019c58                coap_get_header_location_path
                0x0000000000019ca1                coap_set_header_location_path
                0x0000000000019d57                coap_get_header_location_query
                0x0000000000019da6                coap_set_header_location_query
                0x0000000000019e10                coap_get_header_observe
                0x0000000000019e59                coap_set_header_observe
                0x0000000000019e91                coap_get_header_block2
                0x0000000000019f33                coap_set_header_block2
                0x0000000000019fc3                coap_get_header_block1
                0x000000000001a065                coap_set_header_block1
                0x000000000001a0f0                coap_get_header_size2
                0x000000000001a137                coap_set_header_size2
                0x000000000001a16f                coap_get_header_size1
                0x000000000001a1b6                coap_set_header_size1
                0x000000000001a1ee                coap_get_payload
                0x000000000001a23e                coap_set_payload
 .text          0x000000000001a28e      0x405 build/cooja/contiki-ng-cooja.a(contiki-main.o)
                0x000000000001a28e                main
 .text          0x000000000001a693       0xbd build/cooja/contiki-ng-cooja.a(autostart.o)
                0x000000000001a693                autostart_start
                0x000000000001a6f4                autostart_exit
 .text          0x000000000001a750      0x441 build/cooja/contiki-ng-cooja.a(ctimer.o)
                0x000000000001a8b2                ctimer_init
                0x000000000001a8e7                ctimer_set
                0x000000000001a92b                ctimer_set_with_process
                0x000000000001a9e5                ctimer_reset
                0x000000000001aa56                ctimer_restart
                0x000000000001aac7                ctimer_stop
                0x000000000001ab25                ctimer_expired
 .text          0x000000000001ab91       0x25 build/cooja/contiki-ng-cooja.a(energest.o)
                0x000000000001ab91                energest_init
                0x000000000001ab9c                energest_flush
                0x000000000001aba7                energest_get_total_time
 .text          0x000000000001abb6      0x57c build/cooja/contiki-ng-cooja.a(etimer.o)
                0x000000000001ae5e                etimer_request_poll
                0x000000000001af10                etimer_set
                0x000000000001af46                etimer_reset_with_new_interval
                0x000000000001af81                etimer_reset
                0x000000000001afac                etimer_restart
                0x000000000001afd7                etimer_adjust
                0x000000000001b008                etimer_expired
                0x000000000001b027                etimer_expiration_time
                0x000000000001b047                etimer_start_time
                0x000000000001b05c                etimer_pending
                0x000000000001b076                etimer_next_expiration_time
                0x000000000001b097                etimer_stop
 .text          0x000000000001b132      0x539 build/cooja/contiki-ng-cooja.a(log.o)
                0x000000000001b132                log_6addr
                0x000000000001b198                log_6addr_compact_snprint
                0x000000000001b273                log_6addr_compact
                0x000000000001b2d9                log_lladdr
                0x000000000001b359                log_lladdr_compact
                0x000000000001b3db                log_bytes
                0x000000000001b43b                log_set_level
                0x000000000001b549                log_get_level
                0x000000000001b600                log_level_to_str
 .text          0x000000000001b66b       0x36 build/cooja/contiki-ng-cooja.a(node-id.o)
                0x000000000001b66b                node_id_init
 .text          0x000000000001b6a1      0x673 build/cooja/contiki-ng-cooja.a(process.o)
                0x000000000001b6a1                process_alloc_event
                0x000000000001b6bb                process_start
                0x000000000001b92b                process_exit
                0x000000000001b957                process_init
                0x000000000001bb4e                process_run
                0x000000000001bb83                process_nevents
                0x000000000001bba3                process_post
                0x000000000001bc6b                process_post_synch
                0x000000000001bcb9                process_poll
                0x000000000001bcf6                process_is_running
 .text          0x000000000001bd14      0x101 build/cooja/contiki-ng-cooja.a(rtimer.o)
                0x000000000001bd14                rtimer_init
                0x000000000001bd24                rtimer_set
                0x000000000001bda5                rtimer_run_next
 .text          0x000000000001be15       0xfd build/cooja/contiki-ng-cooja.a(timer.o)
                0x000000000001be15                timer_set
                0x000000000001be44                timer_reset
                0x000000000001be80                timer_restart
                0x000000000001be9f                timer_expired
                0x000000000001beda                timer_remaining
 .text          0x000000000001bf12      0x39b build/cooja/contiki-ng-cooja.a(list.o)
                0x000000000001bf12                list_init
                0x000000000001bf2c                list_head
                0x000000000001bf41                list_copy
                0x000000000001bf62                list_tail
                0x000000000001bfab                list_add
                0x000000000001c00f                list_push
                0x000000000001c052                list_chop
                0x000000000001c0df                list_pop
                0x000000000001c119                list_remove
                0x000000000001c1a5                list_length
                0x000000000001c1e0                list_insert
                0x000000000001c243                list_item_next
                0x000000000001c266                list_contains
 .text          0x000000000001c2ad      0x21a build/cooja/contiki-ng-cooja.a(memb.o)
                0x000000000001c2ad                memb_init
                0x000000000001c310                memb_alloc
                0x000000000001c38a                memb_free
                0x000000000001c41d                memb_inmemb
                0x000000000001c474                memb_numfree
 .text          0x000000000001c4c7      0x574 build/cooja/contiki-ng-cooja.a(button-hal.o)
                0x000000000001c692                button_hal_get_by_id
                0x000000000001c6e0                button_hal_get_by_index
                0x000000000001c717                button_hal_get_state
                0x000000000001c77a                button_hal_init
 .text          0x000000000001ca3b      0x181 build/cooja/contiki-ng-cooja.a(gpio-hal.o)
                0x000000000001ca3b                gpio_hal_register_handler
                0x000000000001ca64                gpio_hal_event_handler
                0x000000000001cacf                gpio_hal_init
                0x000000000001caee                gpio_hal_arch_port_toggle_pin
                0x000000000001cb25                gpio_hal_arch_port_toggle_pins
                0x000000000001cb56                gpio_hal_arch_no_port_toggle_pin
                0x000000000001cb90                gpio_hal_arch_no_port_toggle_pins
 .text          0x000000000001cbbc      0x238 build/cooja/contiki-ng-cooja.a(serial-line.o)
                0x000000000001cbbc                serial_line_input_byte
                0x000000000001cdb7                serial_line_init
 .text          0x000000000001cdf4       0x80 build/cooja/contiki-ng-cooja.a(linkaddr.o)
                0x000000000001cdf4                linkaddr_copy
                0x000000000001ce15                linkaddr_cmp
                0x000000000001ce4b                linkaddr_set_node_addr
 .text          0x000000000001ce74      0x12b build/cooja/contiki-ng-cooja.a(netstack.o)
                0x000000000001ce74                netstack_process_ip_callback
                0x000000000001cf15                netstack_ip_packet_processor_add
                0x000000000001cf45                uip_ds6_ip_packet_processor_rm
                0x000000000001cf6e                netstack_init
 .text          0x000000000001cf9f      0x4a8 build/cooja/contiki-ng-cooja.a(packetbuf.o)
                0x000000000001cf9f                packetbuf_clear
                0x000000000001cfcd                packetbuf_copyfrom
                0x000000000001d026                packetbuf_copyto
                0x000000000001d0cc                packetbuf_hdralloc
                0x000000000001d15b                packetbuf_hdrreduce
                0x000000000001d1ab                packetbuf_set_datalen
                0x000000000001d1c7                packetbuf_dataptr
                0x000000000001d1ec                packetbuf_hdrptr
                0x000000000001d1fd                packetbuf_datalen
                0x000000000001d20e                packetbuf_hdrlen
                0x000000000001d22a                packetbuf_totlen
                0x000000000001d24c                packetbuf_remaininglen
                0x000000000001d264                packetbuf_attr_clear
                0x000000000001d2c9                packetbuf_attr_copyto
                0x000000000001d314                packetbuf_attr_copyfrom
                0x000000000001d35f                packetbuf_set_attr
                0x000000000001d38f                packetbuf_attr
                0x000000000001d3b0                packetbuf_set_addr
                0x000000000001d3f6                packetbuf_addr
                0x000000000001d420                packetbuf_holds_broadcast
 .text          0x000000000001d447      0x382 build/cooja/contiki-ng-cooja.a(queuebuf.o)
                0x000000000001d45c                queuebuf_init
                0x000000000001d485                queuebuf_numfree
                0x000000000001d49e                queuebuf_new_from_packetbuf
                0x000000000001d551                queuebuf_update_attr_from_packetbuf
                0x000000000001d594                queuebuf_update_from_packetbuf
                0x000000000001d5f0                queuebuf_free
                0x000000000001d64c                queuebuf_to_packetbuf
                0x000000000001d6c5                queuebuf_dataptr
                0x000000000001d70c                queuebuf_datalen
                0x000000000001d73c                queuebuf_addr
                0x000000000001d783                queuebuf_attr
                0x000000000001d7be                queuebuf_debug_print
 .text          0x000000000001d7c9      0x116 build/cooja/contiki-ng-cooja.a(printf.o)
                0x000000000001d7fe                log_printf
 .text          0x000000000001d8df       0x1e build/cooja/contiki-ng-cooja.a(putchar.o)
                0x000000000001d8df                log_putchar
 .text          0x000000000001d8fd       0x3d build/cooja/contiki-ng-cooja.a(puts.o)
                0x000000000001d8fd                log_puts
 .text          0x000000000001d93a      0x1f8 build/cooja/contiki-ng-cooja.a(snprintf.o)
                0x000000000001d9c5                log_snprintf
                0x000000000001daaa                log_vsnprintf
 .text          0x000000000001db32     0x170b build/cooja/contiki-ng-cooja.a(strformat.o)
                0x000000000001dea5                format_str
                0x000000000001df86                format_str_v
 .text          0x000000000001f23d      0x292 build/cooja/contiki-ng-cooja.a(csma.o)
 .text          0x000000000001f4cf     0x3747 build/cooja/contiki-ng-cooja.a(sicslowpan.o)
                0x000000000001fca5                netstack_sniffer_add
                0x000000000001fcbf                netstack_sniffer_remove
                0x0000000000022bdf                sicslowpan_init
                0x0000000000022c06                sicslowpan_get_last_rssi
 .text          0x0000000000022c16      0x884 build/cooja/contiki-ng-cooja.a(tcpip.o)
                0x0000000000022c46                tcpip_output
                0x0000000000022cde                udp_attach
                0x0000000000022d0c                udp_new
                0x0000000000022d67                udp_broadcast_new
                0x0000000000022f1b                tcpip_input
                0x00000000000230f3                tcpip_ipv6_output
                0x000000000002334c                tcpip_poll_udp
                0x000000000002337a                tcpip_uipcall
 .text          0x000000000002349a      0x416 build/cooja/contiki-ng-cooja.a(uip-ds6-nbr.o)
                0x000000000002349a                uip_ds6_neighbors_init
                0x00000000000234c3                uip_ds6_nbr_add
                0x0000000000023561                uip_ds6_nbr_rm
                0x00000000000235be                uip_ds6_nbr_update_ll
                0x00000000000236c3                uip_ds6_nbr_get_ipaddr
                0x00000000000236e3                uip_ds6_nbr_get_ll
                0x000000000002370b                uip_ds6_nbr_num
                0x000000000002375d                uip_ds6_nbr_head
                0x0000000000023776                uip_ds6_nbr_next
                0x000000000002379e                uip_ds6_nbr_lookup
                0x0000000000023807                uip_ds6_nbr_ll_lookup
                0x000000000002382f                uip_ds6_nbr_ipaddr_from_lladdr
                0x0000000000023863                uip_ds6_nbr_lladdr_from_ipaddr
                0x000000000002389f                uip_ds6_link_callback
 .text          0x00000000000238b0      0x3f9 build/cooja/contiki-ng-cooja.a(uip-ds6-route.o)
                0x0000000000023907                uip_ds6_route_init
                0x0000000000023930                uip_ds6_route_count_nexthop_neighbors
                0x000000000002393f                uip_ds6_route_nexthop
                0x0000000000023952                uip_ds6_route_head
                0x0000000000023961                uip_ds6_route_next
                0x0000000000023974                uip_ds6_route_is_nexthop
                0x0000000000023987                uip_ds6_route_num_routes
                0x0000000000023996                uip_ds6_route_lookup
                0x00000000000239a9                uip_ds6_route_add
                0x00000000000239c5                uip_ds6_route_rm
                0x00000000000239d4                uip_ds6_route_rm_by_nexthop
                0x00000000000239e3                uip_ds6_defrt_head
                0x00000000000239fc                uip_ds6_defrt_add
                0x0000000000023abc                uip_ds6_defrt_rm
                0x0000000000023b32                uip_ds6_defrt_lookup
                0x0000000000023ba9                uip_ds6_defrt_choose
                0x0000000000023c2c                uip_ds6_defrt_periodic
 .text          0x0000000000023ca9      0xebc build/cooja/contiki-ng-cooja.a(uip-ds6.o)
                0x0000000000023ca9                uip_ds6_default_prefix
                0x0000000000023cba                uip_ds6_set_default_prefix
                0x0000000000023ce2                uip_ds6_init
                0x0000000000023f81                uip_ds6_periodic
                0x0000000000024023                uip_ds6_list_loop
                0x000000000002410c                uip_ds6_prefix_add
                0x00000000000241dd                uip_ds6_prefix_rm
                0x00000000000241fb                uip_ds6_prefix_lookup
                0x0000000000024252                uip_ds6_is_addr_onlink
                0x00000000000242e6                uip_ds6_addr_add
                0x0000000000024431                uip_ds6_addr_rm
                0x00000000000244ec                uip_ds6_addr_lookup
                0x0000000000024541                uip_ds6_get_link_local
                0x00000000000245e6                uip_ds6_get_global
                0x000000000002468b                uip_ds6_maddr_add
                0x0000000000024707                uip_ds6_maddr_rm
                0x0000000000024725                uip_ds6_maddr_lookup
                0x000000000002477d                uip_ds6_aaddr_add
                0x00000000000247f9                uip_ds6_aaddr_rm
                0x0000000000024817                uip_ds6_aaddr_lookup
                0x000000000002486f                uip_ds6_select_src
                0x00000000000249f9                uip_ds6_set_addr_iid
                0x0000000000024a32                uip_ds6_set_lladdr_from_iid
                0x0000000000024a69                get_match_length
                0x0000000000024b17                uip_ds6_compute_reachable_time
 .text          0x0000000000024b65      0x1b9 build/cooja/contiki-ng-cooja.a(uip-packetqueue.o)
                0x0000000000024ba4                uip_packetqueue_new
                0x0000000000024bbe                uip_packetqueue_alloc
                0x0000000000024c38                uip_packetqueue_free
                0x0000000000024c90                uip_packetqueue_buf
                0x0000000000024cbc                uip_packetqueue_buflen
                0x0000000000024ceb                uip_packetqueue_set_buflen
 .text          0x0000000000024d1e      0x147 build/cooja/contiki-ng-cooja.a(uip-udp-packet.o)
                0x0000000000024d1e                uip_udp_packet_send
                0x0000000000024da0                uip_udp_packet_sendto
 .text          0x0000000000024e65     0x1701 build/cooja/contiki-ng-cooja.a(uip6.o)
                0x0000000000024f29                uip_chksum
                0x000000000002500f                uip_icmp6chksum
                0x0000000000025023                uip_udpchksum
                0x0000000000025037                uip_init
                0x000000000002509e                uip_remove_ext_hdr
                0x000000000002519f                uip_udp_new
                0x000000000002554d                uip_process
                0x00000000000263ec                uip_htons
                0x000000000002640f                uip_htonl
                0x0000000000026457                uip_send
 .text          0x0000000000026566      0x5b1 build/cooja/contiki-ng-cooja.a(uipbuf.o)
                0x0000000000026566                uipbuf_clear
                0x0000000000026598                uipbuf_add_ext_hdr
                0x0000000000026630                uipbuf_set_len
                0x0000000000026662                uipbuf_set_len_field
                0x0000000000026695                uipbuf_get_len_field
                0x00000000000266c0                uipbuf_get_next_header
                0x0000000000026832                uipbuf_get_last_header
                0x00000000000268c5                uipbuf_search_header
                0x000000000002698c                uipbuf_get_attr
                0x00000000000269bd                uipbuf_set_attr
                0x00000000000269fd                uipbuf_set_default_attr
                0x0000000000026a3d                uipbuf_clear_attr
                0x0000000000026a64                uipbuf_set_attr_flag
                0x0000000000026a87                uipbuf_clr_attr_flag
                0x0000000000026ab0                uipbuf_is_attr_flag
                0x0000000000026ad5                uipbuf_init
 .text          0x0000000000026b17      0x57d build/cooja/contiki-ng-cooja.a(uiplib.o)
                0x0000000000026b17                uiplib_ip6addrconv
                0x0000000000026cf3                uiplib_ip4addrconv
                0x0000000000026dc5                uiplib_ipaddr_print
                0x0000000000026e2b                uiplib_ipaddr_snprint
 .text          0x0000000000027094      0x66e build/cooja/contiki-ng-cooja.a(rpl.o)
                0x0000000000027094                rpl_lollipop_greater_than
                0x00000000000270f8                rpl_get_global_address
                0x0000000000027298                rpl_link_callback
                0x0000000000027302                rpl_has_joined
                0x0000000000027335                rpl_is_reachable
                0x00000000000273db                rpl_reset_prefix
                0x0000000000027452                rpl_set_prefix_from_addr
                0x000000000002756d                rpl_set_prefix
                0x00000000000276d7                rpl_set_leaf_only
                0x00000000000276f1                rpl_get_leaf_only
 .text          0x0000000000027702       0x49 build/cooja/contiki-ng-cooja.a(watchdog.o)
                0x0000000000027702                watchdog_init
                0x000000000002770d                watchdog_start
                0x0000000000027718                watchdog_periodic
                0x0000000000027735                watchdog_stop
                0x0000000000027740                watchdog_reboot
 .text          0x000000000002774b       0x61 build/cooja/contiki-ng-cooja.a(int-master.o)
                0x000000000002774b                int_master_enable
                0x0000000000027760                int_master_read_and_disable
                0x0000000000027780                int_master_status_set
                0x0000000000027797                int_master_is_enabled
 .text          0x00000000000277ac      0x1e5 build/cooja/contiki-ng-cooja.a(coap-timer-default.o)
 .text          0x0000000000027991      0x125 build/cooja/contiki-ng-cooja.a(stimer.o)
                0x0000000000027991                stimer_set
                0x00000000000279c0                stimer_reset
                0x00000000000279fc                stimer_restart
                0x0000000000027a1b                stimer_expired
                0x0000000000027a5d                stimer_remaining
                0x0000000000027a95                stimer_elapsed
 .text          0x0000000000027ab6      0x19d build/cooja/contiki-ng-cooja.a(ringbuf.o)
                0x0000000000027ab6                ringbuf_init
                0x0000000000027af7                ringbuf_put
                0x0000000000027b86                ringbuf_get
                0x0000000000027c04                ringbuf_size
                0x0000000000027c20                ringbuf_elements
 .text          0x0000000000027c53      0x481 build/cooja/contiki-ng-cooja.a(link-stats.o)
                0x0000000000027c53                link_stats_from_lladdr
                0x0000000000027c7b                link_stats_get_lladdr
                0x0000000000027ca3                link_stats_is_fresh
                0x0000000000027ceb                guess_etx_from_rssi
                0x0000000000027d70                link_stats_packet_sent
                0x0000000000027ed4                link_stats_input_callback
                0x0000000000028036                link_stats_reset
                0x0000000000028092                link_stats_init
 .text          0x00000000000280d4      0xcb3 build/cooja/contiki-ng-cooja.a(nbr-table.o)
                0x0000000000028532                nbr_table_count_entries
                0x00000000000285d4                nbr_table_gc_get_worst
                0x0000000000028617                nbr_table_can_accept_new
                0x00000000000287cc                nbr_table_entry_is_allowed
                0x0000000000028879                nbr_table_register
                0x000000000002890b                nbr_table_is_registered
                0x0000000000028962                nbr_table_head
                0x00000000000289d0                nbr_table_next
                0x0000000000028a4d                nbr_table_add_lladdr
                0x0000000000028bad                nbr_table_get_from_lladdr
                0x0000000000028c0c                nbr_table_remove
                0x0000000000028c66                nbr_table_lock
                0x0000000000028c9b                nbr_table_unlock
                0x0000000000028cd0                nbr_table_get_lladdr
                0x0000000000028d13                nbr_table_clear
                0x0000000000028d50                nbr_table_key_head
                0x0000000000028d69                nbr_table_key_next
 .text          0x0000000000028d87      0x1e0 build/cooja/contiki-ng-cooja.a(mac-sequence.o)
                0x0000000000028d87                mac_sequence_is_duplicate
                0x0000000000028e68                mac_sequence_register_seqno
 .text          0x0000000000028f67      0x451 build/cooja/contiki-ng-cooja.a(framer-802154.o)
                0x0000000000029102                framer_802154_setup_params
 .text          0x00000000000293b8      0xae3 build/cooja/contiki-ng-cooja.a(csma-output.o)
                0x0000000000029b9a                csma_output_packet
                0x0000000000029e63                csma_output_init
 .text          0x0000000000029e9b       0x3d build/cooja/contiki-ng-cooja.a(csma-security.o)
                0x0000000000029e9b                csma_security_create_frame
                0x0000000000029ec1                csma_security_parse_frame
 .text          0x0000000000029ed8      0x8b7 build/cooja/contiki-ng-cooja.a(uip-icmp6.o)
                0x0000000000029f55                uip_icmp6_input
                0x0000000000029fb3                uip_icmp6_register_input_handler
                0x000000000002a145                uip_icmp6_error_output
                0x000000000002a4aa                uip_icmp6_send
                0x000000000002a6f6                uip_icmp6_echo_reply_callback_add
                0x000000000002a73d                uip_icmp6_echo_reply_callback_rm
                0x000000000002a766                uip_icmp6_init
 .text          0x000000000002a78f      0x87f build/cooja/contiki-ng-cooja.a(uip-nd6.o)
                0x000000000002aff4                uip_nd6_init
 .text          0x000000000002b00e      0x7e7 build/cooja/contiki-ng-cooja.a(uip-sr.o)
                0x000000000002b00e                uip_sr_num_nodes
                0x000000000002b0b9                uip_sr_get_node
                0x000000000002b121                uip_sr_is_addr_reachable
                0x000000000002b1e9                uip_sr_expire_parent
                0x000000000002b258                uip_sr_update_node
                0x000000000002b3cc                uip_sr_init
                0x000000000002b3ff                uip_sr_node_head
                0x000000000002b418                uip_sr_node_next
                0x000000000002b436                uip_sr_periodic
                0x000000000002b572                uip_sr_free_all
                0x000000000002b5f1                uip_sr_link_snprint
 .text          0x000000000002b7f5      0x35a build/cooja/contiki-ng-cooja.a(rpl-dag-root.o)
                0x000000000002b7f5                rpl_dag_root_print_links
                0x000000000002b96a                rpl_dag_root_set_prefix
                0x000000000002b9a6                rpl_dag_root_start
                0x000000000002bb0f                rpl_dag_root_is_root
 .text          0x000000000002bb4f     0x1219 build/cooja/contiki-ng-cooja.a(rpl-dag.o)
                0x000000000002bb4f                rpl_dag_state_to_str
                0x000000000002bbad                rpl_dag_get_root_ipaddr
                0x000000000002bbf7                rpl_dag_leave
                0x000000000002bca2                rpl_dag_poison_and_leave
                0x000000000002bcc0                rpl_dag_periodic
                0x000000000002bd84                rpl_is_addr_in_our_dag
                0x000000000002bde0                rpl_get_default_instance
                0x000000000002be07                rpl_get_any_dag
                0x000000000002be74                rpl_refresh_routes
                0x000000000002bed6                rpl_global_repair
                0x000000000002bf98                rpl_local_repair
                0x000000000002bffa                rpl_dag_ready_to_advertise
                0x000000000002c052                rpl_dag_update_state
                0x000000000002c915                rpl_process_dio
                0x000000000002c9b7                rpl_process_dis
                0x000000000002ca0b                rpl_process_dao
                0x000000000002cab4                rpl_process_dao_ack
                0x000000000002cb64                rpl_process_hbh
                0x000000000002cbc3                rpl_dag_init_root
                0x000000000002cd44                rpl_dag_init
 .text          0x000000000002cd68      0xdef build/cooja/contiki-ng-cooja.a(rpl-ext-header.o)
                0x000000000002cd68                rpl_ext_header_srh_get_next_hop
                0x000000000002ce79                rpl_ext_header_srh_update
                0x000000000002d508                rpl_ext_header_hbh_update
                0x000000000002d8a8                rpl_ext_header_update
                0x000000000002d952                rpl_ext_header_remove
 .text          0x000000000002db57     0x16eb build/cooja/contiki-ng-cooja.a(rpl-icmp6.o)
                0x000000000002dceb                rpl_icmp6_update_nbr_table
                0x000000000002dda0                rpl_icmp6_dis_output
                0x000000000002e4c4                rpl_icmp6_dio_output
                0x000000000002edf4                rpl_icmp6_dao_output
                0x000000000002f165                rpl_icmp6_dao_ack_output
                0x000000000002f1fb                rpl_icmp6_init
 .text          0x000000000002f242      0x36f build/cooja/contiki-ng-cooja.a(rpl-mrhof.o)
 .text          0x000000000002f5b1       0x8c build/cooja/contiki-ng-cooja.a(rpl-nbr-policy.o)
                0x000000000002f5f9                rpl_nbr_gc_get_worst
 .text          0x000000000002f63d      0xadd build/cooja/contiki-ng-cooja.a(rpl-neighbor.o)
                0x000000000002f6d0                rpl_neighbor_snprint
                0x000000000002f9fe                rpl_neighbor_print_list
                0x000000000002fad5                rpl_neighbor_count
                0x000000000002fbc0                rpl_neighbor_get_from_lladdr
                0x000000000002fbeb                rpl_neighbor_is_acceptable_parent
                0x000000000002fc37                rpl_neighbor_get_link_metric
                0x000000000002fc83                rpl_neighbor_rank_via_nbr
                0x000000000002fccf                rpl_neighbor_get_lladdr
                0x000000000002fcfa                rpl_neighbor_get_ipaddr
                0x000000000002fd28                rpl_neighbor_get_link_stats
                0x000000000002fd56                rpl_neighbor_is_fresh
                0x000000000002fd84                rpl_neighbor_is_parent
                0x000000000002fdbd                rpl_neighbor_set_preferred_parent
                0x000000000002fe74                rpl_neighbor_remove_all
                0x000000000002feda                rpl_neighbor_get_from_ipaddr
                0x0000000000030013                rpl_neighbor_select_best
                0x00000000000300f3                rpl_neighbor_init
 .text          0x000000000003011a      0xd3d build/cooja/contiki-ng-cooja.a(rpl-timers.o)
                0x000000000003011a                rpl_timers_schedule_periodic_dis
                0x00000000000302d0                rpl_timers_dio_reset
                0x0000000000030454                rpl_timers_schedule_unicast_dio
                0x000000000003063b                rpl_timers_schedule_dao
                0x0000000000030741                rpl_timers_schedule_dao_ack
                0x0000000000030806                rpl_timers_notify_dao_ack
                0x000000000003087b                get_probing_delay
                0x00000000000308c2                get_probing_target
                0x0000000000030b00                rpl_schedule_probing
                0x0000000000030b47                rpl_schedule_probing_now
                0x0000000000030bd5                rpl_timers_unschedule_leaving
                0x0000000000030c1f                rpl_timers_schedule_leaving
                0x0000000000030c7d                rpl_timers_init
                0x0000000000030d2f                rpl_timers_stop_dag_timers
                0x0000000000030dd1                rpl_timers_unschedule_state_update
                0x0000000000030dfe                rpl_timers_schedule_state_update
 .text          0x0000000000030e57       0x34 build/cooja/contiki-ng-cooja.a(assert.o)
                0x0000000000030e57                _xassert
 .text          0x0000000000030e8b       0x3a build/cooja/contiki-ng-cooja.a(mac.o)
                0x0000000000030e8b                mac_call_sent_callback
 .text          0x0000000000030ec5      0xca9 build/cooja/contiki-ng-cooja.a(frame802154.o)
                0x0000000000030ef3                frame802154_get_pan_id
                0x0000000000030f04                frame802154_set_pan_id
                0x0000000000030f20                frame802154_has_panid
                0x00000000000310ff                frame802154_check_dest_panid
                0x000000000003119d                frame802154_is_broadcast_addr
                0x00000000000311f4                frame802154_extract_linkaddr
                0x000000000003148e                frame802154_hdrlen
                0x000000000003150d                frame802154_create_fcf
                0x00000000000315df                frame802154_create
                0x0000000000031789                frame802154_parse_fcf
                0x0000000000031880                frame802154_parse
 .text          0x0000000000031b6e        0x0 /usr/lib/gcc/x86_64-linux-gnu/11/crtendS.o
 .text          0x0000000000031b6e        0x0 /usr/lib/gcc/x86_64-linux-gnu/11/../../../x86_64-linux-gnu/crtn.o
 *(.gnu.warning)

.fini           0x0000000000031b70        0xd
 *(SORT_NONE(.fini))
 .fini          0x0000000000031b70        0x8 /usr/lib/gcc/x86_64-linux-gnu/11/../../../x86_64-linux-gnu/crti.o
                0x0000000000031b70                _fini
 .fini          0x0000000000031b78        0x5 /usr/lib/gcc/x86_64-linux-gnu/11/../../../x86_64-linux-gnu/crtn.o
                [!provide]                        PROVIDE (__etext = .)
                [!provide]                        PROVIDE (_etext = .)
                [!provide]                        PROVIDE (etext = .)
                0x0000000000032000                . = ALIGN (CONSTANT (MAXPAGESIZE))
                0x0000000000032000                . = SEGMENT_START ("rodata-segment", (ALIGN (CONSTANT (MAXPAGESIZE)) + (. & (CONSTANT (MAXPAGESIZE) - 0x1))))

.rodata         0x0000000000032000      0xc2d
 *(.rodata .rodata.* .gnu.linkonce.r.*)
 .rodata        0x0000000000032000      0x15c barrier.o
 .rodata        0x000000000003215c        0x6 build/cooja/contiki-ng-cooja.a(leds-arch.o)
                0x000000000003215c                leds_arch_leds
 .rodata        0x0000000000032162        0x4 build/cooja/contiki-ng-cooja.a(pir-sensor.o)
 .rodata        0x0000000000032166        0x3 build/cooja/contiki-ng-cooja.a(rs232.o)
 .rodata        0x0000000000032169        0xa build/cooja/contiki-ng-cooja.a(vib-sensor.o)
 *fill*         0x0000000000032173        0x5 
 .rodata        0x0000000000032178       0x26 build/cooja/contiki-ng-cooja.a(cfs-cooja.o)
 *fill*         0x000000000003219e        0x2 
 .rodata        0x00000000000321a0       0x68 build/cooja/contiki-ng-cooja.a(cooja-radio.o)
 .rodata        0x0000000000032208        0x8 build/cooja/contiki-ng-cooja.a(sensors.o)
 .rodata        0x0000000000032210       0x14 build/cooja/contiki-ng-cooja.a(buttons.o)
                0x000000000003221c                button_hal_button_count
 .rodata        0x0000000000032224       0x96 build/cooja/contiki-ng-cooja.a(res_barrier.o)
 .rodata        0x00000000000322ba       0x41 build/cooja/contiki-ng-cooja.a(coap-engine.o)
 .rodata        0x00000000000322fb       0x11 build/cooja/contiki-ng-cooja.a(coap-observe.o)
 .rodata        0x000000000003230c       0x19 build/cooja/contiki-ng-cooja.a(coap-res-well-known-core.o)
 .rodata        0x0000000000032325       0x35 build/cooja/contiki-ng-cooja.a(coap-uip.o)
 *fill*         0x000000000003235a        0x6 
 .rodata        0x0000000000032360      0x1b0 build/cooja/contiki-ng-cooja.a(coap.o)
 .rodata        0x0000000000032510       0xec build/cooja/contiki-ng-cooja.a(contiki-main.o)
 .rodata        0x00000000000325fc        0xf build/cooja/contiki-ng-cooja.a(ctimer.o)
 .rodata        0x000000000003260b        0xc build/cooja/contiki-ng-cooja.a(etimer.o)
 *fill*         0x0000000000032617        0x1 
 .rodata        0x0000000000032618       0xc0 build/cooja/contiki-ng-cooja.a(log.o)
 .rodata        0x00000000000326d8       0x13 build/cooja/contiki-ng-cooja.a(button-hal.o)
 .rodata        0x00000000000326eb        0xe build/cooja/contiki-ng-cooja.a(serial-line.o)
 *fill*         0x00000000000326f9        0x7 
 .rodata        0x0000000000032700        0x8 build/cooja/contiki-ng-cooja.a(linkaddr.o)
                0x0000000000032700                linkaddr_null
 *fill*         0x0000000000032708        0x8 
 .rodata        0x0000000000032710      0x280 build/cooja/contiki-ng-cooja.a(strformat.o)
 .rodata        0x0000000000032990        0x5 build/cooja/contiki-ng-cooja.a(csma.o)
 .rodata        0x0000000000032995       0x1d build/cooja/contiki-ng-cooja.a(sicslowpan.o)
                0x0000000000032995                unc_llconf
                0x0000000000032999                unc_ctxconf
                0x000000000003299d                unc_mxconf
                0x00000000000329a1                llprefix
 .rodata        0x00000000000329b2        0xd build/cooja/contiki-ng-cooja.a(tcpip.o)
 *fill*         0x00000000000329bf        0x1 
 .rodata        0x00000000000329c0       0x4c build/cooja/contiki-ng-cooja.a(uip-ds6-route.o)
 .rodata        0x0000000000032a0c       0x2d build/cooja/contiki-ng-cooja.a(uiplib.o)
 .rodata        0x0000000000032a39        0x9 build/cooja/contiki-ng-cooja.a(rpl.o)
 .rodata        0x0000000000032a42       0x13 build/cooja/contiki-ng-cooja.a(coap-timer-default.o)
 *fill*         0x0000000000032a55        0x3 
 .rodata        0x0000000000032a58       0x27 build/cooja/contiki-ng-cooja.a(csma-output.o)
 .rodata        0x0000000000032a7f       0x44 build/cooja/contiki-ng-cooja.a(uip-sr.o)
 .rodata        0x0000000000032ac3       0xd7 build/cooja/contiki-ng-cooja.a(rpl-dag.o)
 *fill*         0x0000000000032b9a        0x6 
 .rodata        0x0000000000032ba0       0x58 build/cooja/contiki-ng-cooja.a(rpl-neighbor.o)
 .rodata        0x0000000000032bf8        0xc build/cooja/contiki-ng-cooja.a(rpl-timers.o)
 *fill*         0x0000000000032c04        0x4 
 .rodata        0x0000000000032c08       0x25 build/cooja/contiki-ng-cooja.a(assert.o)

.rodata1
 *(.rodata1)

.eh_frame_hdr   0x0000000000032c30     0x1abc
 *(.eh_frame_hdr)
 .eh_frame_hdr  0x0000000000032c30     0x1abc barrier.o
                0x0000000000032c30                __GNU_EH_FRAME_HDR
 *(.eh_frame_entry .eh_frame_entry.*)

.eh_frame       0x00000000000346f0     0x6b60
 *(.eh_frame)
 .eh_frame      0x00000000000346f0       0x40 /usr/lib/gcc/x86_64-linux-gnu/11/../../../x86_64-linux-gnu/crti.o
 .eh_frame      0x0000000000034730       0x18 /usr/lib/gcc/x86_64-linux-gnu/11/../../../x86_64-linux-gnu/crti.o
                                         0x30 (size before relaxing)
 .eh_frame      0x0000000000034748       0x18 /usr/lib/gcc/x86_64-linux-gnu/11/../../../x86_64-linux-gnu/crti.o
                                         0x30 (size before relaxing)
 .eh_frame      0x0000000000034760       0x60 barrier.o
                                         0x78 (size before relaxing)
 .eh_frame      0x00000000000347c0      0x198 build/cooja/mtype541007487.o
                                        0x1b0 (size before relaxing)
 .eh_frame      0x0000000000034958       0x40 build/cooja/contiki-ng-cooja.a(simEnvChange.o)
                                         0x58 (size before relaxing)
 .eh_frame      0x0000000000034998       0x60 build/cooja/contiki-ng-cooja.a(cooja_mt.o)
                                         0x78 (size before relaxing)
 .eh_frame      0x00000000000349f8       0x80 build/cooja/contiki-ng-cooja.a(cooja_mtarch.o)
                                         0x98 (size before relaxing)
 .eh_frame      0x0000000000034a78       0xc0 build/cooja/contiki-ng-cooja.a(rtimer-arch.o)
                                         0xd8 (size before relaxing)
 .eh_frame      0x0000000000034b38      0x160 build/cooja/contiki-ng-cooja.a(beep.o)
                                        0x178 (size before relaxing)
 .eh_frame      0x0000000000034c98       0x80 build/cooja/contiki-ng-cooja.a(leds-arch.o)
                                         0x98 (size before relaxing)
 .eh_frame      0x0000000000034d18       0x40 build/cooja/contiki-ng-cooja.a(moteid.o)
                                         0x58 (size before relaxing)
 .eh_frame      0x0000000000034d58       0xa0 build/cooja/contiki-ng-cooja.a(pir-sensor.o)
                                         0xb8 (size before relaxing)
 .eh_frame      0x0000000000034df8      0x100 build/cooja/contiki-ng-cooja.a(rs232.o)
                                        0x118 (size before relaxing)
 .eh_frame      0x0000000000034ef8       0xa0 build/cooja/contiki-ng-cooja.a(vib-sensor.o)
                                         0xb8 (size before relaxing)
 .eh_frame      0x0000000000034f98       0xc0 build/cooja/contiki-ng-cooja.a(clock.o)
                                         0xd8 (size before relaxing)
 .eh_frame      0x0000000000035058      0x100 build/cooja/contiki-ng-cooja.a(cooja-log.o)
                                        0x118 (size before relaxing)
 .eh_frame      0x0000000000035158      0x160 build/cooja/contiki-ng-cooja.a(cfs-cooja.o)
                                        0x178 (size before relaxing)
 .eh_frame      0x00000000000352b8      0x360 build/cooja/contiki-ng-cooja.a(cooja-radio.o)
                                        0x378 (size before relaxing)
 .eh_frame      0x0000000000035618       0xa0 build/cooja/contiki-ng-cooja.a(eeprom.o)
                                         0xb8 (size before relaxing)
 .eh_frame      0x00000000000356b8       0x40 build/cooja/contiki-ng-cooja.a(random.o)
                                         0x58 (size before relaxing)
 .eh_frame      0x00000000000356f8       0xc0 build/cooja/contiki-ng-cooja.a(sensors.o)
                                         0xd8 (size before relaxing)
 .eh_frame      0x00000000000357b8      0x120 build/cooja/contiki-ng-cooja.a(leds.o)
                                        0x138 (size before relaxing)
 .eh_frame      0x00000000000358d8      0x220 build/cooja/contiki-ng-cooja.a(gpio-hal-arch.o)
                                        0x238 (size before relaxing)
 .eh_frame      0x0000000000035af8       0xa0 build/cooja/contiki-ng-cooja.a(buttons.o)
                                         0xb8 (size before relaxing)
 .eh_frame      0x0000000000035b98       0x40 build/cooja/contiki-ng-cooja.a(res_barrier.o)
                                         0x58 (size before relaxing)
 .eh_frame      0x0000000000035bd8       0x40 build/cooja/contiki-ng-cooja.a(coap-blocking-api.o)
                                         0x58 (size before relaxing)
 .eh_frame      0x0000000000035c18      0x220 build/cooja/contiki-ng-cooja.a(coap-engine.o)
                                        0x238 (size before relaxing)
 .eh_frame      0x0000000000035e38      0x188 build/cooja/contiki-ng-cooja.a(coap-observe.o)
                                        0x1a0 (size before relaxing)
 .eh_frame      0x0000000000035fc0       0x20 build/cooja/contiki-ng-cooja.a(coap-res-well-known-core.o)
                                         0x38 (size before relaxing)
 .eh_frame      0x0000000000035fe0      0x108 build/cooja/contiki-ng-cooja.a(coap-timer.o)
                                        0x120 (size before relaxing)
 .eh_frame      0x00000000000360e8      0x100 build/cooja/contiki-ng-cooja.a(coap-transactions.o)
                                        0x118 (size before relaxing)
 .eh_frame      0x00000000000361e8      0x248 build/cooja/contiki-ng-cooja.a(coap-uip.o)
                                        0x260 (size before relaxing)
 .eh_frame      0x0000000000036430      0x6e8 build/cooja/contiki-ng-cooja.a(coap.o)
                                        0x700 (size before relaxing)
 .eh_frame      0x0000000000036b18       0x20 build/cooja/contiki-ng-cooja.a(contiki-main.o)
                                         0x38 (size before relaxing)
 .eh_frame      0x0000000000036b38       0x40 build/cooja/contiki-ng-cooja.a(autostart.o)
                                         0x58 (size before relaxing)
 .eh_frame      0x0000000000036b78      0x100 build/cooja/contiki-ng-cooja.a(ctimer.o)
                                        0x118 (size before relaxing)
 .eh_frame      0x0000000000036c78       0x60 build/cooja/contiki-ng-cooja.a(energest.o)
                                         0x78 (size before relaxing)
 .eh_frame      0x0000000000036cd8      0x1e0 build/cooja/contiki-ng-cooja.a(etimer.o)
                                        0x1f8 (size before relaxing)
 .eh_frame      0x0000000000036eb8      0x120 build/cooja/contiki-ng-cooja.a(log.o)
                                        0x138 (size before relaxing)
 .eh_frame      0x0000000000036fd8       0x20 build/cooja/contiki-ng-cooja.a(node-id.o)
                                         0x38 (size before relaxing)
 .eh_frame      0x0000000000036ff8      0x1c8 build/cooja/contiki-ng-cooja.a(process.o)
                                        0x1e0 (size before relaxing)
 .eh_frame      0x00000000000371c0       0x60 build/cooja/contiki-ng-cooja.a(rtimer.o)
                                         0x78 (size before relaxing)
 .eh_frame      0x0000000000037220       0xa0 build/cooja/contiki-ng-cooja.a(timer.o)
                                         0xb8 (size before relaxing)
 .eh_frame      0x00000000000372c0      0x1a0 build/cooja/contiki-ng-cooja.a(list.o)
                                        0x1b8 (size before relaxing)
 .eh_frame      0x0000000000037460       0xa0 build/cooja/contiki-ng-cooja.a(memb.o)
                                         0xb8 (size before relaxing)
 .eh_frame      0x0000000000037500      0x160 build/cooja/contiki-ng-cooja.a(button-hal.o)
                                        0x178 (size before relaxing)
 .eh_frame      0x0000000000037660       0xe0 build/cooja/contiki-ng-cooja.a(gpio-hal.o)
                                         0xf8 (size before relaxing)
 .eh_frame      0x0000000000037740       0x60 build/cooja/contiki-ng-cooja.a(serial-line.o)
                                         0x78 (size before relaxing)
 .eh_frame      0x00000000000377a0       0x60 build/cooja/contiki-ng-cooja.a(linkaddr.o)
                                         0x78 (size before relaxing)
 .eh_frame      0x0000000000037800       0x80 build/cooja/contiki-ng-cooja.a(netstack.o)
                                         0x98 (size before relaxing)
 .eh_frame      0x0000000000037880      0x288 build/cooja/contiki-ng-cooja.a(packetbuf.o)
                                        0x2a0 (size before relaxing)
 .eh_frame      0x0000000000037b08      0x1a0 build/cooja/contiki-ng-cooja.a(queuebuf.o)
                                        0x1b8 (size before relaxing)
 .eh_frame      0x0000000000037ca8       0x40 build/cooja/contiki-ng-cooja.a(printf.o)
                                         0x58 (size before relaxing)
 .eh_frame      0x0000000000037ce8       0x20 build/cooja/contiki-ng-cooja.a(putchar.o)
                                         0x38 (size before relaxing)
 .eh_frame      0x0000000000037d08       0x20 build/cooja/contiki-ng-cooja.a(puts.o)
                                         0x38 (size before relaxing)
 .eh_frame      0x0000000000037d28       0x60 build/cooja/contiki-ng-cooja.a(snprintf.o)
                                         0x78 (size before relaxing)
 .eh_frame      0x0000000000037d88      0x120 build/cooja/contiki-ng-cooja.a(strformat.o)
                                        0x138 (size before relaxing)
 .eh_frame      0x0000000000037ea8       0xe0 build/cooja/contiki-ng-cooja.a(csma.o)
                                         0xf8 (size before relaxing)
 .eh_frame      0x0000000000037f88      0x2e0 build/cooja/contiki-ng-cooja.a(sicslowpan.o)
                                        0x2f8 (size before relaxing)
 .eh_frame      0x0000000000038268      0x248 build/cooja/contiki-ng-cooja.a(tcpip.o)
                                        0x260 (size before relaxing)
 .eh_frame      0x00000000000384b0      0x1c0 build/cooja/contiki-ng-cooja.a(uip-ds6-nbr.o)
                                        0x1d8 (size before relaxing)
 .eh_frame      0x0000000000038670      0x240 build/cooja/contiki-ng-cooja.a(uip-ds6-route.o)
                                        0x258 (size before relaxing)
 .eh_frame      0x00000000000388b0      0x328 build/cooja/contiki-ng-cooja.a(uip-ds6.o)
                                        0x340 (size before relaxing)
 .eh_frame      0x0000000000038bd8       0xe0 build/cooja/contiki-ng-cooja.a(uip-packetqueue.o)
                                         0xf8 (size before relaxing)
 .eh_frame      0x0000000000038cb8       0x40 build/cooja/contiki-ng-cooja.a(uip-udp-packet.o)
                                         0x58 (size before relaxing)
 .eh_frame      0x0000000000038cf8      0x1e8 build/cooja/contiki-ng-cooja.a(uip6.o)
                                        0x200 (size before relaxing)
 .eh_frame      0x0000000000038ee0      0x200 build/cooja/contiki-ng-cooja.a(uipbuf.o)
                                        0x218 (size before relaxing)
 .eh_frame      0x00000000000390e0       0x80 build/cooja/contiki-ng-cooja.a(uiplib.o)
                                         0x98 (size before relaxing)
 .eh_frame      0x0000000000039160      0x1e0 build/cooja/contiki-ng-cooja.a(rpl.o)
                                        0x1f8 (size before relaxing)
 .eh_frame      0x0000000000039340       0xa0 build/cooja/contiki-ng-cooja.a(watchdog.o)
                                         0xb8 (size before relaxing)
 .eh_frame      0x00000000000393e0       0x80 build/cooja/contiki-ng-cooja.a(int-master.o)
                                         0x98 (size before relaxing)
 .eh_frame      0x0000000000039460       0xa0 build/cooja/contiki-ng-cooja.a(coap-timer-default.o)
                                         0xb8 (size before relaxing)
 .eh_frame      0x0000000000039500       0xc0 build/cooja/contiki-ng-cooja.a(stimer.o)
                                         0xd8 (size before relaxing)
 .eh_frame      0x00000000000395c0       0xa0 build/cooja/contiki-ng-cooja.a(ringbuf.o)
                                         0xb8 (size before relaxing)
 .eh_frame      0x0000000000039660      0x120 build/cooja/contiki-ng-cooja.a(link-stats.o)
                                        0x138 (size before relaxing)
 .eh_frame      0x0000000000039780      0x3e0 build/cooja/contiki-ng-cooja.a(nbr-table.o)
                                        0x3f8 (size before relaxing)
 .eh_frame      0x0000000000039b60       0x48 build/cooja/contiki-ng-cooja.a(mac-sequence.o)
                                         0x60 (size before relaxing)
 .eh_frame      0x0000000000039ba8       0xa8 build/cooja/contiki-ng-cooja.a(framer-802154.o)
                                         0xc0 (size before relaxing)
 .eh_frame      0x0000000000039c50      0x1c8 build/cooja/contiki-ng-cooja.a(csma-output.o)
                                        0x1e0 (size before relaxing)
 .eh_frame      0x0000000000039e18       0x40 build/cooja/contiki-ng-cooja.a(csma-security.o)
                                         0x58 (size before relaxing)
 .eh_frame      0x0000000000039e58      0x148 build/cooja/contiki-ng-cooja.a(uip-icmp6.o)
                                        0x160 (size before relaxing)
 .eh_frame      0x0000000000039fa0       0x80 build/cooja/contiki-ng-cooja.a(uip-nd6.o)
                                         0x98 (size before relaxing)
 .eh_frame      0x000000000003a020      0x180 build/cooja/contiki-ng-cooja.a(uip-sr.o)
                                        0x198 (size before relaxing)
 .eh_frame      0x000000000003a1a0       0xa0 build/cooja/contiki-ng-cooja.a(rpl-dag-root.o)
                                         0xb8 (size before relaxing)
 .eh_frame      0x000000000003a240      0x360 build/cooja/contiki-ng-cooja.a(rpl-dag.o)
                                        0x378 (size before relaxing)
 .eh_frame      0x000000000003a5a0      0x128 build/cooja/contiki-ng-cooja.a(rpl-ext-header.o)
                                        0x140 (size before relaxing)
 .eh_frame      0x000000000003a6c8      0x1c0 build/cooja/contiki-ng-cooja.a(rpl-icmp6.o)
                                        0x1d8 (size before relaxing)
 .eh_frame      0x000000000003a888      0x148 build/cooja/contiki-ng-cooja.a(rpl-mrhof.o)
                                        0x160 (size before relaxing)
 .eh_frame      0x000000000003a9d0       0x40 build/cooja/contiki-ng-cooja.a(rpl-nbr-policy.o)
                                         0x58 (size before relaxing)
 .eh_frame      0x000000000003aa10      0x2b0 build/cooja/contiki-ng-cooja.a(rpl-neighbor.o)
                                        0x2c8 (size before relaxing)
 .eh_frame      0x000000000003acc0      0x3a8 build/cooja/contiki-ng-cooja.a(rpl-timers.o)
                                        0x3c0 (size before relaxing)
 .eh_frame      0x000000000003b068       0x20 build/cooja/contiki-ng-cooja.a(assert.o)
                                         0x38 (size before relaxing)
 .eh_frame      0x000000000003b088       0x20 build/cooja/contiki-ng-cooja.a(mac.o)
                                         0x38 (size before relaxing)
 .eh_frame      0x000000000003b0a8      0x1a4 build/cooja/contiki-ng-cooja.a(frame802154.o)
                                        0x1c0 (size before relaxing)
 .eh_frame      0x000000000003b24c        0x4 /usr/lib/gcc/x86_64-linux-gnu/11/crtendS.o
 *(.eh_frame.*)

.gcc_except_table
 *(.gcc_except_table .gcc_except_table.*)

.gnu_extab
 *(.gnu_extab*)

.exception_ranges
 *(.exception_ranges*)
                0x000000000003c6b0                . = DATA_SEGMENT_ALIGN (CONSTANT (MAXPAGESIZE), CONSTANT (COMMONPAGESIZE))

.eh_frame
 *(.eh_frame)
 *(.eh_frame.*)

.gnu_extab
 *(.gnu_extab)

.gcc_except_table
 *(.gcc_except_table .gcc_except_table.*)

.exception_ranges
 *(.exception_ranges*)

.tdata
 *(.tdata .tdata.* .gnu.linkonce.td.*)

.tbss
 *(.tbss .tbss.* .gnu.linkonce.tb.*)
 *(.tcommon)

.preinit_array
 *(.preinit_array)

.init_array     0x000000000003c6b0        0x8
 *(SORT_BY_INIT_PRIORITY(.init_array.*) SORT_BY_INIT_PRIORITY(.ctors.*))
 *(.init_array EXCLUDE_FILE(*crtend?.o *crtend.o *crtbegin?.o *crtbegin.o) .ctors)
 .init_array    0x000000000003c6b0        0x8 /usr/lib/gcc/x86_64-linux-gnu/11/crtbeginS.o

.fini_array     0x000000000003c6b8        0x8
 *(SORT_BY_INIT_PRIORITY(.fini_array.*) SORT_BY_INIT_PRIORITY(.dtors.*))
 *(.fini_array EXCLUDE_FILE(*crtend?.o *crtend.o *crtbegin?.o *crtbegin.o) .dtors)
 .fini_array    0x000000000003c6b8        0x8 /usr/lib/gcc/x86_64-linux-gnu/11/crtbeginS.o

.ctors
 *crtbegin.o(.ctors)
 *crtbegin?.o(.ctors)
 *(EXCLUDE_FILE(*crtend?.o *crtend.o) .ctors)
 *(SORT_BY_NAME(.ctors.*))
 *(.ctors)

.dtors
 *crtbegin.o(.dtors)
 *crtbegin?.o(.dtors)
 *(EXCLUDE_FILE(*crtend?.o *crtend.o) .dtors)
 *(SORT_BY_NAME(.dtors.*))
 *(.dtors)

.jcr
 *(.jcr)

.data.rel.ro    0x000000000003c6c0      0x370
 *(.data.rel.ro.local* .gnu.linkonce.d.rel.ro.local.*)
 .data.rel.ro.local
                0x000000000003c6c0       0x10 build/cooja/contiki-ng-cooja.a(beep.o)
                0x000000000003c6c0                beep_interface
 .data.rel.ro.local
                0x000000000003c6d0       0x10 build/cooja/contiki-ng-cooja.a(leds-arch.o)
                0x000000000003c6d0                leds_interface
 .data.rel.ro.local
                0x000000000003c6e0       0x10 build/cooja/contiki-ng-cooja.a(moteid.o)
                0x000000000003c6e0                moteid_interface
 *fill*         0x000000000003c6f0       0x10 
 .data.rel.ro.local
                0x000000000003c700       0x40 build/cooja/contiki-ng-cooja.a(pir-sensor.o)
                0x000000000003c700                pir_interface
                0x000000000003c720                pir_sensor
 .data.rel.ro.local
                0x000000000003c740       0x10 build/cooja/contiki-ng-cooja.a(rs232.o)
                0x000000000003c740                rs232_interface
 *fill*         0x000000000003c750       0x10 
 .data.rel.ro.local
                0x000000000003c760       0x40 build/cooja/contiki-ng-cooja.a(vib-sensor.o)
                0x000000000003c760                vib_interface
                0x000000000003c780                vib_sensor
 .data.rel.ro.local
                0x000000000003c7a0       0x10 build/cooja/contiki-ng-cooja.a(clock.o)
                0x000000000003c7a0                clock_interface
 .data.rel.ro.local
                0x000000000003c7b0       0x10 build/cooja/contiki-ng-cooja.a(cooja-log.o)
                0x000000000003c7b0                simlog_interface
 .data.rel.ro.local
                0x000000000003c7c0       0x10 build/cooja/contiki-ng-cooja.a(cfs-cooja.o)
                0x000000000003c7c0                cfs_interface
 *fill*         0x000000000003c7d0       0x10 
 .data.rel.ro.local
                0x000000000003c7e0       0x90 build/cooja/contiki-ng-cooja.a(cooja-radio.o)
                0x000000000003c7e0                radio_interface
                0x000000000003c800                cooja_radio_driver
 .data.rel.ro.local
                0x000000000003c870       0x10 build/cooja/contiki-ng-cooja.a(eeprom.o)
                0x000000000003c870                eeprom_interface
 .data.rel.ro.local
                0x000000000003c880       0x40 build/cooja/contiki-ng-cooja.a(buttons.o)
                0x000000000003c880                button_interface
                0x000000000003c8a0                button_sensor
 .data.rel.ro.local
                0x000000000003c8c0       0x38 build/cooja/contiki-ng-cooja.a(csma.o)
                0x000000000003c8c0                csma_driver
 *fill*         0x000000000003c8f8        0x8 
 .data.rel.ro.local
                0x000000000003c900       0x18 build/cooja/contiki-ng-cooja.a(coap-timer-default.o)
                0x000000000003c900                coap_timer_default_driver
 *fill*         0x000000000003c918        0x8 
 .data.rel.ro.local
                0x000000000003c920       0x18 build/cooja/contiki-ng-cooja.a(framer-802154.o)
                0x000000000003c920                framer_802154
 *(.data.rel.ro .data.rel.ro.* .gnu.linkonce.d.rel.ro.*)
 .data.rel.ro   0x000000000003c938        0x0 /usr/lib/gcc/x86_64-linux-gnu/11/../../../x86_64-linux-gnu/crti.o
 *fill*         0x000000000003c938        0x8 
 .data.rel.ro   0x000000000003c940       0x10 barrier.o
                0x000000000003c940                autostart_processes
 *fill*         0x000000000003c950       0x10 
 .data.rel.ro   0x000000000003c960       0x20 build/cooja/contiki-ng-cooja.a(sicslowpan.o)
                0x000000000003c960                sicslowpan_driver
 .data.rel.ro   0x000000000003c980       0xa8 build/cooja/contiki-ng-cooja.a(rpl.o)
                0x000000000003c980                rpl_lite_driver
 .data.rel.ro   0x000000000003ca28        0x8 build/cooja/contiki-ng-cooja.a(rpl-dag.o)

.dynamic        0x000000000003ca30      0x1c0
 *(.dynamic)
 .dynamic       0x000000000003ca30      0x1c0 /usr/lib/gcc/x86_64-linux-gnu/11/../../../x86_64-linux-gnu/crti.o
                0x000000000003ca30                _DYNAMIC

.got            0x000000000003cbf0      0x408
 *(.got)
 .got           0x000000000003cbf0      0x408 /usr/lib/gcc/x86_64-linux-gnu/11/../../../x86_64-linux-gnu/crti.o
 *(.igot)
                0x000000000003dfe8                . = DATA_SEGMENT_RELRO_END (., (SIZEOF (.got.plt) >= 0x18)?0x18:0x0)

.got.plt        0x000000000003d000      0xc90
 *(.got.plt)
 .got.plt       0x000000000003d000      0xc90 /usr/lib/gcc/x86_64-linux-gnu/11/../../../x86_64-linux-gnu/crti.o
                0x000000000003d000                _GLOBAL_OFFSET_TABLE_
 *(.igot.plt)

.data           0x000000000003dca0      0x8f2
 *(.data .data.* .gnu.linkonce.d.*)
 .data          0x000000000003dca0        0x0 /usr/lib/gcc/x86_64-linux-gnu/11/../../../x86_64-linux-gnu/crti.o
 .data          0x000000000003dca0        0x0 /usr/lib/gcc/x86_64-linux-gnu/11/crtbeginS.o
 .data.rel.local
                0x000000000003dca0        0x8 /usr/lib/gcc/x86_64-linux-gnu/11/crtbeginS.o
                0x000000000003dca0                __dso_handle
 .data          0x000000000003dca8        0x0 barrier.o
 *fill*         0x000000000003dca8       0x18 
 .data.rel.local
                0x000000000003dcc0       0x40 barrier.o
                0x000000000003dcc0                service_url
                0x000000000003dce0                coap_barrier
 .data          0x000000000003dd00        0x0 build/cooja/mtype541007487.o
 .data.rel      0x000000000003dd00       0xa0 build/cooja/mtype541007487.o
                0x000000000003dd00                simInterfaces
                0x000000000003dd80                sensors
 .data          0x000000000003dda0        0x0 build/cooja/contiki-ng-cooja.a(simEnvChange.o)
 .data          0x000000000003dda0        0x0 build/cooja/contiki-ng-cooja.a(cooja_mt.o)
 .data          0x000000000003dda0        0x0 build/cooja/contiki-ng-cooja.a(cooja_mtarch.o)
 .data          0x000000000003dda0        0x0 build/cooja/contiki-ng-cooja.a(rtimer-arch.o)
 .data          0x000000000003dda0        0x0 build/cooja/contiki-ng-cooja.a(beep.o)
 .data          0x000000000003dda0        0x0 build/cooja/contiki-ng-cooja.a(leds-arch.o)
 .data          0x000000000003dda0        0x0 build/cooja/contiki-ng-cooja.a(moteid.o)
 .data          0x000000000003dda0        0x0 build/cooja/contiki-ng-cooja.a(pir-sensor.o)
 .data          0x000000000003dda0        0x0 build/cooja/contiki-ng-cooja.a(rs232.o)
 .data          0x000000000003dda0        0x0 build/cooja/contiki-ng-cooja.a(vib-sensor.o)
 .data          0x000000000003dda0        0x0 build/cooja/contiki-ng-cooja.a(clock.o)
 .data          0x000000000003dda0        0x0 build/cooja/contiki-ng-cooja.a(cooja-log.o)
 .data          0x000000000003dda0        0x0 build/cooja/contiki-ng-cooja.a(cfs-cooja.o)
 .data          0x000000000003dda0       0x20 build/cooja/contiki-ng-cooja.a(cooja-radio.o)
                0x000000000003dda0                simRadioHWOn
                0x000000000003dda4                simSignalStrength
                0x000000000003dda8                simLastSignalStrength
                0x000000000003ddac                simPower
                0x000000000003ddb0                simRadioChannel
                0x000000000003ddb4                simLQI
                0x000000000003ddb8                simLastLQI
 .data.rel.local
                0x000000000003ddc0       0x20 build/cooja/contiki-ng-cooja.a(cooja-radio.o)
                0x000000000003ddc0                cooja_radio_process
 .data          0x000000000003dde0        0x0 build/cooja/contiki-ng-cooja.a(eeprom.o)
 .data          0x000000000003dde0        0x0 build/cooja/contiki-ng-cooja.a(random.o)
 .data          0x000000000003dde0        0x0 build/cooja/contiki-ng-cooja.a(sensors.o)
 .data.rel.local
                0x000000000003dde0       0x20 build/cooja/contiki-ng-cooja.a(sensors.o)
                0x000000000003dde0                sensors_process
 .data          0x000000000003de00        0x0 build/cooja/contiki-ng-cooja.a(leds.o)
 .data          0x000000000003de00        0x0 build/cooja/contiki-ng-cooja.a(gpio-hal-arch.o)
 .data          0x000000000003de00        0x1 build/cooja/contiki-ng-cooja.a(buttons.o)
                0x000000000003de00                simButtonIsActive
 *fill*         0x000000000003de01       0x1f 
 .data.rel.local
                0x000000000003de20       0xb0 build/cooja/contiki-ng-cooja.a(buttons.o)
                0x000000000003dec0                button_hal_buttons
 .data          0x000000000003ded0        0x0 build/cooja/contiki-ng-cooja.a(res_barrier.o)
 *fill*         0x000000000003ded0       0x10 
 .data.rel.local
                0x000000000003dee0       0x48 build/cooja/contiki-ng-cooja.a(res_barrier.o)
                0x000000000003dee0                res_barrier
 .data          0x000000000003df28        0x0 build/cooja/contiki-ng-cooja.a(coap-blocking-api.o)
 .data          0x000000000003df28        0x0 build/cooja/contiki-ng-cooja.a(coap-engine.o)
 .data.rel.local
                0x000000000003df28       0x10 build/cooja/contiki-ng-cooja.a(coap-engine.o)
 .data          0x000000000003df38        0x0 build/cooja/contiki-ng-cooja.a(coap-observe.o)
 *fill*         0x000000000003df38        0x8 
 .data.rel.local
                0x000000000003df40       0x20 build/cooja/contiki-ng-cooja.a(coap-observe.o)
 .data          0x000000000003df60        0x0 build/cooja/contiki-ng-cooja.a(coap-res-well-known-core.o)
 .data.rel.local
                0x000000000003df60       0x48 build/cooja/contiki-ng-cooja.a(coap-res-well-known-core.o)
                0x000000000003df60                res_well_known_core
 .data          0x000000000003dfa8        0x0 build/cooja/contiki-ng-cooja.a(coap-timer.o)
 .data.rel.local
                0x000000000003dfa8        0x8 build/cooja/contiki-ng-cooja.a(coap-timer.o)
 .data          0x000000000003dfb0        0x0 build/cooja/contiki-ng-cooja.a(coap-transactions.o)
 .data.rel.local
                0x000000000003dfb0       0x20 build/cooja/contiki-ng-cooja.a(coap-transactions.o)
 .data          0x000000000003dfd0        0x0 build/cooja/contiki-ng-cooja.a(coap-uip.o)
 *fill*         0x000000000003dfd0       0x10 
 .data.rel.local
                0x000000000003dfe0       0x20 build/cooja/contiki-ng-cooja.a(coap-uip.o)
                0x000000000003dfe0                coap_engine
 .data          0x000000000003e000        0x0 build/cooja/contiki-ng-cooja.a(coap.o)
 .data.rel.local
                0x000000000003e000        0x8 build/cooja/contiki-ng-cooja.a(coap.o)
                0x000000000003e000                coap_error_message
 .data          0x000000000003e008        0x0 build/cooja/contiki-ng-cooja.a(contiki-main.o)
 .data          0x000000000003e008        0x0 build/cooja/contiki-ng-cooja.a(autostart.o)
 .data          0x000000000003e008        0x0 build/cooja/contiki-ng-cooja.a(ctimer.o)
 *fill*         0x000000000003e008       0x18 
 .data.rel.local
                0x000000000003e020       0x40 build/cooja/contiki-ng-cooja.a(ctimer.o)
                0x000000000003e040                ctimer_process
 .data          0x000000000003e060        0x0 build/cooja/contiki-ng-cooja.a(energest.o)
 .data          0x000000000003e060        0x0 build/cooja/contiki-ng-cooja.a(etimer.o)
 .data.rel.local
                0x000000000003e060       0x20 build/cooja/contiki-ng-cooja.a(etimer.o)
                0x000000000003e060                etimer_process
 .data          0x000000000003e080        0x4 build/cooja/contiki-ng-cooja.a(log.o)
                0x000000000003e080                curr_log_level_main
 *fill*         0x000000000003e084       0x1c 
 .data.rel      0x000000000003e0a0      0x138 build/cooja/contiki-ng-cooja.a(log.o)
                0x000000000003e0a0                all_modules
 .data          0x000000000003e1d8        0x0 build/cooja/contiki-ng-cooja.a(node-id.o)
 .data          0x000000000003e1d8        0x0 build/cooja/contiki-ng-cooja.a(process.o)
 .data          0x000000000003e1d8        0x0 build/cooja/contiki-ng-cooja.a(rtimer.o)
 .data          0x000000000003e1d8        0x0 build/cooja/contiki-ng-cooja.a(timer.o)
 .data          0x000000000003e1d8        0x0 build/cooja/contiki-ng-cooja.a(list.o)
 .data          0x000000000003e1d8        0x0 build/cooja/contiki-ng-cooja.a(memb.o)
 .data          0x000000000003e1d8        0x0 build/cooja/contiki-ng-cooja.a(button-hal.o)
 *fill*         0x000000000003e1d8        0x8 
 .data.rel.local
                0x000000000003e1e0       0x20 build/cooja/contiki-ng-cooja.a(button-hal.o)
                0x000000000003e1e0                button_hal_process
 .data          0x000000000003e200        0x0 build/cooja/contiki-ng-cooja.a(gpio-hal.o)
 .data.rel.local
                0x000000000003e200        0x8 build/cooja/contiki-ng-cooja.a(gpio-hal.o)
 .data          0x000000000003e208        0x0 build/cooja/contiki-ng-cooja.a(serial-line.o)
 *fill*         0x000000000003e208       0x18 
 .data.rel.local
                0x000000000003e220       0x20 build/cooja/contiki-ng-cooja.a(serial-line.o)
                0x000000000003e220                serial_line_process
 .data          0x000000000003e240        0x0 build/cooja/contiki-ng-cooja.a(linkaddr.o)
 .data          0x000000000003e240        0x0 build/cooja/contiki-ng-cooja.a(netstack.o)
 .data.rel.local
                0x000000000003e240        0x8 build/cooja/contiki-ng-cooja.a(netstack.o)
 .data          0x000000000003e248        0x0 build/cooja/contiki-ng-cooja.a(packetbuf.o)
 .data.rel.local
                0x000000000003e248        0x8 build/cooja/contiki-ng-cooja.a(packetbuf.o)
 .data          0x000000000003e250        0x0 build/cooja/contiki-ng-cooja.a(queuebuf.o)
 .data.rel.local
                0x000000000003e250       0x38 build/cooja/contiki-ng-cooja.a(queuebuf.o)
 .data          0x000000000003e288        0x0 build/cooja/contiki-ng-cooja.a(printf.o)
 *fill*         0x000000000003e288        0x8 
 .data.rel.local
                0x000000000003e290       0x10 build/cooja/contiki-ng-cooja.a(printf.o)
 .data          0x000000000003e2a0        0x0 build/cooja/contiki-ng-cooja.a(putchar.o)
 .data          0x000000000003e2a0        0x0 build/cooja/contiki-ng-cooja.a(puts.o)
 .data          0x000000000003e2a0        0x0 build/cooja/contiki-ng-cooja.a(snprintf.o)
 .data          0x000000000003e2a0        0x0 build/cooja/contiki-ng-cooja.a(strformat.o)
 .data          0x000000000003e2a0        0x0 build/cooja/contiki-ng-cooja.a(csma.o)
 .data          0x000000000003e2a0        0x0 build/cooja/contiki-ng-cooja.a(sicslowpan.o)
 .data          0x000000000003e2a0        0x0 build/cooja/contiki-ng-cooja.a(tcpip.o)
 .data.rel.local
                0x000000000003e2a0       0x20 build/cooja/contiki-ng-cooja.a(tcpip.o)
                0x000000000003e2a0                tcpip_process
 .data          0x000000000003e2c0        0x0 build/cooja/contiki-ng-cooja.a(uip-ds6-nbr.o)
 .data.rel.local
                0x000000000003e2c0       0x20 build/cooja/contiki-ng-cooja.a(uip-ds6-nbr.o)
 .data          0x000000000003e2e0        0x0 build/cooja/contiki-ng-cooja.a(uip-ds6-route.o)
 .data.rel.local
                0x000000000003e2e0       0x28 build/cooja/contiki-ng-cooja.a(uip-ds6-route.o)
 .data          0x000000000003e308        0x0 build/cooja/contiki-ng-cooja.a(uip-ds6.o)
 .data          0x000000000003e308        0x0 build/cooja/contiki-ng-cooja.a(uip-packetqueue.o)
 *fill*         0x000000000003e308        0x8 
 .data.rel.local
                0x000000000003e310       0x18 build/cooja/contiki-ng-cooja.a(uip-packetqueue.o)
 .data          0x000000000003e328        0x0 build/cooja/contiki-ng-cooja.a(uip-udp-packet.o)
 .data          0x000000000003e328        0x0 build/cooja/contiki-ng-cooja.a(uip6.o)
 .data          0x000000000003e328        0x0 build/cooja/contiki-ng-cooja.a(uipbuf.o)
 .data          0x000000000003e328        0x0 build/cooja/contiki-ng-cooja.a(uiplib.o)
 .data          0x000000000003e328        0x0 build/cooja/contiki-ng-cooja.a(rpl.o)
 .data          0x000000000003e328        0x0 build/cooja/contiki-ng-cooja.a(watchdog.o)
 .data          0x000000000003e328        0x0 build/cooja/contiki-ng-cooja.a(int-master.o)
 .data          0x000000000003e328        0x0 build/cooja/contiki-ng-cooja.a(coap-timer-default.o)
 *fill*         0x000000000003e328       0x18 
 .data.rel.local
                0x000000000003e340       0x20 build/cooja/contiki-ng-cooja.a(coap-timer-default.o)
                0x000000000003e340                coap_timer_process
 .data          0x000000000003e360        0x0 build/cooja/contiki-ng-cooja.a(stimer.o)
 .data          0x000000000003e360        0x0 build/cooja/contiki-ng-cooja.a(ringbuf.o)
 .data          0x000000000003e360        0x0 build/cooja/contiki-ng-cooja.a(link-stats.o)
 .data.rel.local
                0x000000000003e360       0x20 build/cooja/contiki-ng-cooja.a(link-stats.o)
 .data          0x000000000003e380        0x0 build/cooja/contiki-ng-cooja.a(nbr-table.o)
 .data.rel.local
                0x000000000003e380       0x20 build/cooja/contiki-ng-cooja.a(nbr-table.o)
 .data          0x000000000003e3a0        0x0 build/cooja/contiki-ng-cooja.a(mac-sequence.o)
 .data          0x000000000003e3a0        0x0 build/cooja/contiki-ng-cooja.a(framer-802154.o)