Archive member included to satisfy reference by file (symbol)

build/cooja/contiki-ng-cooja.a(simEnvChange.o)
                              build/cooja/mtype325664399.o (simDontFallAsleep)
build/cooja/contiki-ng-cooja.a(cooja_mt.o)
                              build/cooja/mtype325664399.o (cooja_mt_start)
build/cooja/contiki-ng-cooja.a(cooja_mtarch.o)
                              build/cooja/contiki-ng-cooja.a(cooja_mt.o) (cooja_mtarch_start)
build/cooja/contiki-ng-cooja.a(rtimer-arch.o)
                              build/cooja/mtype325664399.o (rtimer_arch_check)
build/cooja/contiki-ng-cooja.a(beep.o)
                              build/cooja/mtype325664399.o (beep_interface)
build/cooja/contiki-ng-cooja.a(leds-arch.o)
                              build/cooja/mtype325664399.o (leds_interface)
build/cooja/contiki-ng-cooja.a(moteid.o)
                              build/cooja/mtype325664399.o (moteid_interface)
build/cooja/contiki-ng-cooja.a(pir-sensor.o)
                              build/cooja/mtype325664399.o (pir_interface)
build/cooja/contiki-ng-cooja.a(rs232.o)
                              build/cooja/mtype325664399.o (rs232_interface)
build/cooja/contiki-ng-cooja.a(vib-sensor.o)
                              build/cooja/mtype325664399.o (vib_interface)
build/cooja/contiki-ng-cooja.a(clock.o)
                              build/cooja/mtype325664399.o (clock_interface)
build/cooja/contiki-ng-cooja.a(cooja-log.o)
                              build/cooja/mtype325664399.o (simlog_interface)
build/cooja/contiki-ng-cooja.a(cfs-cooja.o)
                              build/cooja/mtype325664399.o (cfs_interface)
build/cooja/contiki-ng-cooja.a(cooja-radio.o)
                              build/cooja/mtype325664399.o (radio_interface)
build/cooja/contiki-ng-cooja.a(eeprom.o)
                              build/cooja/mtype325664399.o (eeprom_interface)
build/cooja/contiki-ng-cooja.a(random.o)
                              build/cooja/contiki-ng-cooja.a(moteid.o) (random_init)
build/cooja/contiki-ng-cooja.a(sensors.o)
                              build/cooja/contiki-ng-cooja.a(pir-sensor.o) (sensors_changed)
build/cooja/contiki-ng-cooja.a(leds.o)
                              barrier.o (leds_set)
build/cooja/contiki-ng-cooja.a(gpio-hal-arch.o)
                              build/cooja/contiki-ng-cooja.a(leds-arch.o) (gpio_hal_arch_register_pin_callback)
build/cooja/contiki-ng-cooja.a(buttons.o)
                              build/cooja/mtype325664399.o (button_interface)
build/cooja/contiki-ng-cooja.a(res_barrier.o)
                              barrier.o (res_barrier)
build/cooja/contiki-ng-cooja.a(coap-blocking-api.o)
                              barrier.o (coap_blocking_request)
build/cooja/contiki-ng-cooja.a(coap-engine.o)
                              barrier.o (coap_activate_resource)
build/cooja/contiki-ng-cooja.a(coap-observe.o)
                              build/cooja/contiki-ng-cooja.a(coap-engine.o) (coap_remove_observer_by_mid)
build/cooja/contiki-ng-cooja.a(coap-res-well-known-core.o)
                              build/cooja/contiki-ng-cooja.a(coap-engine.o) (res_well_known_core)
build/cooja/contiki-ng-cooja.a(coap-timer.o)
                              build/cooja/contiki-ng-cooja.a(coap-engine.o) (coap_timer_set)
build/cooja/contiki-ng-cooja.a(coap-transactions.o)
                              build/cooja/contiki-ng-cooja.a(coap-blocking-api.o) (coap_send_transaction)
build/cooja/contiki-ng-cooja.a(coap-uip.o)
                              build/cooja/contiki-ng-cooja.a(coap-observe.o) (coap_endpoint_copy)
build/cooja/contiki-ng-cooja.a(coap.o)
                              build/cooja/contiki-ng-cooja.a(coap-engine.o) (coap_status_code)
build/cooja/contiki-ng-cooja.a(contiki-main.o)
                              build/cooja/mtype325664399.o (main)
build/cooja/contiki-ng-cooja.a(autostart.o)
                              build/cooja/contiki-ng-cooja.a(contiki-main.o) (autostart_start)
build/cooja/contiki-ng-cooja.a(ctimer.o)
                              build/cooja/contiki-ng-cooja.a(contiki-main.o) (ctimer_init)
build/cooja/contiki-ng-cooja.a(energest.o)
                              build/cooja/contiki-ng-cooja.a(contiki-main.o) (energest_init)
build/cooja/contiki-ng-cooja.a(etimer.o)
                              build/cooja/contiki-ng-cooja.a(contiki-main.o) (etimer_process)
build/cooja/contiki-ng-cooja.a(log.o)
                              build/cooja/contiki-ng-cooja.a(contiki-main.o) (curr_log_level_main)
build/cooja/contiki-ng-cooja.a(node-id.o)
                              build/cooja/contiki-ng-cooja.a(contiki-main.o) (node_id)
build/cooja/contiki-ng-cooja.a(process.o)
                              build/cooja/contiki-ng-cooja.a(coap-blocking-api.o) (process_current)
build/cooja/contiki-ng-cooja.a(rtimer.o)
                              build/cooja/contiki-ng-cooja.a(contiki-main.o) (rtimer_init)
build/cooja/contiki-ng-cooja.a(timer.o)
[...]
Memory Configuration

Name             Origin             Length             Attributes
*default*        0x0000000000000000 0xffffffffffffffff

Linker script and memory map

LOAD /usr/lib/gcc/x86_64-linux-gnu/11/../../../x86_64-linux-gnu/crti.o
LOAD /usr/lib/gcc/x86_64-linux-gnu/11/crtbeginS.o
LOAD barrier.o
LOAD build/cooja/mtype325664399.o
LOAD build/cooja/contiki-ng-cooja.a
LOAD /usr/lib/gcc/x86_64-linux-gnu/11/libgcc.a
LOAD /usr/lib/gcc/x86_64-linux-gnu/11/libgcc_s.so
START GROUP
LOAD /usr/lib/gcc/x86_64-linux-gnu/11/../../../x86_64-linux-gnu/libgcc_s.so.1
LOAD /usr/lib/gcc/x86_64-linux-gnu/11/libgcc.a
END GROUP
LOAD /usr/lib/gcc/x86_64-linux-gnu/11/../../../x86_64-linux-gnu/libc.so
START GROUP
LOAD /lib/x86_64-linux-gnu/libc.so.6
LOAD /usr/lib/x86_64-linux-gnu/libc_nonshared.a
LOAD /lib64/ld-linux-x86-64.so.2
END GROUP
LOAD /usr/lib/gcc/x86_64-linux-gnu/11/libgcc.a
LOAD /usr/lib/gcc/x86_64-linux-gnu/11/libgcc_s.so
START GROUP
LOAD /usr/lib/gcc/x86_64-linux-gnu/11/../../../x86_64-linux-gnu/libgcc_s.so.1
LOAD /usr/lib/gcc/x86_64-linux-gnu/11/libgcc.a
END GROUP
LOAD /usr/lib/gcc/x86_64-linux-gnu/11/crtendS.o
LOAD /usr/lib/gcc/x86_64-linux-gnu/11/../../../x86_64-linux-gnu/crtn.o
                0x00000000000002a8                . = (SEGMENT_START ("text-segment", 0x0) + SIZEOF_HEADERS)

.note.gnu.property
                0x00000000000002a8       0x20
 .note.gnu.property
                0x00000000000002a8       0x20 /usr/lib/gcc/x86_64-linux-gnu/11/../../../x86_64-linux-gnu/crti.o

.note.gnu.build-id
                0x00000000000002c8       0x24
 *(.note.gnu.build-id)
 .note.gnu.build-id
                0x00000000000002c8       0x24 /usr/lib/gcc/x86_64-linux-gnu/11/../../../x86_64-linux-gnu/crti.o

.hash
 *(.hash)

.gnu.hash       0x00000000000002f0     0x15ac
 *(.gnu.hash)
 .gnu.hash      0x00000000000002f0     0x15ac /usr/lib/gcc/x86_64-linux-gnu/11/../../../x86_64-linux-gnu/crti.o

.dynsym         0x00000000000018a0     0x4698
 *(.dynsym)
 .dynsym        0x00000000000018a0     0x4698 /usr/lib/gcc/x86_64-linux-gnu/11/../../../x86_64-linux-gnu/crti.o

.dynstr         0x0000000000005f38     0x3710
 *(.dynstr)
 .dynstr        0x0000000000005f38     0x3710 /usr/lib/gcc/x86_64-linux-gnu/11/../../../x86_64-linux-gnu/crti.o

.gnu.version    0x0000000000009648      0x5e2
 *(.gnu.version)
 .gnu.version   0x0000000000009648      0x5e2 /usr/lib/gcc/x86_64-linux-gnu/11/../../../x86_64-linux-gnu/crti.o

.gnu.version_d  0x0000000000009c30        0x0
 *(.gnu.version_d)
 .gnu.version_d
                0x0000000000009c30        0x0 /usr/lib/gcc/x86_64-linux-gnu/11/../../../x86_64-linux-gnu/crti.o

.gnu.version_r  0x0000000000009c30       0x50
 *(.gnu.version_r)
 .gnu.version_r
                0x0000000000009c30       0x50 /usr/lib/gcc/x86_64-linux-gnu/11/../../../x86_64-linux-gnu/crti.o

.rela.dyn       0x0000000000009c80     0x20b8
 *(.rela.init)
 *(.rela.text .rela.text.* .rela.gnu.linkonce.t.*)
 .rela.text     0x0000000000009c80        0x0 /usr/lib/gcc/x86_64-linux-gnu/11/../../../x86_64-linux-gnu/crti.o
 *(.rela.fini)
 *(.rela.rodata .rela.rodata.* .rela.gnu.linkonce.r.*)
 *(.rela.data .rela.data.* .rela.gnu.linkonce.d.*)
 .rela.data.rel.local
                0x0000000000009c80      0x858 /usr/lib/gcc/x86_64-linux-gnu/11/../../../x86_64-linux-gnu/crti.o
 .rela.data.rel.ro
                0x000000000000a4d8      0x288 /usr/lib/gcc/x86_64-linux-gnu/11/../../../x86_64-linux-gnu/crti.o
 .rela.data.rel
                0x000000000000a760      0x3a8 /usr/lib/gcc/x86_64-linux-gnu/11/../../../x86_64-linux-gnu/crti.o
 .rela.data.rel.ro.local
                0x000000000000ab08      0x5e8 /usr/lib/gcc/x86_64-linux-gnu/11/../../../x86_64-linux-gnu/crti.o
 *(.rela.tdata .rela.tdata.* .rela.gnu.linkonce.td.*)
 *(.rela.tbss .rela.tbss.* .rela.gnu.linkonce.tb.*)
 *(.rela.ctors)
 *(.rela.dtors)
 *(.rela.got)
 .rela.got      0x000000000000b0f0      0xc18 /usr/lib/gcc/x86_64-linux-gnu/11/../../../x86_64-linux-gnu/crti.o
 *(.rela.bss .rela.bss.* .rela.gnu.linkonce.b.*)
 *(.rela.ldata .rela.ldata.* .rela.gnu.linkonce.l.*)
 *(.rela.lbss .rela.lbss.* .rela.gnu.linkonce.lb.*)
 *(.rela.lrodata .rela.lrodata.* .rela.gnu.linkonce.lr.*)
 *(.rela.ifunc)
 .rela.ifunc    0x000000000000bd08        0x0 /usr/lib/gcc/x86_64-linux-gnu/11/../../../x86_64-linux-gnu/crti.o
 .rela.fini_array
                0x000000000000bd08       0x18 /usr/lib/gcc/x86_64-linux-gnu/11/../../../x86_64-linux-gnu/crti.o
 .rela.init_array
                0x000000000000bd20       0x18 /usr/lib/gcc/x86_64-linux-gnu/11/../../../x86_64-linux-gnu/crti.o

.rela.plt       0x000000000000bd38     0x2550
 *(.rela.plt)
 .rela.plt      0x000000000000bd38     0x2550 /usr/lib/gcc/x86_64-linux-gnu/11/../../../x86_64-linux-gnu/crti.o
 *(.rela.iplt)

.relr.dyn
 *(.relr.dyn)
                0x000000000000f000                . = ALIGN (CONSTANT (MAXPAGESIZE))

.init           0x000000000000f000       0x1b
 *(SORT_NONE(.init))
 .init          0x000000000000f000       0x16 /usr/lib/gcc/x86_64-linux-gnu/11/../../../x86_64-linux-gnu/crti.o
                0x000000000000f000                _init
 .init          0x000000000000f016        0x5 /usr/lib/gcc/x86_64-linux-gnu/11/../../../x86_64-linux-gnu/crtn.o

.plt            0x000000000000f020     0x18f0
 *(.plt)
 .plt           0x000000000000f020     0x18f0 /usr/lib/gcc/x86_64-linux-gnu/11/../../../x86_64-linux-gnu/crti.o
 *(.iplt)

.plt.got        0x0000000000010910       0x30
 *(.plt.got)
 .plt.got       0x0000000000010910       0x30 /usr/lib/gcc/x86_64-linux-gnu/11/../../../x86_64-linux-gnu/crti.o

.plt.sec        0x0000000000010940     0x18e0
 *(.plt.sec)
 .plt.sec       0x0000000000010940     0x18e0 /usr/lib/gcc/x86_64-linux-gnu/11/../../../x86_64-linux-gnu/crti.o

.text           0x0000000000012220    0x1f9c9
 *(.text.unlikely .text.*_unlikely .text.unlikely.*)
 *(.text.exit .text.exit.*)
 *(.text.startup .text.startup.*)
 *(.text.hot .text.hot.*)
 *(SORT_BY_NAME(.text.sorted.*))
 *(.text .stub .text.* .gnu.linkonce.t.*)
 .text          0x0000000000012220        0x0 /usr/lib/gcc/x86_64-linux-gnu/11/../../../x86_64-linux-gnu/crti.o
 .text          0x0000000000012220       0xb9 /usr/lib/gcc/x86_64-linux-gnu/11/crtbeginS.o
 .text          0x00000000000122d9      0x4e6 barrier.o
                0x0000000000012337                client_chunk_handler
 .text          0x00000000000127bf      0x374 build/cooja/mtype325664399.o
                0x0000000000012875                platform_init_stage_one
                0x000000000001288a                platform_init_stage_two
                0x000000000001289f                platform_init_stage_three
                0x00000000000128b4                platform_main_loop
                0x000000000001294e                JNI_OnLoad
                0x0000000000012965                Java_org_contikios_cooja_corecomm_Lib3_init
                0x00000000000129b8                Java_org_contikios_cooja_corecomm_Lib3_getMemory
                0x0000000000012a17                Java_org_contikios_cooja_corecomm_Lib3_setMemory
                0x0000000000012a76                Java_org_contikios_cooja_corecomm_Lib3_tick
                0x0000000000012b04                Java_org_contikios_cooja_corecomm_Lib3_setReferenceAddress
 .text          0x0000000000012b33       0x93 build/cooja/contiki-ng-cooja.a(simEnvChange.o)
                0x0000000000012b33                doActionsBeforeTick
                0x0000000000012b7c                doActionsAfterTick
 .text          0x0000000000012bc6       0xab build/cooja/contiki-ng-cooja.a(cooja_mt.o)
                0x0000000000012bc6                cooja_mt_start
                0x0000000000012c06                cooja_mt_exec
                0x0000000000012c49                cooja_mt_yield
 .text          0x0000000000012c71      0x10e build/cooja/contiki-ng-cooja.a(cooja_mtarch.o)
                0x0000000000012c71                cooja_mtarch_start
                0x0000000000012d14                cooja_sw
                0x0000000000012d41                cooja_mtarch_exec
                0x0000000000012d6f                cooja_mtarch_yield
 .text          0x0000000000012d7f       0xcc build/cooja/contiki-ng-cooja.a(rtimer-arch.o)
                0x0000000000012d7f                rtimer_arch_init
                0x0000000000012da5                rtimer_arch_schedule
                0x0000000000012dcf                rtimer_arch_next
                0x0000000000012de3                rtimer_arch_pending
                0x0000000000012df6                rtimer_arch_check
                0x0000000000012e37                rtimer_arch_now
 .text          0x0000000000012e4b       0xe6 build/cooja/contiki-ng-cooja.a(beep.o)
                0x0000000000012e4b                beep_alarm
                0x0000000000012e66                beep_beep
                0x0000000000012e7e                beep
                0x0000000000012e93                beep_down
                0x0000000000012eab                beep_on
                0x0000000000012ec0                beep_off
                0x0000000000012ed5                beep_spinup
                0x0000000000012eea                beep_quick
                0x0000000000012f02                beep_long
 .text          0x0000000000012f31       0x80 build/cooja/contiki-ng-cooja.a(leds-arch.o)
                0x0000000000012f4a                leds_arch_init
 .text          0x0000000000012fb1       0x41 build/cooja/contiki-ng-cooja.a(moteid.o)
 .text          0x0000000000012ff2       0xfa build/cooja/contiki-ng-cooja.a(pir-sensor.o)
 .text          0x00000000000130ec      0x18b build/cooja/contiki-ng-cooja.a(rs232.o)
                0x00000000000130ec                rs232_init
                0x00000000000130f7                rs232_set_speed
                0x0000000000013107                rs232_set_input
                0x0000000000013121                rs232_send
                0x0000000000013140                rs232_print
                0x000000000001316e                slip_arch_writeb
 .text          0x0000000000013277       0xfa build/cooja/contiki-ng-cooja.a(vib-sensor.o)
 .text          0x0000000000013371       0x6f build/cooja/contiki-ng-cooja.a(clock.o)
                0x0000000000013371                clock_init
                0x000000000001337c                clock_time
                0x0000000000013390                clock_seconds
                0x00000000000133bc                clock_delay
 .text          0x00000000000133e0      0x214 build/cooja/contiki-ng-cooja.a(cooja-log.o)
                0x00000000000133e0                simlog_char
                0x000000000001343a                simlog
                0x00000000000134bf                log_message
                0x0000000000013504                log_set_putchar_with_slip
                0x000000000001351b                dbg_putchar
                0x000000000001359c                dbg_send_bytes
 .text          0x00000000000135f4      0x39b build/cooja/contiki-ng-cooja.a(cfs-cooja.o)
                0x00000000000135f4                cfs_open
                0x0000000000013671                cfs_close
                0x0000000000013686                cfs_read
                0x000000000001374d                cfs_write
                0x000000000001385d                cfs_seek
                0x000000000001390c                cfs_remove
                0x000000000001393c                cfs_opendir
                0x0000000000013953                cfs_readdir
                0x000000000001396a                cfs_closedir
 .text          0x000000000001398f      0x79f build/cooja/contiki-ng-cooja.a(cooja-radio.o)
                0x00000000000139ee                radio_set_channel
                0x0000000000013a08                radio_set_txpower
                0x0000000000013a25                radio_signal_strength_last
                0x0000000000013a38                radio_signal_strength_current
                0x0000000000013a4b                radio_LQI
 .text          0x000000000001412e      0x163 build/cooja/contiki-ng-cooja.a(eeprom.o)
                0x000000000001412e                eeprom_init
                0x000000000001413d                eeprom_read
                0x00000000000141dc                eeprom_write
 .text          0x0000000000014291       0x2f build/cooja/contiki-ng-cooja.a(random.o)
                0x0000000000014291                random_init
                0x00000000000142b1                random_rand
 .text          0x00000000000142c0      0x35f build/cooja/contiki-ng-cooja.a(sensors.o)
                0x0000000000014309                sensors_first
                0x000000000001431d                sensors_next
                0x000000000001434c                sensors_changed
                0x0000000000014399                sensors_find
 .text          0x000000000001461f      0x3ad build/cooja/contiki-ng-cooja.a(leds.o)
                0x000000000001461f                leds_init
                0x000000000001466a                leds_single_on
                0x00000000000146d7                leds_single_off
                0x0000000000014744                leds_single_toggle
                0x000000000001477c                leds_on
                0x000000000001480d                leds_off
                0x000000000001489e                leds_toggle
                0x00000000000148fa                leds_set
                0x0000000000014923                leds_get
 .text          0x00000000000149cc      0x41b build/cooja/contiki-ng-cooja.a(gpio-hal-arch.o)
                0x00000000000149cc                gpio_hal_arch_register_pin_callback
                0x0000000000014a73                gpio_hal_arch_init
                0x0000000000014ac9                gpio_hal_arch_no_port_interrupt_enable
                0x0000000000014b16                gpio_hal_arch_no_port_interrupt_disable
                0x0000000000014b63                gpio_hal_arch_no_port_pin_cfg_set
                0x0000000000014b99                gpio_hal_arch_no_port_pin_cfg_get
                0x0000000000014bcd                gpio_hal_arch_no_port_pin_set_input
                0x0000000000014be0                gpio_hal_arch_no_port_pin_set_output
                0x0000000000014bf3                gpio_hal_arch_no_port_set_pin
                0x0000000000014c17                gpio_hal_arch_no_port_clear_pin
                0x0000000000014c3b                gpio_hal_arch_no_port_read_pin
                0x0000000000014c68                gpio_hal_arch_no_port_write_pin
                0x0000000000014c92                gpio_hal_arch_no_port_set_pins
                0x0000000000014ce1                gpio_hal_arch_no_port_clear_pins
                0x0000000000014d30                gpio_hal_arch_no_port_read_pins
                0x0000000000014d7e                gpio_hal_arch_no_port_write_pins
 .text          0x0000000000014de7       0xa8 build/cooja/contiki-ng-cooja.a(buttons.o)
 .text          0x0000000000014e8f      0x227 build/cooja/contiki-ng-cooja.a(res_barrier.o)
 .text          0x00000000000150b6      0x2e0 build/cooja/contiki-ng-cooja.a(coap-blocking-api.o)
                0x00000000000150b6                coap_blocking_request_callback
                0x00000000000150f1                coap_blocking_request
 .text          0x0000000000015396      0xdaa build/cooja/contiki-ng-cooja.a(coap-engine.o)
                0x0000000000015465                coap_add_handler
                0x000000000001548e                coap_remove_handler
                0x00000000000154b7                coap_call_handlers
                0x00000000000155f8                coap_receive
                0x0000000000015cae                coap_engine_init
                0x0000000000015d0e                coap_activate_resource
                0x0000000000015ddf                coap_get_first_resource
                0x0000000000015df8                coap_get_next_resource
 .text          0x0000000000016140      0xa9c build/cooja/contiki-ng-cooja.a(coap-observe.o)
                0x0000000000016291                coap_remove_observer
                0x00000000000162d0                coap_remove_observer_by_client
                0x0000000000016346                coap_remove_observer_by_token
                0x00000000000163f4                coap_remove_observer_by_uri
                0x00000000000164b1                coap_remove_observer_by_mid
                0x000000000001653b                coap_notify_observers
                0x000000000001655f                coap_notify_observers_sub
                0x0000000000016a11                coap_observe_handler
                0x0000000000016b65                coap_has_observers
 .text          0x0000000000016bdc      0x376 build/cooja/contiki-ng-cooja.a(coap-res-well-known-core.o)
 .text          0x0000000000016f52      0x322 build/cooja/contiki-ng-cooja.a(coap-timer.o)
                0x0000000000017064                coap_timer_stop
                0x000000000001709a                coap_timer_set
                0x00000000000170d1                coap_timer_reset
                0x000000000001710b                coap_timer_time_to_next_expiration
                0x0000000000017164                coap_timer_run
                0x000000000001722b                coap_timer_init
 .text          0x0000000000017274      0x33a build/cooja/contiki-ng-cooja.a(coap-transactions.o)
                0x0000000000017306                coap_new_transaction
                0x000000000001737d                coap_send_transaction
                0x00000000000174fc                coap_clear_transaction
                0x0000000000017552                coap_get_transaction_by_mid
 .text          0x00000000000175ae      0x8b4 build/cooja/contiki-ng-cooja.a(coap-uip.o)
                0x00000000000175ae                coap_endpoint_log
                0x000000000001764a                coap_endpoint_print
                0x00000000000176e6                coap_endpoint_snprint
                0x000000000001786c                coap_endpoint_copy
                0x00000000000178b4                coap_endpoint_cmp
                0x0000000000017a09                coap_endpoint_parse
                0x0000000000017c38                coap_endpoint_is_secure
                0x0000000000017c51                coap_endpoint_is_connected
                0x0000000000017c97                coap_endpoint_connect
                0x0000000000017cbd                coap_endpoint_disconnect
                0x0000000000017ccc                coap_databuf
                0x0000000000017ce0                coap_transport_init
                0x0000000000017d40                coap_sendto
 .text          0x0000000000017e62     0x24a7 build/cooja/contiki-ng-cooja.a(coap.o)
                0x000000000001853a                coap_init_connection
                0x0000000000018551                coap_get_mid
                0x0000000000018573                coap_init_message
                0x00000000000185c9                coap_serialize_message
                0x0000000000018d52                coap_parse_message
                0x0000000000019586                coap_get_query_variable
                0x00000000000195e2                coap_get_post_variable
                0x000000000001963c                coap_set_status_code
                0x000000000001966e                coap_set_token
                0x00000000000196ce                coap_get_header_content_format
                0x0000000000019716                coap_set_header_content_format
                0x000000000001974e                coap_get_header_accept
                0x0000000000019799                coap_set_header_accept
                0x00000000000197d4                coap_get_header_max_age
                0x000000000001981d                coap_set_header_max_age
                0x0000000000019852                coap_get_header_etag
                0x000000000001989e                coap_set_header_etag
                0x000000000001990f                coap_get_header_if_match
                0x0000000000019961                coap_set_header_if_match
                0x00000000000199de                coap_get_header_if_none_match
                0x0000000000019a09                coap_set_header_if_none_match
                0x0000000000019a31                coap_get_header_proxy_uri
                0x0000000000019a7a                coap_set_header_proxy_uri
                0x0000000000019ac9                coap_get_header_uri_host
                0x0000000000019b12                coap_set_header_uri_host
                0x0000000000019b61                coap_get_header_uri_path
                0x0000000000019bb0                coap_set_header_uri_path
                0x0000000000019c1a                coap_get_header_uri_query
                0x0000000000019c69                coap_set_header_uri_query
                0x0000000000019cd3                coap_get_header_location_path
                0x0000000000019d1c                coap_set_header_location_path
                0x0000000000019dd2                coap_get_header_location_query
                0x0000000000019e21                coap_set_header_location_query
                0x0000000000019e8b                coap_get_header_observe
                0x0000000000019ed4                coap_set_header_observe
                0x0000000000019f0c                coap_get_header_block2
                0x0000000000019fae                coap_set_header_block2
                0x000000000001a03e                coap_get_header_block1
                0x000000000001a0e0                coap_set_header_block1
                0x000000000001a16b                coap_get_header_size2
                0x000000000001a1b2                coap_set_header_size2
                0x000000000001a1ea                coap_get_header_size1
                0x000000000001a231                coap_set_header_size1
                0x000000000001a269                coap_get_payload
                0x000000000001a2b9                coap_set_payload
 .text          0x000000000001a309      0x405 build/cooja/contiki-ng-cooja.a(contiki-main.o)
                0x000000000001a309                main
 .text          0x000000000001a70e       0xbd build/cooja/contiki-ng-cooja.a(autostart.o)
                0x000000000001a70e                autostart_start
                0x000000000001a76f                autostart_exit
 .text          0x000000000001a7cb      0x441 build/cooja/contiki-ng-cooja.a(ctimer.o)
                0x000000000001a92d                ctimer_init
                0x000000000001a962                ctimer_set
                0x000000000001a9a6                ctimer_set_with_process
                0x000000000001aa60                ctimer_reset
                0x000000000001aad1                ctimer_restart
                0x000000000001ab42                ctimer_stop
                0x000000000001aba0                ctimer_expired
 .text          0x000000000001ac0c       0x25 build/cooja/contiki-ng-cooja.a(energest.o)
                0x000000000001ac0c                energest_init
                0x000000000001ac17                energest_flush
                0x000000000001ac22                energest_get_total_time
 .text          0x000000000001ac31      0x57c build/cooja/contiki-ng-cooja.a(etimer.o)
                0x000000000001aed9                etimer_request_poll
                0x000000000001af8b                etimer_set
                0x000000000001afc1                etimer_reset_with_new_interval
                0x000000000001affc                etimer_reset
                0x000000000001b027                etimer_restart
                0x000000000001b052                etimer_adjust
                0x000000000001b083                etimer_expired
                0x000000000001b0a2                etimer_expiration_time
                0x000000000001b0c2                etimer_start_time
                0x000000000001b0d7                etimer_pending
                0x000000000001b0f1                etimer_next_expiration_time
                0x000000000001b112                etimer_stop
 .text          0x000000000001b1ad      0x539 build/cooja/contiki-ng-cooja.a(log.o)
                0x000000000001b1ad                log_6addr
                0x000000000001b213                log_6addr_compact_snprint
                0x000000000001b2ee                log_6addr_compact
                0x000000000001b354                log_lladdr
                0x000000000001b3d4                log_lladdr_compact
                0x000000000001b456                log_bytes
                0x000000000001b4b6                log_set_level
                0x000000000001b5c4                log_get_level
                0x000000000001b67b                log_level_to_str
 .text          0x000000000001b6e6       0x36 build/cooja/contiki-ng-cooja.a(node-id.o)
                0x000000000001b6e6                node_id_init
 .text          0x000000000001b71c      0x673 build/cooja/contiki-ng-cooja.a(process.o)
                0x000000000001b71c                process_alloc_event
                0x000000000001b736                process_start
                0x000000000001b9a6                process_exit
                0x000000000001b9d2                process_init
                0x000000000001bbc9                process_run
                0x000000000001bbfe                process_nevents
                0x000000000001bc1e                process_post
                0x000000000001bce6                process_post_synch
                0x000000000001bd34                process_poll
                0x000000000001bd71                process_is_running
 .text          0x000000000001bd8f      0x101 build/cooja/contiki-ng-cooja.a(rtimer.o)
                0x000000000001bd8f                rtimer_init
                0x000000000001bd9f                rtimer_set
                0x000000000001be20                rtimer_run_next
 .text          0x000000000001be90       0xfd build/cooja/contiki-ng-cooja.a(timer.o)
                0x000000000001be90                timer_set
                0x000000000001bebf                timer_reset
                0x000000000001befb                timer_restart
                0x000000000001bf1a                timer_expired
                0x000000000001bf55                timer_remaining
 .text          0x000000000001bf8d      0x39b build/cooja/contiki-ng-cooja.a(list.o)
                0x000000000001bf8d                list_init
                0x000000000001bfa7                list_head
                0x000000000001bfbc                list_copy
                0x000000000001bfdd                list_tail
                0x000000000001c026                list_add
                0x000000000001c08a                list_push
                0x000000000001c0cd                list_chop
                0x000000000001c15a                list_pop
                0x000000000001c194                list_remove
                0x000000000001c220                list_length
                0x000000000001c25b                list_insert
                0x000000000001c2be                list_item_next
                0x000000000001c2e1                list_contains
 .text          0x000000000001c328      0x21a build/cooja/contiki-ng-cooja.a(memb.o)
                0x000000000001c328                memb_init
                0x000000000001c38b                memb_alloc
                0x000000000001c405                memb_free
                0x000000000001c498                memb_inmemb
                0x000000000001c4ef                memb_numfree
 .text          0x000000000001c542      0x574 build/cooja/contiki-ng-cooja.a(button-hal.o)
                0x000000000001c70d                button_hal_get_by_id
                0x000000000001c75b                button_hal_get_by_index
                0x000000000001c792                button_hal_get_state
                0x000000000001c7f5                button_hal_init
 .text          0x000000000001cab6      0x181 build/cooja/contiki-ng-cooja.a(gpio-hal.o)
                0x000000000001cab6                gpio_hal_register_handler
                0x000000000001cadf                gpio_hal_event_handler
                0x000000000001cb4a                gpio_hal_init
                0x000000000001cb69                gpio_hal_arch_port_toggle_pin
                0x000000000001cba0                gpio_hal_arch_port_toggle_pins
                0x000000000001cbd1                gpio_hal_arch_no_port_toggle_pin
                0x000000000001cc0b                gpio_hal_arch_no_port_toggle_pins
 .text          0x000000000001cc37      0x238 build/cooja/contiki-ng-cooja.a(serial-line.o)
                0x000000000001cc37                serial_line_input_byte
                0x000000000001ce32                serial_line_init
 .text          0x000000000001ce6f       0x80 build/cooja/contiki-ng-cooja.a(linkaddr.o)
                0x000000000001ce6f                linkaddr_copy
                0x000000000001ce90                linkaddr_cmp
                0x000000000001cec6                linkaddr_set_node_addr
 .text          0x000000000001ceef      0x12b build/cooja/contiki-ng-cooja.a(netstack.o)
                0x000000000001ceef                netstack_process_ip_callback
                0x000000000001cf90                netstack_ip_packet_processor_add
                0x000000000001cfc0                uip_ds6_ip_packet_processor_rm
                0x000000000001cfe9                netstack_init
 .text          0x000000000001d01a      0x4a8 build/cooja/contiki-ng-cooja.a(packetbuf.o)
                0x000000000001d01a                packetbuf_clear
                0x000000000001d048                packetbuf_copyfrom
                0x000000000001d0a1                packetbuf_copyto
                0x000000000001d147                packetbuf_hdralloc
                0x000000000001d1d6                packetbuf_hdrreduce
                0x000000000001d226                packetbuf_set_datalen
                0x000000000001d242                packetbuf_dataptr
                0x000000000001d267                packetbuf_hdrptr
                0x000000000001d278                packetbuf_datalen
                0x000000000001d289                packetbuf_hdrlen
                0x000000000001d2a5                packetbuf_totlen
                0x000000000001d2c7                packetbuf_remaininglen
                0x000000000001d2df                packetbuf_attr_clear
                0x000000000001d344                packetbuf_attr_copyto
                0x000000000001d38f                packetbuf_attr_copyfrom
                0x000000000001d3da                packetbuf_set_attr
                0x000000000001d40a                packetbuf_attr
                0x000000000001d42b                packetbuf_set_addr
                0x000000000001d471                packetbuf_addr
                0x000000000001d49b                packetbuf_holds_broadcast
 .text          0x000000000001d4c2      0x382 build/cooja/contiki-ng-cooja.a(queuebuf.o)
                0x000000000001d4d7                queuebuf_init
                0x000000000001d500                queuebuf_numfree
                0x000000000001d519                queuebuf_new_from_packetbuf
                0x000000000001d5cc                queuebuf_update_attr_from_packetbuf
                0x000000000001d60f                queuebuf_update_from_packetbuf
                0x000000000001d66b                queuebuf_free
                0x000000000001d6c7                queuebuf_to_packetbuf
                0x000000000001d740                queuebuf_dataptr
                0x000000000001d787                queuebuf_datalen
                0x000000000001d7b7                queuebuf_addr
                0x000000000001d7fe                queuebuf_attr
                0x000000000001d839                queuebuf_debug_print
 .text          0x000000000001d844      0x116 build/cooja/contiki-ng-cooja.a(printf.o)
                0x000000000001d879                log_printf
 .text          0x000000000001d95a       0x1e build/cooja/contiki-ng-cooja.a(putchar.o)
                0x000000000001d95a                log_putchar
 .text          0x000000000001d978       0x3d build/cooja/contiki-ng-cooja.a(puts.o)
                0x000000000001d978                log_puts
 .text          0x000000000001d9b5      0x1f8 build/cooja/contiki-ng-cooja.a(snprintf.o)
                0x000000000001da40                log_snprintf
                0x000000000001db25                log_vsnprintf
 .text          0x000000000001dbad     0x170b build/cooja/contiki-ng-cooja.a(strformat.o)
                0x000000000001df20                format_str
                0x000000000001e001                format_str_v
 .text          0x000000000001f2b8      0x292 build/cooja/contiki-ng-cooja.a(csma.o)
 .text          0x000000000001f54a     0x3747 build/cooja/contiki-ng-cooja.a(sicslowpan.o)
                0x000000000001fd20                netstack_sniffer_add
                0x000000000001fd3a                netstack_sniffer_remove
                0x0000000000022c5a                sicslowpan_init
                0x0000000000022c81                sicslowpan_get_last_rssi
 .text          0x0000000000022c91      0x884 build/cooja/contiki-ng-cooja.a(tcpip.o)
                0x0000000000022cc1                tcpip_output
                0x0000000000022d59                udp_attach
                0x0000000000022d87                udp_new
                0x0000000000022de2                udp_broadcast_new
                0x0000000000022f96                tcpip_input
                0x000000000002316e                tcpip_ipv6_output
                0x00000000000233c7                tcpip_poll_udp
                0x00000000000233f5                tcpip_uipcall
 .text          0x0000000000023515      0x416 build/cooja/contiki-ng-cooja.a(uip-ds6-nbr.o)
                0x0000000000023515                uip_ds6_neighbors_init
                0x000000000002353e                uip_ds6_nbr_add
                0x00000000000235dc                uip_ds6_nbr_rm
                0x0000000000023639                uip_ds6_nbr_update_ll
                0x000000000002373e                uip_ds6_nbr_get_ipaddr
                0x000000000002375e                uip_ds6_nbr_get_ll
                0x0000000000023786                uip_ds6_nbr_num
                0x00000000000237d8                uip_ds6_nbr_head
                0x00000000000237f1                uip_ds6_nbr_next
                0x0000000000023819                uip_ds6_nbr_lookup
                0x0000000000023882                uip_ds6_nbr_ll_lookup
                0x00000000000238aa                uip_ds6_nbr_ipaddr_from_lladdr
                0x00000000000238de                uip_ds6_nbr_lladdr_from_ipaddr
                0x000000000002391a                uip_ds6_link_callback
 .text          0x000000000002392b      0x3f9 build/cooja/contiki-ng-cooja.a(uip-ds6-route.o)
                0x0000000000023982                uip_ds6_route_init
                0x00000000000239ab                uip_ds6_route_count_nexthop_neighbors
                0x00000000000239ba                uip_ds6_route_nexthop
                0x00000000000239cd                uip_ds6_route_head
                0x00000000000239dc                uip_ds6_route_next
                0x00000000000239ef                uip_ds6_route_is_nexthop
                0x0000000000023a02                uip_ds6_route_num_routes
                0x0000000000023a11                uip_ds6_route_lookup
                0x0000000000023a24                uip_ds6_route_add
                0x0000000000023a40                uip_ds6_route_rm
                0x0000000000023a4f                uip_ds6_route_rm_by_nexthop
                0x0000000000023a5e                uip_ds6_defrt_head
                0x0000000000023a77                uip_ds6_defrt_add
                0x0000000000023b37                uip_ds6_defrt_rm
                0x0000000000023bad                uip_ds6_defrt_lookup
                0x0000000000023c24                uip_ds6_defrt_choose
                0x0000000000023ca7                uip_ds6_defrt_periodic
 .text          0x0000000000023d24      0xebc build/cooja/contiki-ng-cooja.a(uip-ds6.o)
                0x0000000000023d24                uip_ds6_default_prefix
                0x0000000000023d35                uip_ds6_set_default_prefix
                0x0000000000023d5d                uip_ds6_init
                0x0000000000023ffc                uip_ds6_periodic
                0x000000000002409e                uip_ds6_list_loop
                0x0000000000024187                uip_ds6_prefix_add
                0x0000000000024258                uip_ds6_prefix_rm
                0x0000000000024276                uip_ds6_prefix_lookup
                0x00000000000242cd                uip_ds6_is_addr_onlink
                0x0000000000024361                uip_ds6_addr_add
                0x00000000000244ac                uip_ds6_addr_rm
                0x0000000000024567                uip_ds6_addr_lookup
                0x00000000000245bc                uip_ds6_get_link_local
                0x0000000000024661                uip_ds6_get_global
                0x0000000000024706                uip_ds6_maddr_add
                0x0000000000024782                uip_ds6_maddr_rm
                0x00000000000247a0                uip_ds6_maddr_lookup
                0x00000000000247f8                uip_ds6_aaddr_add
                0x0000000000024874                uip_ds6_aaddr_rm
                0x0000000000024892                uip_ds6_aaddr_lookup
                0x00000000000248ea                uip_ds6_select_src
                0x0000000000024a74                uip_ds6_set_addr_iid
                0x0000000000024aad                uip_ds6_set_lladdr_from_iid
                0x0000000000024ae4                get_match_length
                0x0000000000024b92                uip_ds6_compute_reachable_time
 .text          0x0000000000024be0      0x1b9 build/cooja/contiki-ng-cooja.a(uip-packetqueue.o)
                0x0000000000024c1f                uip_packetqueue_new
                0x0000000000024c39                uip_packetqueue_alloc
                0x0000000000024cb3                uip_packetqueue_free
                0x0000000000024d0b                uip_packetqueue_buf
                0x0000000000024d37                uip_packetqueue_buflen
                0x0000000000024d66                uip_packetqueue_set_buflen
 .text          0x0000000000024d99      0x147 build/cooja/contiki-ng-cooja.a(uip-udp-packet.o)
                0x0000000000024d99                uip_udp_packet_send
                0x0000000000024e1b                uip_udp_packet_sendto
 .text          0x0000000000024ee0     0x1701 build/cooja/contiki-ng-cooja.a(uip6.o)
                0x0000000000024fa4                uip_chksum
                0x000000000002508a                uip_icmp6chksum
                0x000000000002509e                uip_udpchksum
                0x00000000000250b2                uip_init
                0x0000000000025119                uip_remove_ext_hdr
                0x000000000002521a                uip_udp_new
                0x00000000000255c8                uip_process
                0x0000000000026467                uip_htons
                0x000000000002648a                uip_htonl
                0x00000000000264d2                uip_send
 .text          0x00000000000265e1      0x5b1 build/cooja/contiki-ng-cooja.a(uipbuf.o)
                0x00000000000265e1                uipbuf_clear
                0x0000000000026613                uipbuf_add_ext_hdr
                0x00000000000266ab                uipbuf_set_len
                0x00000000000266dd                uipbuf_set_len_field
                0x0000000000026710                uipbuf_get_len_field
                0x000000000002673b                uipbuf_get_next_header
                0x00000000000268ad                uipbuf_get_last_header
                0x0000000000026940                uipbuf_search_header
                0x0000000000026a07                uipbuf_get_attr
                0x0000000000026a38                uipbuf_set_attr
                0x0000000000026a78                uipbuf_set_default_attr
                0x0000000000026ab8                uipbuf_clear_attr
                0x0000000000026adf                uipbuf_set_attr_flag
                0x0000000000026b02                uipbuf_clr_attr_flag
                0x0000000000026b2b                uipbuf_is_attr_flag
                0x0000000000026b50                uipbuf_init
 .text          0x0000000000026b92      0x57d build/cooja/contiki-ng-cooja.a(uiplib.o)
                0x0000000000026b92                uiplib_ip6addrconv
                0x0000000000026d6e                uiplib_ip4addrconv
                0x0000000000026e40                uiplib_ipaddr_print
                0x0000000000026ea6                uiplib_ipaddr_snprint
 .text          0x000000000002710f      0x66e build/cooja/contiki-ng-cooja.a(rpl.o)
                0x000000000002710f                rpl_lollipop_greater_than
                0x0000000000027173                rpl_get_global_address
                0x0000000000027313                rpl_link_callback
                0x000000000002737d                rpl_has_joined
                0x00000000000273b0                rpl_is_reachable
                0x0000000000027456                rpl_reset_prefix
                0x00000000000274cd                rpl_set_prefix_from_addr
                0x00000000000275e8                rpl_set_prefix
                0x0000000000027752                rpl_set_leaf_only
                0x000000000002776c                rpl_get_leaf_only
 .text          0x000000000002777d       0x49 build/cooja/contiki-ng-cooja.a(watchdog.o)
                0x000000000002777d                watchdog_init
                0x0000000000027788                watchdog_start
                0x0000000000027793                watchdog_periodic
                0x00000000000277b0                watchdog_stop
                0x00000000000277bb                watchdog_reboot
 .text          0x00000000000277c6       0x61 build/cooja/contiki-ng-cooja.a(int-master.o)
                0x00000000000277c6                int_master_enable
                0x00000000000277db                int_master_read_and_disable
                0x00000000000277fb                int_master_status_set
                0x0000000000027812                int_master_is_enabled
 .text          0x0000000000027827      0x1e5 build/cooja/contiki-ng-cooja.a(coap-timer-default.o)
 .text          0x0000000000027a0c      0x125 build/cooja/contiki-ng-cooja.a(stimer.o)
                0x0000000000027a0c                stimer_set
                0x0000000000027a3b                stimer_reset
                0x0000000000027a77                stimer_restart
                0x0000000000027a96                stimer_expired
                0x0000000000027ad8                stimer_remaining
                0x0000000000027b10                stimer_elapsed
 .text          0x0000000000027b31      0x19d build/cooja/contiki-ng-cooja.a(ringbuf.o)
                0x0000000000027b31                ringbuf_init
                0x0000000000027b72                ringbuf_put
                0x0000000000027c01                ringbuf_get
                0x0000000000027c7f                ringbuf_size
                0x0000000000027c9b                ringbuf_elements
 .text          0x0000000000027cce      0x481 build/cooja/contiki-ng-cooja.a(link-stats.o)
                0x0000000000027cce                link_stats_from_lladdr
                0x0000000000027cf6                link_stats_get_lladdr
                0x0000000000027d1e                link_stats_is_fresh
                0x0000000000027d66                guess_etx_from_rssi
                0x0000000000027deb                link_stats_packet_sent
                0x0000000000027f4f                link_stats_input_callback
                0x00000000000280b1                link_stats_reset
                0x000000000002810d                link_stats_init
 .text          0x000000000002814f      0xcb3 build/cooja/contiki-ng-cooja.a(nbr-table.o)
                0x00000000000285ad                nbr_table_count_entries
                0x000000000002864f                nbr_table_gc_get_worst
                0x0000000000028692                nbr_table_can_accept_new
                0x0000000000028847                nbr_table_entry_is_allowed
                0x00000000000288f4                nbr_table_register
                0x0000000000028986                nbr_table_is_registered
                0x00000000000289dd                nbr_table_head
                0x0000000000028a4b                nbr_table_next
                0x0000000000028ac8                nbr_table_add_lladdr
                0x0000000000028c28                nbr_table_get_from_lladdr
                0x0000000000028c87                nbr_table_remove
                0x0000000000028ce1                nbr_table_lock
                0x0000000000028d16                nbr_table_unlock
                0x0000000000028d4b                nbr_table_get_lladdr
                0x0000000000028d8e                nbr_table_clear
                0x0000000000028dcb                nbr_table_key_head
                0x0000000000028de4                nbr_table_key_next
 .text          0x0000000000028e02      0x1e0 build/cooja/contiki-ng-cooja.a(mac-sequence.o)
                0x0000000000028e02                mac_sequence_is_duplicate
                0x0000000000028ee3                mac_sequence_register_seqno
 .text          0x0000000000028fe2      0x451 build/cooja/contiki-ng-cooja.a(framer-802154.o)
                0x000000000002917d                framer_802154_setup_params
 .text          0x0000000000029433      0xae3 build/cooja/contiki-ng-cooja.a(csma-output.o)
                0x0000000000029c15                csma_output_packet
                0x0000000000029ede                csma_output_init
 .text          0x0000000000029f16       0x3d build/cooja/contiki-ng-cooja.a(csma-security.o)
                0x0000000000029f16                csma_security_create_frame
                0x0000000000029f3c                csma_security_parse_frame
 .text          0x0000000000029f53      0x8b7 build/cooja/contiki-ng-cooja.a(uip-icmp6.o)
                0x0000000000029fd0                uip_icmp6_input
                0x000000000002a02e                uip_icmp6_register_input_handler
                0x000000000002a1c0                uip_icmp6_error_output
                0x000000000002a525                uip_icmp6_send
                0x000000000002a771                uip_icmp6_echo_reply_callback_add
                0x000000000002a7b8                uip_icmp6_echo_reply_callback_rm
                0x000000000002a7e1                uip_icmp6_init
 .text          0x000000000002a80a      0x87f build/cooja/contiki-ng-cooja.a(uip-nd6.o)
                0x000000000002b06f                uip_nd6_init
 .text          0x000000000002b089      0x7e7 build/cooja/contiki-ng-cooja.a(uip-sr.o)
                0x000000000002b089                uip_sr_num_nodes
                0x000000000002b134                uip_sr_get_node
                0x000000000002b19c                uip_sr_is_addr_reachable
                0x000000000002b264                uip_sr_expire_parent
                0x000000000002b2d3                uip_sr_update_node
                0x000000000002b447                uip_sr_init
                0x000000000002b47a                uip_sr_node_head
                0x000000000002b493                uip_sr_node_next
                0x000000000002b4b1                uip_sr_periodic
                0x000000000002b5ed                uip_sr_free_all
                0x000000000002b66c                uip_sr_link_snprint
 .text          0x000000000002b870      0x35a build/cooja/contiki-ng-cooja.a(rpl-dag-root.o)
                0x000000000002b870                rpl_dag_root_print_links
                0x000000000002b9e5                rpl_dag_root_set_prefix
                0x000000000002ba21                rpl_dag_root_start
                0x000000000002bb8a                rpl_dag_root_is_root
 .text          0x000000000002bbca     0x1219 build/cooja/contiki-ng-cooja.a(rpl-dag.o)
                0x000000000002bbca                rpl_dag_state_to_str
                0x000000000002bc28                rpl_dag_get_root_ipaddr
                0x000000000002bc72                rpl_dag_leave
                0x000000000002bd1d                rpl_dag_poison_and_leave
                0x000000000002bd3b                rpl_dag_periodic
                0x000000000002bdff                rpl_is_addr_in_our_dag
                0x000000000002be5b                rpl_get_default_instance
                0x000000000002be82                rpl_get_any_dag
                0x000000000002beef                rpl_refresh_routes
                0x000000000002bf51                rpl_global_repair
                0x000000000002c013                rpl_local_repair
                0x000000000002c075                rpl_dag_ready_to_advertise
                0x000000000002c0cd                rpl_dag_update_state
                0x000000000002c990                rpl_process_dio
                0x000000000002ca32                rpl_process_dis
                0x000000000002ca86                rpl_process_dao
                0x000000000002cb2f                rpl_process_dao_ack
                0x000000000002cbdf                rpl_process_hbh
                0x000000000002cc3e                rpl_dag_init_root
                0x000000000002cdbf                rpl_dag_init
 .text          0x000000000002cde3      0xdef build/cooja/contiki-ng-cooja.a(rpl-ext-header.o)
                0x000000000002cde3                rpl_ext_header_srh_get_next_hop
                0x000000000002cef4                rpl_ext_header_srh_update
                0x000000000002d583                rpl_ext_header_hbh_update
                0x000000000002d923                rpl_ext_header_update
                0x000000000002d9cd                rpl_ext_header_remove
 .text          0x000000000002dbd2     0x16eb build/cooja/contiki-ng-cooja.a(rpl-icmp6.o)
                0x000000000002dd66                rpl_icmp6_update_nbr_table
                0x000000000002de1b                rpl_icmp6_dis_output
                0x000000000002e53f                rpl_icmp6_dio_output
                0x000000000002ee6f                rpl_icmp6_dao_output
                0x000000000002f1e0                rpl_icmp6_dao_ack_output
                0x000000000002f276                rpl_icmp6_init
 .text          0x000000000002f2bd      0x36f build/cooja/contiki-ng-cooja.a(rpl-mrhof.o)
 .text          0x000000000002f62c       0x8c build/cooja/contiki-ng-cooja.a(rpl-nbr-policy.o)
                0x000000000002f674                rpl_nbr_gc_get_worst
 .text          0x000000000002f6b8      0xadd build/cooja/contiki-ng-cooja.a(rpl-neighbor.o)
                0x000000000002f74b                rpl_neighbor_snprint
                0x000000000002fa79                rpl_neighbor_print_list
                0x000000000002fb50                rpl_neighbor_count
                0x000000000002fc3b                rpl_neighbor_get_from_lladdr
                0x000000000002fc66                rpl_neighbor_is_acceptable_parent
                0x000000000002fcb2                rpl_neighbor_get_link_metric
                0x000000000002fcfe                rpl_neighbor_rank_via_nbr
                0x000000000002fd4a                rpl_neighbor_get_lladdr
                0x000000000002fd75                rpl_neighbor_get_ipaddr
                0x000000000002fda3                rpl_neighbor_get_link_stats
                0x000000000002fdd1                rpl_neighbor_is_fresh
                0x000000000002fdff                rpl_neighbor_is_parent
                0x000000000002fe38                rpl_neighbor_set_preferred_parent
                0x000000000002feef                rpl_neighbor_remove_all
                0x000000000002ff55                rpl_neighbor_get_from_ipaddr
                0x000000000003008e                rpl_neighbor_select_best
                0x000000000003016e                rpl_neighbor_init
 .text          0x0000000000030195      0xd3d build/cooja/contiki-ng-cooja.a(rpl-timers.o)
                0x0000000000030195                rpl_timers_schedule_periodic_dis
                0x000000000003034b                rpl_timers_dio_reset
                0x00000000000304cf                rpl_timers_schedule_unicast_dio
                0x00000000000306b6                rpl_timers_schedule_dao
                0x00000000000307bc                rpl_timers_schedule_dao_ack
                0x0000000000030881                rpl_timers_notify_dao_ack
                0x00000000000308f6                get_probing_delay
                0x000000000003093d                get_probing_target
                0x0000000000030b7b                rpl_schedule_probing
                0x0000000000030bc2                rpl_schedule_probing_now
                0x0000000000030c50                rpl_timers_unschedule_leaving
                0x0000000000030c9a                rpl_timers_schedule_leaving
                0x0000000000030cf8                rpl_timers_init
                0x0000000000030daa                rpl_timers_stop_dag_timers
                0x0000000000030e4c                rpl_timers_unschedule_state_update
                0x0000000000030e79                rpl_timers_schedule_state_update
 .text          0x0000000000030ed2       0x34 build/cooja/contiki-ng-cooja.a(assert.o)
                0x0000000000030ed2                _xassert
 .text          0x0000000000030f06       0x3a build/cooja/contiki-ng-cooja.a(mac.o)
                0x0000000000030f06                mac_call_sent_callback
 .text          0x0000000000030f40      0xca9 build/cooja/contiki-ng-cooja.a(frame802154.o)
                0x0000000000030f6e                frame802154_get_pan_id
                0x0000000000030f7f                frame802154_set_pan_id
                0x0000000000030f9b                frame802154_has_panid
                0x000000000003117a                frame802154_check_dest_panid
                0x0000000000031218                frame802154_is_broadcast_addr
                0x000000000003126f                frame802154_extract_linkaddr
                0x0000000000031509                frame802154_hdrlen
                0x0000000000031588                frame802154_create_fcf
                0x000000000003165a                frame802154_create
                0x0000000000031804                frame802154_parse_fcf
                0x00000000000318fb                frame802154_parse
 .text          0x0000000000031be9        0x0 /usr/lib/gcc/x86_64-linux-gnu/11/crtendS.o
 .text          0x0000000000031be9        0x0 /usr/lib/gcc/x86_64-linux-gnu/11/../../../x86_64-linux-gnu/crtn.o
 *(.gnu.warning)

.fini           0x0000000000031bec        0xd
 *(SORT_NONE(.fini))
 .fini          0x0000000000031bec        0x8 /usr/lib/gcc/x86_64-linux-gnu/11/../../../x86_64-linux-gnu/crti.o
                0x0000000000031bec                _fini
 .fini          0x0000000000031bf4        0x5 /usr/lib/gcc/x86_64-linux-gnu/11/../../../x86_64-linux-gnu/crtn.o
                [!provide]                        PROVIDE (__etext = .)
                [!provide]                        PROVIDE (_etext = .)
                [!provide]                        PROVIDE (etext = .)
                0x0000000000032000                . = ALIGN (CONSTANT (MAXPAGESIZE))
                0x0000000000032000                . = SEGMENT_START ("rodata-segment", (ALIGN (CONSTANT (MAXPAGESIZE)) + (. & (CONSTANT (MAXPAGESIZE) - 0x1))))

.rodata         0x0000000000032000      0xc5d
 *(.rodata .rodata.* .gnu.linkonce.r.*)
 .rodata        0x0000000000032000      0x190 barrier.o
 .rodata        0x0000000000032190        0x6 build/cooja/contiki-ng-cooja.a(leds-arch.o)
                0x0000000000032190                leds_arch_leds
 .rodata        0x0000000000032196        0x4 build/cooja/contiki-ng-cooja.a(pir-sensor.o)
 .rodata        0x000000000003219a        0x3 build/cooja/contiki-ng-cooja.a(rs232.o)
 .rodata        0x000000000003219d        0xa build/cooja/contiki-ng-cooja.a(vib-sensor.o)
 *fill*         0x00000000000321a7        0x1 
 .rodata        0x00000000000321a8       0x26 build/cooja/contiki-ng-cooja.a(cfs-cooja.o)
 *fill*         0x00000000000321ce        0x2 
 .rodata        0x00000000000321d0       0x68 build/cooja/contiki-ng-cooja.a(cooja-radio.o)
 .rodata        0x0000000000032238        0x8 build/cooja/contiki-ng-cooja.a(sensors.o)
 .rodata        0x0000000000032240       0x14 build/cooja/contiki-ng-cooja.a(buttons.o)
                0x000000000003224c                button_hal_button_count
 .rodata        0x0000000000032254       0x96 build/cooja/contiki-ng-cooja.a(res_barrier.o)
 .rodata        0x00000000000322ea       0x41 build/cooja/contiki-ng-cooja.a(coap-engine.o)
 .rodata        0x000000000003232b       0x11 build/cooja/contiki-ng-cooja.a(coap-observe.o)
 .rodata        0x000000000003233c       0x19 build/cooja/contiki-ng-cooja.a(coap-res-well-known-core.o)
 .rodata        0x0000000000032355       0x35 build/cooja/contiki-ng-cooja.a(coap-uip.o)
 *fill*         0x000000000003238a        0x6 
 .rodata        0x0000000000032390      0x1b0 build/cooja/contiki-ng-cooja.a(coap.o)
 .rodata        0x0000000000032540       0xf4 build/cooja/contiki-ng-cooja.a(contiki-main.o)
 .rodata        0x0000000000032634        0xf build/cooja/contiki-ng-cooja.a(ctimer.o)
 .rodata        0x0000000000032643        0xc build/cooja/contiki-ng-cooja.a(etimer.o)
 *fill*         0x000000000003264f        0x1 
 .rodata        0x0000000000032650       0xc0 build/cooja/contiki-ng-cooja.a(log.o)
 .rodata        0x0000000000032710       0x13 build/cooja/contiki-ng-cooja.a(button-hal.o)
 .rodata        0x0000000000032723        0xe build/cooja/contiki-ng-cooja.a(serial-line.o)
 *fill*         0x0000000000032731        0x7 
 .rodata        0x0000000000032738        0x8 build/cooja/contiki-ng-cooja.a(linkaddr.o)
                0x0000000000032738                linkaddr_null
 .rodata        0x0000000000032740      0x280 build/cooja/contiki-ng-cooja.a(strformat.o)
 .rodata        0x00000000000329c0        0x5 build/cooja/contiki-ng-cooja.a(csma.o)
 .rodata        0x00000000000329c5       0x1d build/cooja/contiki-ng-cooja.a(sicslowpan.o)
                0x00000000000329c5                unc_llconf
                0x00000000000329c9                unc_ctxconf
                0x00000000000329cd                unc_mxconf
                0x00000000000329d1                llprefix
 .rodata        0x00000000000329e2        0xd build/cooja/contiki-ng-cooja.a(tcpip.o)
 *fill*         0x00000000000329ef        0x1 
 .rodata        0x00000000000329f0       0x4c build/cooja/contiki-ng-cooja.a(uip-ds6-route.o)
 .rodata        0x0000000000032a3c       0x2d build/cooja/contiki-ng-cooja.a(uiplib.o)
 .rodata        0x0000000000032a69        0x9 build/cooja/contiki-ng-cooja.a(rpl.o)
 .rodata        0x0000000000032a72       0x13 build/cooja/contiki-ng-cooja.a(coap-timer-default.o)
 *fill*         0x0000000000032a85        0x3 
 .rodata        0x0000000000032a88       0x27 build/cooja/contiki-ng-cooja.a(csma-output.o)
 .rodata        0x0000000000032aaf       0x44 build/cooja/contiki-ng-cooja.a(uip-sr.o)
 .rodata        0x0000000000032af3       0xd7 build/cooja/contiki-ng-cooja.a(rpl-dag.o)
 *fill*         0x0000000000032bca        0x6 
 .rodata        0x0000000000032bd0       0x58 build/cooja/contiki-ng-cooja.a(rpl-neighbor.o)
 .rodata        0x0000000000032c28        0xc build/cooja/contiki-ng-cooja.a(rpl-timers.o)
 *fill*         0x0000000000032c34        0x4 
 .rodata        0x0000000000032c38       0x25 build/cooja/contiki-ng-cooja.a(assert.o)

.rodata1
 *(.rodata1)

.eh_frame_hdr   0x0000000000032c60     0x1abc
 *(.eh_frame_hdr)
 .eh_frame_hdr  0x0000000000032c60     0x1abc barrier.o
                0x0000000000032c60                __GNU_EH_FRAME_HDR
 *(.eh_frame_entry .eh_frame_entry.*)

.eh_frame       0x0000000000034720     0x6b60
 *(.eh_frame)
 .eh_frame      0x0000000000034720       0x40 /usr/lib/gcc/x86_64-linux-gnu/11/../../../x86_64-linux-gnu/crti.o
 .eh_frame      0x0000000000034760       0x18 /usr/lib/gcc/x86_64-linux-gnu/11/../../../x86_64-linux-gnu/crti.o
                                         0x30 (size before relaxing)
 .eh_frame      0x0000000000034778       0x18 /usr/lib/gcc/x86_64-linux-gnu/11/../../../x86_64-linux-gnu/crti.o
                                         0x30 (size before relaxing)
 .eh_frame      0x0000000000034790       0x60 barrier.o
                                         0x78 (size before relaxing)
 .eh_frame      0x00000000000347f0      0x198 build/cooja/mtype325664399.o
                                        0x1b0 (size before relaxing)
 .eh_frame      0x0000000000034988       0x40 build/cooja/contiki-ng-cooja.a(simEnvChange.o)
                                         0x58 (size before relaxing)
 .eh_frame      0x00000000000349c8       0x60 build/cooja/contiki-ng-cooja.a(cooja_mt.o)
                                         0x78 (size before relaxing)
 .eh_frame      0x0000000000034a28       0x80 build/cooja/contiki-ng-cooja.a(cooja_mtarch.o)
                                         0x98 (size before relaxing)
 .eh_frame      0x0000000000034aa8       0xc0 build/cooja/contiki-ng-cooja.a(rtimer-arch.o)
                                         0xd8 (size before relaxing)
 .eh_frame      0x0000000000034b68      0x160 build/cooja/contiki-ng-cooja.a(beep.o)
                                        0x178 (size before relaxing)
 .eh_frame      0x0000000000034cc8       0x80 build/cooja/contiki-ng-cooja.a(leds-arch.o)
                                         0x98 (size before relaxing)
 .eh_frame      0x0000000000034d48       0x40 build/cooja/contiki-ng-cooja.a(moteid.o)
                                         0x58 (size before relaxing)
 .eh_frame      0x0000000000034d88       0xa0 build/cooja/contiki-ng-cooja.a(pir-sensor.o)
                                         0xb8 (size before relaxing)
 .eh_frame      0x0000000000034e28      0x100 build/cooja/contiki-ng-cooja.a(rs232.o)
                                        0x118 (size before relaxing)
 .eh_frame      0x0000000000034f28       0xa0 build/cooja/contiki-ng-cooja.a(vib-sensor.o)
                                         0xb8 (size before relaxing)
 .eh_frame      0x0000000000034fc8       0xc0 build/cooja/contiki-ng-cooja.a(clock.o)
                                         0xd8 (size before relaxing)
 .eh_frame      0x0000000000035088      0x100 build/cooja/contiki-ng-cooja.a(cooja-log.o)
                                        0x118 (size before relaxing)
 .eh_frame      0x0000000000035188      0x160 build/cooja/contiki-ng-cooja.a(cfs-cooja.o)
                                        0x178 (size before relaxing)
 .eh_frame      0x00000000000352e8      0x360 build/cooja/contiki-ng-cooja.a(cooja-radio.o)
                                        0x378 (size before relaxing)
 .eh_frame      0x0000000000035648       0xa0 build/cooja/contiki-ng-cooja.a(eeprom.o)
                                         0xb8 (size before relaxing)
 .eh_frame      0x00000000000356e8       0x40 build/cooja/contiki-ng-cooja.a(random.o)
                                         0x58 (size before relaxing)
 .eh_frame      0x0000000000035728       0xc0 build/cooja/contiki-ng-cooja.a(sensors.o)
                                         0xd8 (size before relaxing)
 .eh_frame      0x00000000000357e8      0x120 build/cooja/contiki-ng-cooja.a(leds.o)
                                        0x138 (size before relaxing)
 .eh_frame      0x0000000000035908      0x220 build/cooja/contiki-ng-cooja.a(gpio-hal-arch.o)
                                        0x238 (size before relaxing)
 .eh_frame      0x0000000000035b28       0xa0 build/cooja/contiki-ng-cooja.a(buttons.o)
                                         0xb8 (size before relaxing)
 .eh_frame      0x0000000000035bc8       0x40 build/cooja/contiki-ng-cooja.a(res_barrier.o)
                                         0x58 (size before relaxing)
 .eh_frame      0x0000000000035c08       0x40 build/cooja/contiki-ng-cooja.a(coap-blocking-api.o)
                                         0x58 (size before relaxing)
 .eh_frame      0x0000000000035c48      0x220 build/cooja/contiki-ng-cooja.a(coap-engine.o)
                                        0x238 (size before relaxing)
 .eh_frame      0x0000000000035e68      0x188 build/cooja/contiki-ng-cooja.a(coap-observe.o)
                                        0x1a0 (size before relaxing)
 .eh_frame      0x0000000000035ff0       0x20 build/cooja/contiki-ng-cooja.a(coap-res-well-known-core.o)
                                         0x38 (size before relaxing)
 .eh_frame      0x0000000000036010      0x108 build/cooja/contiki-ng-cooja.a(coap-timer.o)
                                        0x120 (size before relaxing)
 .eh_frame      0x0000000000036118      0x100 build/cooja/contiki-ng-cooja.a(coap-transactions.o)
                                        0x118 (size before relaxing)
 .eh_frame      0x0000000000036218      0x248 build/cooja/contiki-ng-cooja.a(coap-uip.o)
                                        0x260 (size before relaxing)
 .eh_frame      0x0000000000036460      0x6e8 build/cooja/contiki-ng-cooja.a(coap.o)
                                        0x700 (size before relaxing)
 .eh_frame      0x0000000000036b48       0x20 build/cooja/contiki-ng-cooja.a(contiki-main.o)
                                         0x38 (size before relaxing)
 .eh_frame      0x0000000000036b68       0x40 build/cooja/contiki-ng-cooja.a(autostart.o)
                                         0x58 (size before relaxing)
 .eh_frame      0x0000000000036ba8      0x100 build/cooja/contiki-ng-cooja.a(ctimer.o)
                                        0x118 (size before relaxing)
 .eh_frame      0x0000000000036ca8       0x60 build/cooja/contiki-ng-cooja.a(energest.o)
                                         0x78 (size before relaxing)
 .eh_frame      0x0000000000036d08      0x1e0 build/cooja/contiki-ng-cooja.a(etimer.o)
                                        0x1f8 (size before relaxing)
 .eh_frame      0x0000000000036ee8      0x120 build/cooja/contiki-ng-cooja.a(log.o)
                                        0x138 (size before relaxing)
 .eh_frame      0x0000000000037008       0x20 build/cooja/contiki-ng-cooja.a(node-id.o)
                                         0x38 (size before relaxing)
 .eh_frame      0x0000000000037028      0x1c8 build/cooja/contiki-ng-cooja.a(process.o)
                                        0x1e0 (size before relaxing)
 .eh_frame      0x00000000000371f0       0x60 build/cooja/contiki-ng-cooja.a(rtimer.o)
                                         0x78 (size before relaxing)
 .eh_frame      0x0000000000037250       0xa0 build/cooja/contiki-ng-cooja.a(timer.o)
                                         0xb8 (size before relaxing)
 .eh_frame      0x00000000000372f0      0x1a0 build/cooja/contiki-ng-cooja.a(list.o)
                                        0x1b8 (size before relaxing)
 .eh_frame      0x0000000000037490       0xa0 build/cooja/contiki-ng-cooja.a(memb.o)
                                         0xb8 (size before relaxing)
 .eh_frame      0x0000000000037530      0x160 build/cooja/contiki-ng-cooja.a(button-hal.o)
                                        0x178 (size before relaxing)
 .eh_frame      0x0000000000037690       0xe0 build/cooja/contiki-ng-cooja.a(gpio-hal.o)
                                         0xf8 (size before relaxing)
 .eh_frame      0x0000000000037770       0x60 build/cooja/contiki-ng-cooja.a(serial-line.o)
                                         0x78 (size before relaxing)
 .eh_frame      0x00000000000377d0       0x60 build/cooja/contiki-ng-cooja.a(linkaddr.o)
                                         0x78 (size before relaxing)
 .eh_frame      0x0000000000037830       0x80 build/cooja/contiki-ng-cooja.a(netstack.o)
                                         0x98 (size before relaxing)
 .eh_frame      0x00000000000378b0      0x288 build/cooja/contiki-ng-cooja.a(packetbuf.o)
                                        0x2a0 (size before relaxing)
 .eh_frame      0x0000000000037b38      0x1a0 build/cooja/contiki-ng-cooja.a(queuebuf.o)
                                        0x1b8 (size before relaxing)
 .eh_frame      0x0000000000037cd8       0x40 build/cooja/contiki-ng-cooja.a(printf.o)
                                         0x58 (size before relaxing)
 .eh_frame      0x0000000000037d18       0x20 build/cooja/contiki-ng-cooja.a(putchar.o)
                                         0x38 (size before relaxing)
 .eh_frame      0x0000000000037d38       0x20 build/cooja/contiki-ng-cooja.a(puts.o)
                                         0x38 (size before relaxing)
 .eh_frame      0x0000000000037d58       0x60 build/cooja/contiki-ng-cooja.a(snprintf.o)
                                         0x78 (size before relaxing)
 .eh_frame      0x0000000000037db8      0x120 build/cooja/contiki-ng-cooja.a(strformat.o)
                                        0x138 (size before relaxing)
 .eh_frame      0x0000000000037ed8       0xe0 build/cooja/contiki-ng-cooja.a(csma.o)
                                         0xf8 (size before relaxing)
 .eh_frame      0x0000000000037fb8      0x2e0 build/cooja/contiki-ng-cooja.a(sicslowpan.o)
                                        0x2f8 (size before relaxing)
 .eh_frame      0x0000000000038298      0x248 build/cooja/contiki-ng-cooja.a(tcpip.o)
                                        0x260 (size before relaxing)
 .eh_frame      0x00000000000384e0      0x1c0 build/cooja/contiki-ng-cooja.a(uip-ds6-nbr.o)
                                        0x1d8 (size before relaxing)
 .eh_frame      0x00000000000386a0      0x240 build/cooja/contiki-ng-cooja.a(uip-ds6-route.o)
                                        0x258 (size before relaxing)
 .eh_frame      0x00000000000388e0      0x328 build/cooja/contiki-ng-cooja.a(uip-ds6.o)
                                        0x340 (size before relaxing)
 .eh_frame      0x0000000000038c08       0xe0 build/cooja/contiki-ng-cooja.a(uip-packetqueue.o)
                                         0xf8 (size before relaxing)
 .eh_frame      0x0000000000038ce8       0x40 build/cooja/contiki-ng-cooja.a(uip-udp-packet.o)
                                         0x58 (size before relaxing)
 .eh_frame      0x0000000000038d28      0x1e8 build/cooja/contiki-ng-cooja.a(uip6.o)
                                        0x200 (size before relaxing)
 .eh_frame      0x0000000000038f10      0x200 build/cooja/contiki-ng-cooja.a(uipbuf.o)
                                        0x218 (size before relaxing)
 .eh_frame      0x0000000000039110       0x80 build/cooja/contiki-ng-cooja.a(uiplib.o)
                                         0x98 (size before relaxing)
 .eh_frame      0x0000000000039190      0x1e0 build/cooja/contiki-ng-cooja.a(rpl.o)
                                        0x1f8 (size before relaxing)
 .eh_frame      0x0000000000039370       0xa0 build/cooja/contiki-ng-cooja.a(watchdog.o)
                                         0xb8 (size before relaxing)
 .eh_frame      0x0000000000039410       0x80 build/cooja/contiki-ng-cooja.a(int-master.o)
                                         0x98 (size before relaxing)
 .eh_frame      0x0000000000039490       0xa0 build/cooja/contiki-ng-cooja.a(coap-timer-default.o)
                                         0xb8 (size before relaxing)
 .eh_frame      0x0000000000039530       0xc0 build/cooja/contiki-ng-cooja.a(stimer.o)
                                         0xd8 (size before relaxing)
 .eh_frame      0x00000000000395f0       0xa0 build/cooja/contiki-ng-cooja.a(ringbuf.o)
                                         0xb8 (size before relaxing)
 .eh_frame      0x0000000000039690      0x120 build/cooja/contiki-ng-cooja.a(link-stats.o)
                                        0x138 (size before relaxing)
 .eh_frame      0x00000000000397b0      0x3e0 build/cooja/contiki-ng-cooja.a(nbr-table.o)
                                        0x3f8 (size before relaxing)
 .eh_frame      0x0000000000039b90       0x48 build/cooja/contiki-ng-cooja.a(mac-sequence.o)
                                         0x60 (size before relaxing)
 .eh_frame      0x0000000000039bd8       0xa8 build/cooja/contiki-ng-cooja.a(framer-802154.o)
                                         0xc0 (size before relaxing)
 .eh_frame      0x0000000000039c80      0x1c8 build/cooja/contiki-ng-cooja.a(csma-output.o)
                                        0x1e0 (size before relaxing)
 .eh_frame      0x0000000000039e48       0x40 build/cooja/contiki-ng-cooja.a(csma-security.o)
                                         0x58 (size before relaxing)
 .eh_frame      0x0000000000039e88      0x148 build/cooja/contiki-ng-cooja.a(uip-icmp6.o)
                                        0x160 (size before relaxing)
 .eh_frame      0x0000000000039fd0       0x80 build/cooja/contiki-ng-cooja.a(uip-nd6.o)
                                         0x98 (size before relaxing)
 .eh_frame      0x000000000003a050      0x180 build/cooja/contiki-ng-cooja.a(uip-sr.o)
                                        0x198 (size before relaxing)
 .eh_frame      0x000000000003a1d0       0xa0 build/cooja/contiki-ng-cooja.a(rpl-dag-root.o)
                                         0xb8 (size before relaxing)
 .eh_frame      0x000000000003a270      0x360 build/cooja/contiki-ng-cooja.a(rpl-dag.o)
                                        0x378 (size before relaxing)
 .eh_frame      0x000000000003a5d0      0x128 build/cooja/contiki-ng-cooja.a(rpl-ext-header.o)
                                        0x140 (size before relaxing)
 .eh_frame      0x000000000003a6f8      0x1c0 build/cooja/contiki-ng-cooja.a(rpl-icmp6.o)
                                        0x1d8 (size before relaxing)
 .eh_frame      0x000000000003a8b8      0x148 build/cooja/contiki-ng-cooja.a(rpl-mrhof.o)
                                        0x160 (size before relaxing)
 .eh_frame      0x000000000003aa00       0x40 build/cooja/contiki-ng-cooja.a(rpl-nbr-policy.o)
                                         0x58 (size before relaxing)
 .eh_frame      0x000000000003aa40      0x2b0 build/cooja/contiki-ng-cooja.a(rpl-neighbor.o)
                                        0x2c8 (size before relaxing)
 .eh_frame      0x000000000003acf0      0x3a8 build/cooja/contiki-ng-cooja.a(rpl-timers.o)
                                        0x3c0 (size before relaxing)
 .eh_frame      0x000000000003b098       0x20 build/cooja/contiki-ng-cooja.a(assert.o)
                                         0x38 (size before relaxing)
 .eh_frame      0x000000000003b0b8       0x20 build/cooja/contiki-ng-cooja.a(mac.o)
                                         0x38 (size before relaxing)
 .eh_frame      0x000000000003b0d8      0x1a4 build/cooja/contiki-ng-cooja.a(frame802154.o)
                                        0x1c0 (size before relaxing)
 .eh_frame      0x000000000003b27c        0x4 /usr/lib/gcc/x86_64-linux-gnu/11/crtendS.o
 *(.eh_frame.*)

.gcc_except_table
 *(.gcc_except_table .gcc_except_table.*)

.gnu_extab
 *(.gnu_extab*)

.exception_ranges
 *(.exception_ranges*)
                0x000000000003c6b0                . = DATA_SEGMENT_ALIGN (CONSTANT (MAXPAGESIZE), CONSTANT (COMMONPAGESIZE))

.eh_frame
 *(.eh_frame)
 *(.eh_frame.*)

.gnu_extab
 *(.gnu_extab)

.gcc_except_table
 *(.gcc_except_table .gcc_except_table.*)

.exception_ranges
 *(.exception_ranges*)

.tdata
 *(.tdata .tdata.* .gnu.linkonce.td.*)

.tbss
 *(.tbss .tbss.* .gnu.linkonce.tb.*)
 *(.tcommon)

.preinit_array
 *(.preinit_array)

.init_array     0x000000000003c6b0        0x8
 *(SORT_BY_INIT_PRIORITY(.init_array.*) SORT_BY_INIT_PRIORITY(.ctors.*))
 *(.init_array EXCLUDE_FILE(*crtend?.o *crtend.o *crtbegin?.o *crtbegin.o) .ctors)
 .init_array    0x000000000003c6b0        0x8 /usr/lib/gcc/x86_64-linux-gnu/11/crtbeginS.o

.fini_array     0x000000000003c6b8        0x8
 *(SORT_BY_INIT_PRIORITY(.fini_array.*) SORT_BY_INIT_PRIORITY(.dtors.*))
 *(.fini_array EXCLUDE_FILE(*crtend?.o *crtend.o *crtbegin?.o *crtbegin.o) .dtors)
 .fini_array    0x000000000003c6b8        0x8 /usr/lib/gcc/x86_64-linux-gnu/11/crtbeginS.o

.ctors
 *crtbegin.o(.ctors)
 *crtbegin?.o(.ctors)
 *(EXCLUDE_FILE(*crtend?.o *crtend.o) .ctors)
 *(SORT_BY_NAME(.ctors.*))
 *(.ctors)

.dtors
 *crtbegin.o(.dtors)
 *crtbegin?.o(.dtors)
 *(EXCLUDE_FILE(*crtend?.o *crtend.o) .dtors)
 *(SORT_BY_NAME(.dtors.*))
 *(.dtors)

.jcr
 *(.jcr)

.data.rel.ro    0x000000000003c6c0      0x370
 *(.data.rel.ro.local* .gnu.linkonce.d.rel.ro.local.*)
 .data.rel.ro.local
                0x000000000003c6c0       0x10 build/cooja/contiki-ng-cooja.a(beep.o)
                0x000000000003c6c0                beep_interface
 .data.rel.ro.local
                0x000000000003c6d0       0x10 build/cooja/contiki-ng-cooja.a(leds-arch.o)
                0x000000000003c6d0                leds_interface
 .data.rel.ro.local
                0x000000000003c6e0       0x10 build/cooja/contiki-ng-cooja.a(moteid.o)
                0x000000000003c6e0                moteid_interface
 *fill*         0x000000000003c6f0       0x10 
 .data.rel.ro.local
                0x000000000003c700       0x40 build/cooja/contiki-ng-cooja.a(pir-sensor.o)
                0x000000000003c700                pir_interface
                0x000000000003c720                pir_sensor
 .data.rel.ro.local
                0x000000000003c740       0x10 build/cooja/contiki-ng-cooja.a(rs232.o)
                0x000000000003c740                rs232_interface
 *fill*         0x000000000003c750       0x10 
 .data.rel.ro.local
                0x000000000003c760       0x40 build/cooja/contiki-ng-cooja.a(vib-sensor.o)
                0x000000000003c760                vib_interface
                0x000000000003c780                vib_sensor
 .data.rel.ro.local
                0x000000000003c7a0       0x10 build/cooja/contiki-ng-cooja.a(clock.o)
                0x000000000003c7a0                clock_interface
 .data.rel.ro.local
                0x000000000003c7b0       0x10 build/cooja/contiki-ng-cooja.a(cooja-log.o)
                0x000000000003c7b0                simlog_interface
 .data.rel.ro.local
                0x000000000003c7c0       0x10 build/cooja/contiki-ng-cooja.a(cfs-cooja.o)
                0x000000000003c7c0                cfs_interface
 *fill*         0x000000000003c7d0       0x10 
 .data.rel.ro.local
                0x000000000003c7e0       0x90 build/cooja/contiki-ng-cooja.a(cooja-radio.o)
                0x000000000003c7e0                radio_interface
                0x000000000003c800                cooja_radio_driver
 .data.rel.ro.local
                0x000000000003c870       0x10 build/cooja/contiki-ng-cooja.a(eeprom.o)
                0x000000000003c870                eeprom_interface
 .data.rel.ro.local
                0x000000000003c880       0x40 build/cooja/contiki-ng-cooja.a(buttons.o)
                0x000000000003c880                button_interface
                0x000000000003c8a0                button_sensor
 .data.rel.ro.local
                0x000000000003c8c0       0x38 build/cooja/contiki-ng-cooja.a(csma.o)
                0x000000000003c8c0                csma_driver
 *fill*         0x000000000003c8f8        0x8 
 .data.rel.ro.local
                0x000000000003c900       0x18 build/cooja/contiki-ng-cooja.a(coap-timer-default.o)
                0x000000000003c900                coap_timer_default_driver
 *fill*         0x000000000003c918        0x8 
 .data.rel.ro.local
                0x000000000003c920       0x18 build/cooja/contiki-ng-cooja.a(framer-802154.o)
                0x000000000003c920                framer_802154
 *(.data.rel.ro .data.rel.ro.* .gnu.linkonce.d.rel.ro.*)
 .data.rel.ro   0x000000000003c938        0x0 /usr/lib/gcc/x86_64-linux-gnu/11/../../../x86_64-linux-gnu/crti.o
 *fill*         0x000000000003c938        0x8 
 .data.rel.ro   0x000000000003c940       0x10 barrier.o
                0x000000000003c940                autostart_processes
 *fill*         0x000000000003c950       0x10 
 .data.rel.ro   0x000000000003c960       0x20 build/cooja/contiki-ng-cooja.a(sicslowpan.o)
                0x000000000003c960                sicslowpan_driver
 .data.rel.ro   0x000000000003c980       0xa8 build/cooja/contiki-ng-cooja.a(rpl.o)
                0x000000000003c980                rpl_lite_driver
 .data.rel.ro   0x000000000003ca28        0x8 build/cooja/contiki-ng-cooja.a(rpl-dag.o)

.dynamic        0x000000000003ca30      0x1c0
 *(.dynamic)
 .dynamic       0x000000000003ca30      0x1c0 /usr/lib/gcc/x86_64-linux-gnu/11/../../../x86_64-linux-gnu/crti.o
                0x000000000003ca30                _DYNAMIC

.got            0x000000000003cbf0      0x408
 *(.got)
 .got           0x000000000003cbf0      0x408 /usr/lib/gcc/x86_64-linux-gnu/11/../../../x86_64-linux-gnu/crti.o
 *(.igot)
                0x000000000003dfe8                . = DATA_SEGMENT_RELRO_END (., (SIZEOF (.got.plt) >= 0x18)?0x18:0x0)

.got.plt        0x000000000003d000      0xc88
 *(.got.plt)
 .got.plt       0x000000000003d000      0xc88 /usr/lib/gcc/x86_64-linux-gnu/11/../../../x86_64-linux-gnu/crti.o
                0x000000000003d000                _GLOBAL_OFFSET_TABLE_
 *(.igot.plt)

.data           0x000000000003dca0      0x8f2
 *(.data .data.* .gnu.linkonce.d.*)
 .data          0x000000000003dca0        0x0 /usr/lib/gcc/x86_64-linux-gnu/11/../../../x86_64-linux-gnu/crti.o
 .data          0x000000000003dca0        0x0 /usr/lib/gcc/x86_64-linux-gnu/11/crtbeginS.o
 .data.rel.local
                0x000000000003dca0        0x8 /usr/lib/gcc/x86_64-linux-gnu/11/crtbeginS.o
                0x000000000003dca0                __dso_handle
 .data          0x000000000003dca8        0x0 barrier.o
 *fill*         0x000000000003dca8       0x18 
 .data.rel.local
                0x000000000003dcc0       0x40 barrier.o
                0x000000000003dcc0                service_url
                0x000000000003dce0                coap_barrier
 .data          0x000000000003dd00        0x0 build/cooja/mtype325664399.o
 .data.rel      0x000000000003dd00       0xa0 build/cooja/mtype325664399.o
                0x000000000003dd00                simInterfaces
                0x000000000003dd80                sensors
 .data          0x000000000003dda0        0x0 build/cooja/contiki-ng-cooja.a(simEnvChange.o)
 .data          0x000000000003dda0        0x0 build/cooja/contiki-ng-cooja.a(cooja_mt.o)
 .data          0x000000000003dda0        0x0 build/cooja/contiki-ng-cooja.a(cooja_mtarch.o)
 .data          0x000000000003dda0        0x0 build/cooja/contiki-ng-cooja.a(rtimer-arch.o)
 .data          0x000000000003dda0        0x0 build/cooja/contiki-ng-cooja.a(beep.o)
 .data          0x000000000003dda0        0x0 build/cooja/contiki-ng-cooja.a(leds-arch.o)
 .data          0x000000000003dda0        0x0 build/cooja/contiki-ng-cooja.a(moteid.o)
 .data          0x000000000003dda0        0x0 build/cooja/contiki-ng-cooja.a(pir-sensor.o)
 .data          0x000000000003dda0        0x0 build/cooja/contiki-ng-cooja.a(rs232.o)
 .data          0x000000000003dda0        0x0 build/cooja/contiki-ng-cooja.a(vib-sensor.o)
 .data          0x000000000003dda0        0x0 build/cooja/contiki-ng-cooja.a(clock.o)
 .data          0x000000000003dda0        0x0 build/cooja/contiki-ng-cooja.a(cooja-log.o)
 .data          0x000000000003dda0        0x0 build/cooja/contiki-ng-cooja.a(cfs-cooja.o)
 .data          0x000000000003dda0       0x20 build/cooja/contiki-ng-cooja.a(cooja-radio.o)
                0x000000000003dda0                simRadioHWOn
                0x000000000003dda4                simSignalStrength
                0x000000000003dda8                simLastSignalStrength
                0x000000000003ddac                simPower
                0x000000000003ddb0                simRadioChannel
                0x000000000003ddb4                simLQI
                0x000000000003ddb8                simLastLQI
 .data.rel.local
                0x000000000003ddc0       0x20 build/cooja/contiki-ng-cooja.a(cooja-radio.o)
                0x000000000003ddc0                cooja_radio_process
 .data          0x000000000003dde0        0x0 build/cooja/contiki-ng-cooja.a(eeprom.o)
 .data          0x000000000003dde0        0x0 build/cooja/contiki-ng-cooja.a(random.o)
 .data          0x000000000003dde0        0x0 build/cooja/contiki-ng-cooja.a(sensors.o)
 .data.rel.local
                0x000000000003dde0       0x20 build/cooja/contiki-ng-cooja.a(sensors.o)
                0x000000000003dde0                sensors_process
 .data          0x000000000003de00        0x0 build/cooja/contiki-ng-cooja.a(leds.o)
 .data          0x000000000003de00        0x0 build/cooja/contiki-ng-cooja.a(gpio-hal-arch.o)
 .data          0x000000000003de00        0x1 build/cooja/contiki-ng-cooja.a(buttons.o)
                0x000000000003de00                simButtonIsActive
 *fill*         0x000000000003de01       0x1f 
 .data.rel.local
                0x000000000003de20       0xb0 build/cooja/contiki-ng-cooja.a(buttons.o)
                0x000000000003dec0                button_hal_buttons
 .data          0x000000000003ded0        0x0 build/cooja/contiki-ng-cooja.a(res_barrier.o)
 *fill*         0x000000000003ded0       0x10 
 .data.rel.local
                0x000000000003dee0       0x48 build/cooja/contiki-ng-cooja.a(res_barrier.o)
                0x000000000003dee0                res_barrier
 .data          0x000000000003df28        0x0 build/cooja/contiki-ng-cooja.a(coap-blocking-api.o)
 .data          0x000000000003df28        0x0 build/cooja/contiki-ng-cooja.a(coap-engine.o)
 .data.rel.local
                0x000000000003df28       0x10 build/cooja/contiki-ng-cooja.a(coap-engine.o)
 .data          0x000000000003df38        0x0 build/cooja/contiki-ng-cooja.a(coap-observe.o)
 *fill*         0x000000000003df38        0x8 
 .data.rel.local
                0x000000000003df40       0x20 build/cooja/contiki-ng-cooja.a(coap-observe.o)
 .data          0x000000000003df60        0x0 build/cooja/contiki-ng-cooja.a(coap-res-well-known-core.o)
 .data.rel.local
                0x000000000003df60       0x48 build/cooja/contiki-ng-cooja.a(coap-res-well-known-core.o)
                0x000000000003df60                res_well_known_core
 .data          0x000000000003dfa8        0x0 build/cooja/contiki-ng-cooja.a(coap-timer.o)
 .data.rel.local
                0x000000000003dfa8        0x8 build/cooja/contiki-ng-cooja.a(coap-timer.o)
 .data          0x000000000003dfb0        0x0 build/cooja/contiki-ng-cooja.a(coap-transactions.o)
 .data.rel.local
                0x000000000003dfb0       0x20 build/cooja/contiki-ng-cooja.a(coap-transactions.o)
 .data          0x000000000003dfd0        0x0 build/cooja/contiki-ng-cooja.a(coap-uip.o)
 *fill*         0x000000000003dfd0       0x10 
 .data.rel.local
                0x000000000003dfe0       0x20 build/cooja/contiki-ng-cooja.a(coap-uip.o)
                0x000000000003dfe0                coap_engine
 .data          0x000000000003e000        0x0 build/cooja/contiki-ng-cooja.a(coap.o)
 .data.rel.local
                0x000000000003e000        0x8 build/cooja/contiki-ng-cooja.a(coap.o)
                0x000000000003e000                coap_error_message
 .data          0x000000000003e008        0x0 build/cooja/contiki-ng-cooja.a(contiki-main.o)
 .data          0x000000000003e008        0x0 build/cooja/contiki-ng-cooja.a(autostart.o)
 .data          0x000000000003e008        0x0 build/cooja/contiki-ng-cooja.a(ctimer.o)
 *fill*         0x000000000003e008       0x18 
 .data.rel.local
                0x000000000003e020       0x40 build/cooja/contiki-ng-cooja.a(ctimer.o)
                0x000000000003e040                ctimer_process
 .data          0x000000000003e060        0x0 build/cooja/contiki-ng-cooja.a(energest.o)
 .data          0x000000000003e060        0x0 build/cooja/contiki-ng-cooja.a(etimer.o)
 .data.rel.local
                0x000000000003e060       0x20 build/cooja/contiki-ng-cooja.a(etimer.o)
                0x000000000003e060                etimer_process
 .data          0x000000000003e080        0x4 build/cooja/contiki-ng-cooja.a(log.o)
                0x000000000003e080                curr_log_level_main
 *fill*         0x000000000003e084       0x1c 
 .data.rel      0x000000000003e0a0      0x138 build/cooja/contiki-ng-cooja.a(log.o)
                0x000000000003e0a0                all_modules
 .data          0x000000000003e1d8        0x0 build/cooja/contiki-ng-cooja.a(node-id.o)
 .data          0x000000000003e1d8        0x0 build/cooja/contiki-ng-cooja.a(process.o)
 .data          0x000000000003e1d8        0x0 build/cooja/contiki-ng-cooja.a(rtimer.o)
 .data          0x000000000003e1d8        0x0 build/cooja/contiki-ng-cooja.a(timer.o)
 .data          0x000000000003e1d8        0x0 build/cooja/contiki-ng-cooja.a(list.o)
 .data          0x000000000003e1d8        0x0 build/cooja/contiki-ng-cooja.a(memb.o)
 .data          0x000000000003e1d8        0x0 build/cooja/contiki-ng-cooja.a(button-hal.o)
 *fill*         0x000000000003e1d8        0x8 
 .data.rel.local
                0x000000000003e1e0       0x20 build/cooja/contiki-ng-cooja.a(button-hal.o)
                0x000000000003e1e0                button_hal_process
 .data          0x000000000003e200        0x0 build/cooja/contiki-ng-cooja.a(gpio-hal.o)
 .data.rel.local
                0x000000000003e200        0x8 build/cooja/contiki-ng-cooja.a(gpio-hal.o)
 .data          0x000000000003e208        0x0 build/cooja/contiki-ng-cooja.a(serial-line.o)
 *fill*         0x000000000003e208       0x18 
 .data.rel.local
                0x000000000003e220       0x20 build/cooja/contiki-ng-cooja.a(serial-line.o)
                0x000000000003e220                serial_line_process
 .data          0x000000000003e240        0x0 build/cooja/contiki-ng-cooja.a(linkaddr.o)
 .data          0x000000000003e240        0x0 build/cooja/contiki-ng-cooja.a(netstack.o)
 .data.rel.local
                0x000000000003e240        0x8 build/cooja/contiki-ng-cooja.a(netstack.o)
 .data          0x000000000003e248        0x0 build/cooja/contiki-ng-cooja.a(packetbuf.o)
 .data.rel.local
                0x000000000003e248        0x8 build/cooja/contiki-ng-cooja.a(packetbuf.o)
 .data          0x000000000003e250        0x0 build/cooja/contiki-ng-cooja.a(queuebuf.o)
 .data.rel.local
                0x000000000003e250       0x38 build/cooja/contiki-ng-cooja.a(queuebuf.o)
 .data          0x000000000003e288        0x0 build/cooja/contiki-ng-cooja.a(printf.o)
 *fill*         0x000000000003e288        0x8 
 .data.rel.local
                0x000000000003e290       0x10 build/cooja/contiki-ng-cooja.a(printf.o)
 .data          0x000000000003e2a0        0x0 build/cooja/contiki-ng-cooja.a(putchar.o)
 .data          0x000000000003e2a0        0x0 build/cooja/contiki-ng-cooja.a(puts.o)
 .data          0x000000000003e2a0        0x0 build/cooja/contiki-ng-cooja.a(snprintf.o)
 .data          0x000000000003e2a0        0x0 build/cooja/contiki-ng-cooja.a(strformat.o)
 .data          0x000000000003e2a0        0x0 build/cooja/contiki-ng-cooja.a(csma.o)
 .data          0x000000000003e2a0        0x0 build/cooja/contiki-ng-cooja.a(sicslowpan.o)
 .data          0x000000000003e2a0        0x0 build/cooja/contiki-ng-cooja.a(tcpip.o)
 .data.rel.local
                0x000000000003e2a0       0x20 build/cooja/contiki-ng-cooja.a(tcpip.o)
                0x000000000003e2a0                tcpip_process
 .data          0x000000000003e2c0        0x0 build/cooja/contiki-ng-cooja.a(uip-ds6-nbr.o)
 .data.rel.local
                0x000000000003e2c0       0x20 build/cooja/contiki-ng-cooja.a(uip-ds6-nbr.o)
 .data          0x000000000003e2e0        0x0 build/cooja/contiki-ng-cooja.a(uip-ds6-route.o)
 .data.rel.local
                0x000000000003e2e0       0x28 build/cooja/contiki-ng-cooja.a(uip-ds6-route.o)
 .data          0x000000000003e308        0x0 build/cooja/contiki-ng-cooja.a(uip-ds6.o)
 .data          0x000000000003e308        0x0 build/cooja/contiki-ng-cooja.a(uip-packetqueue.o)
 *fill*         0x000000000003e308        0x8 
 .data.rel.local
                0x000000000003e310       0x18 build/cooja/contiki-ng-cooja.a(uip-packetqueue.o)
 .data          0x000000000003e328        0x0 build/cooja/contiki-ng-cooja.a(uip-udp-packet.o)
 .data          0x000000000003e328        0x0 build/cooja/contiki-ng-cooja.a(uip6.o)
 .data          0x000000000003e328        0x0 build/cooja/contiki-ng-cooja.a(uipbuf.o)
 .data          0x000000000003e328        0x0 build/cooja/contiki-ng-cooja.a(uiplib.o)
 .data          0x000000000003e328        0x0 build/cooja/contiki-ng-cooja.a(rpl.o)
 .data          0x000000000003e328        0x0 build/cooja/contiki-ng-cooja.a(watchdog.o)
 .data          0x000000000003e328        0x0 build/cooja/contiki-ng-cooja.a(int-master.o)
 .data          0x000000000003e328        0x0 build/cooja/contiki-ng-cooja.a(coap-timer-default.o)
 *fill*         0x000000000003e328       0x18 
 .data.rel.local
                0x000000000003e340       0x20 build/cooja/contiki-ng-cooja.a(coap-timer-default.o)
                0x000000000003e340                coap_timer_process
 .data          0x000000000003e360        0x0 build/cooja/contiki-ng-cooja.a(stimer.o)
 .data          0x000000000003e360        0x0 build/cooja/contiki-ng-cooja.a(ringbuf.o)
 .data          0x000000000003e360        0x0 build/cooja/contiki-ng-cooja.a(link-stats.o)
 .data.rel.local
                0x000000000003e360       0x20 build/cooja/contiki-ng-cooja.a(link-stats.o)
 .data          0x000000000003e380        0x0 build/cooja/contiki-ng-cooja.a(nbr-table.o)
 .data.rel.local
                0x000000000003e380       0x20 build/cooja/contiki-ng-cooja.a(nbr-table.o)
 .data          0x000000000003e3a0        0x0 build/cooja/contiki-ng-cooja.a(mac-sequence.o)
 .data          0x000000000003e3a0        0x0 build/cooja/contiki-ng-cooja.a(framer-802154.o)
 .data          0x000000000003e3a0        0x0 build/cooja/contiki-ng-cooja.a(csma-output.o)
 .data.rel.local