Archive member included to satisfy reference by file (symbol)

build/cooja/contiki-ng-cooja.a(simEnvChange.o)
                              build/cooja/mtype177648212.o (simDontFallAsleep)
build/cooja/contiki-ng-cooja.a(cooja_mt.o)
                              build/cooja/mtype177648212.o (cooja_mt_start)
build/cooja/contiki-ng-cooja.a(cooja_mtarch.o)
                              build/cooja/contiki-ng-cooja.a(cooja_mt.o) (cooja_mtarch_start)
build/cooja/contiki-ng-cooja.a(rtimer-arch.o)
                              build/cooja/mtype177648212.o (rtimer_arch_check)
build/cooja/contiki-ng-cooja.a(beep.o)
                              build/cooja/mtype177648212.o (beep_interface)
build/cooja/contiki-ng-cooja.a(leds-arch.o)
                              build/cooja/mtype177648212.o (leds_interface)
build/cooja/contiki-ng-cooja.a(moteid.o)
                              build/cooja/mtype177648212.o (moteid_interface)
build/cooja/contiki-ng-cooja.a(pir-sensor.o)
                              build/cooja/mtype177648212.o (pir_interface)
build/cooja/contiki-ng-cooja.a(rs232.o)
                              build/cooja/mtype177648212.o (rs232_interface)
build/cooja/contiki-ng-cooja.a(vib-sensor.o)
                              build/cooja/mtype177648212.o (vib_interface)
build/cooja/contiki-ng-cooja.a(clock.o)
                              build/cooja/mtype177648212.o (clock_interface)
build/cooja/contiki-ng-cooja.a(cooja-log.o)
                              build/cooja/mtype177648212.o (simlog_interface)
build/cooja/contiki-ng-cooja.a(cfs-cooja.o)
                              build/cooja/mtype177648212.o (cfs_interface)
build/cooja/contiki-ng-cooja.a(cooja-radio.o)
                              build/cooja/mtype177648212.o (radio_interface)
build/cooja/contiki-ng-cooja.a(eeprom.o)
                              build/cooja/mtype177648212.o (eeprom_interface)
build/cooja/contiki-ng-cooja.a(random.o)
                              build/cooja/contiki-ng-cooja.a(moteid.o) (random_init)
build/cooja/contiki-ng-cooja.a(sensors.o)
                              build/cooja/contiki-ng-cooja.a(pir-sensor.o) (sensors_changed)
build/cooja/contiki-ng-cooja.a(leds.o)
                              build/cooja/contiki-ng-cooja.a(leds-arch.o) (leds_get)
build/cooja/contiki-ng-cooja.a(gpio-hal-arch.o)
                              build/cooja/contiki-ng-cooja.a(leds-arch.o) (gpio_hal_arch_register_pin_callback)
build/cooja/contiki-ng-cooja.a(buttons.o)
                              build/cooja/mtype177648212.o (button_interface)
build/cooja/contiki-ng-cooja.a(mqtt.o)
                              temperature_sensor.o (mqtt_register)
build/cooja/contiki-ng-cooja.a(contiki-main.o)
                              build/cooja/mtype177648212.o (main)
build/cooja/contiki-ng-cooja.a(autostart.o)
                              build/cooja/contiki-ng-cooja.a(contiki-main.o) (autostart_start)
build/cooja/contiki-ng-cooja.a(ctimer.o)
                              build/cooja/contiki-ng-cooja.a(contiki-main.o) (ctimer_init)
build/cooja/contiki-ng-cooja.a(energest.o)
                              build/cooja/contiki-ng-cooja.a(contiki-main.o) (energest_init)
build/cooja/contiki-ng-cooja.a(etimer.o)
                              build/cooja/contiki-ng-cooja.a(contiki-main.o) (etimer_process)
build/cooja/contiki-ng-cooja.a(log.o)
                              build/cooja/contiki-ng-cooja.a(contiki-main.o) (curr_log_level_main)
build/cooja/contiki-ng-cooja.a(node-id.o)
                              temperature_sensor.o (node_id)
build/cooja/contiki-ng-cooja.a(process.o)
                              build/cooja/contiki-ng-cooja.a(mqtt.o) (process_current)
build/cooja/contiki-ng-cooja.a(rtimer.o)
                              build/cooja/contiki-ng-cooja.a(contiki-main.o) (rtimer_init)
build/cooja/contiki-ng-cooja.a(timer.o)
                              build/cooja/contiki-ng-cooja.a(mqtt.o) (timer_set)
build/cooja/contiki-ng-cooja.a(list.o)
                              build/cooja/contiki-ng-cooja.a(mqtt.o) (list_init)
build/cooja/contiki-ng-cooja.a(button-hal.o)
                              build/cooja/mtype177648212.o (button_hal_init)
build/cooja/contiki-ng-cooja.a(gpio-hal.o)
                              build/cooja/contiki-ng-cooja.a(button-hal.o) (gpio_hal_register_handler)
build/cooja/contiki-ng-cooja.a(serial-line.o)
                              build/cooja/contiki-ng-cooja.a(rs232.o) (serial_line_input_byte)
build/cooja/contiki-ng-cooja.a(linkaddr.o)
                              temperature_sensor.o (linkaddr_node_addr)
build/cooja/contiki-ng-cooja.a(netstack.o)
                              build/cooja/contiki-ng-cooja.a(contiki-main.o) (netstack_init)
build/cooja/contiki-ng-cooja.a(packetbuf.o)
                              build/cooja/contiki-ng-cooja.a(cooja-radio.o) (packetbuf_clear)
build/cooja/contiki-ng-cooja.a(queuebuf.o)
                              build/cooja/contiki-ng-cooja.a(contiki-main.o) (queuebuf_init)
[...]
Memory Configuration

Name             Origin             Length             Attributes
*default*        0x0000000000000000 0xffffffffffffffff

Linker script and memory map

LOAD /usr/lib/gcc/x86_64-linux-gnu/11/../../../x86_64-linux-gnu/crti.o
LOAD /usr/lib/gcc/x86_64-linux-gnu/11/crtbeginS.o
LOAD temperature_sensor.o
LOAD build/cooja/mtype177648212.o
LOAD build/cooja/contiki-ng-cooja.a
LOAD /usr/lib/gcc/x86_64-linux-gnu/11/../../../x86_64-linux-gnu/libm.so
START GROUP
LOAD /lib/x86_64-linux-gnu/libm.so.6
LOAD /lib/x86_64-linux-gnu/libmvec.so.1
END GROUP
LOAD /usr/lib/gcc/x86_64-linux-gnu/11/libgcc.a
LOAD /usr/lib/gcc/x86_64-linux-gnu/11/libgcc_s.so
START GROUP
LOAD /usr/lib/gcc/x86_64-linux-gnu/11/../../../x86_64-linux-gnu/libgcc_s.so.1
LOAD /usr/lib/gcc/x86_64-linux-gnu/11/libgcc.a
END GROUP
LOAD /usr/lib/gcc/x86_64-linux-gnu/11/../../../x86_64-linux-gnu/libc.so
START GROUP
LOAD /lib/x86_64-linux-gnu/libc.so.6
LOAD /usr/lib/x86_64-linux-gnu/libc_nonshared.a
LOAD /lib64/ld-linux-x86-64.so.2
END GROUP
LOAD /usr/lib/gcc/x86_64-linux-gnu/11/libgcc.a
LOAD /usr/lib/gcc/x86_64-linux-gnu/11/libgcc_s.so
START GROUP
LOAD /usr/lib/gcc/x86_64-linux-gnu/11/../../../x86_64-linux-gnu/libgcc_s.so.1
LOAD /usr/lib/gcc/x86_64-linux-gnu/11/libgcc.a
END GROUP
LOAD /usr/lib/gcc/x86_64-linux-gnu/11/crtendS.o
LOAD /usr/lib/gcc/x86_64-linux-gnu/11/../../../x86_64-linux-gnu/crtn.o
                0x00000000000002a8                . = (SEGMENT_START ("text-segment", 0x0) + SIZEOF_HEADERS)

.note.gnu.property
                0x00000000000002a8       0x20
 .note.gnu.property
                0x00000000000002a8       0x20 /usr/lib/gcc/x86_64-linux-gnu/11/../../../x86_64-linux-gnu/crti.o

.note.gnu.build-id
                0x00000000000002c8       0x24
 *(.note.gnu.build-id)
 .note.gnu.build-id
                0x00000000000002c8       0x24 /usr/lib/gcc/x86_64-linux-gnu/11/../../../x86_64-linux-gnu/crti.o

.hash
 *(.hash)

.gnu.hash       0x00000000000002f0     0x14cc
 *(.gnu.hash)
 .gnu.hash      0x00000000000002f0     0x14cc /usr/lib/gcc/x86_64-linux-gnu/11/../../../x86_64-linux-gnu/crti.o

.dynsym         0x00000000000017c0     0x4110
 *(.dynsym)
 .dynsym        0x00000000000017c0     0x4110 /usr/lib/gcc/x86_64-linux-gnu/11/../../../x86_64-linux-gnu/crti.o

.dynstr         0x00000000000058d0     0x3119
 *(.dynstr)
 .dynstr        0x00000000000058d0     0x3119 /usr/lib/gcc/x86_64-linux-gnu/11/../../../x86_64-linux-gnu/crti.o

.gnu.version    0x00000000000089ea      0x56c
 *(.gnu.version)
 .gnu.version   0x00000000000089ea      0x56c /usr/lib/gcc/x86_64-linux-gnu/11/../../../x86_64-linux-gnu/crti.o

.gnu.version_d  0x0000000000008f58        0x0
 *(.gnu.version_d)
 .gnu.version_d
                0x0000000000008f58        0x0 /usr/lib/gcc/x86_64-linux-gnu/11/../../../x86_64-linux-gnu/crti.o

.gnu.version_r  0x0000000000008f58       0x50
 *(.gnu.version_r)
 .gnu.version_r
                0x0000000000008f58       0x50 /usr/lib/gcc/x86_64-linux-gnu/11/../../../x86_64-linux-gnu/crti.o

.rela.dyn       0x0000000000008fa8     0x1f20
 *(.rela.init)
 *(.rela.text .rela.text.* .rela.gnu.linkonce.t.*)
 .rela.text     0x0000000000008fa8        0x0 /usr/lib/gcc/x86_64-linux-gnu/11/../../../x86_64-linux-gnu/crti.o
 *(.rela.fini)
 *(.rela.rodata .rela.rodata.* .rela.gnu.linkonce.r.*)
 *(.rela.data .rela.data.* .rela.gnu.linkonce.d.*)
 .rela.data.rel.local
                0x0000000000008fa8      0x720 /usr/lib/gcc/x86_64-linux-gnu/11/../../../x86_64-linux-gnu/crti.o
 .rela.data.rel.ro
                0x00000000000096c8      0x288 /usr/lib/gcc/x86_64-linux-gnu/11/../../../x86_64-linux-gnu/crti.o
 .rela.data.rel
                0x0000000000009950      0x3a8 /usr/lib/gcc/x86_64-linux-gnu/11/../../../x86_64-linux-gnu/crti.o
 .rela.data.rel.ro.local
                0x0000000000009cf8      0x5a0 /usr/lib/gcc/x86_64-linux-gnu/11/../../../x86_64-linux-gnu/crti.o
 *(.rela.tdata .rela.tdata.* .rela.gnu.linkonce.td.*)
 *(.rela.tbss .rela.tbss.* .rela.gnu.linkonce.tb.*)
 *(.rela.ctors)
 *(.rela.dtors)
 *(.rela.got)
 .rela.got      0x000000000000a298      0xc00 /usr/lib/gcc/x86_64-linux-gnu/11/../../../x86_64-linux-gnu/crti.o
 *(.rela.bss .rela.bss.* .rela.gnu.linkonce.b.*)
 *(.rela.ldata .rela.ldata.* .rela.gnu.linkonce.l.*)
 *(.rela.lbss .rela.lbss.* .rela.gnu.linkonce.lb.*)
 *(.rela.lrodata .rela.lrodata.* .rela.gnu.linkonce.lr.*)
 *(.rela.ifunc)
 .rela.ifunc    0x000000000000ae98        0x0 /usr/lib/gcc/x86_64-linux-gnu/11/../../../x86_64-linux-gnu/crti.o
 .rela.fini_array
                0x000000000000ae98       0x18 /usr/lib/gcc/x86_64-linux-gnu/11/../../../x86_64-linux-gnu/crti.o
 .rela.init_array
                0x000000000000aeb0       0x18 /usr/lib/gcc/x86_64-linux-gnu/11/../../../x86_64-linux-gnu/crti.o

.rela.plt       0x000000000000aec8     0x2328
 *(.rela.plt)
 .rela.plt      0x000000000000aec8     0x2328 /usr/lib/gcc/x86_64-linux-gnu/11/../../../x86_64-linux-gnu/crti.o
 *(.rela.iplt)

.relr.dyn
 *(.relr.dyn)
                0x000000000000e000                . = ALIGN (CONSTANT (MAXPAGESIZE))

.init           0x000000000000e000       0x1b
 *(SORT_NONE(.init))
 .init          0x000000000000e000       0x16 /usr/lib/gcc/x86_64-linux-gnu/11/../../../x86_64-linux-gnu/crti.o
                0x000000000000e000                _init
 .init          0x000000000000e016        0x5 /usr/lib/gcc/x86_64-linux-gnu/11/../../../x86_64-linux-gnu/crtn.o

.plt            0x000000000000e020     0x1780
 *(.plt)
 .plt           0x000000000000e020     0x1780 /usr/lib/gcc/x86_64-linux-gnu/11/../../../x86_64-linux-gnu/crti.o
 *(.iplt)

.plt.got        0x000000000000f7a0       0x30
 *(.plt.got)
 .plt.got       0x000000000000f7a0       0x30 /usr/lib/gcc/x86_64-linux-gnu/11/../../../x86_64-linux-gnu/crti.o

.plt.sec        0x000000000000f7d0     0x1770
 *(.plt.sec)
 .plt.sec       0x000000000000f7d0     0x1770 /usr/lib/gcc/x86_64-linux-gnu/11/../../../x86_64-linux-gnu/crti.o

.text           0x0000000000010f40    0x218bc
 *(.text.unlikely .text.*_unlikely .text.unlikely.*)
 *(.text.exit .text.exit.*)
 *(.text.startup .text.startup.*)
 *(.text.hot .text.hot.*)
 *(SORT_BY_NAME(.text.sorted.*))
 *(.text .stub .text.* .gnu.linkonce.t.*)
 .text          0x0000000000010f40        0x0 /usr/lib/gcc/x86_64-linux-gnu/11/../../../x86_64-linux-gnu/crti.o
 .text          0x0000000000010f40       0xb9 /usr/lib/gcc/x86_64-linux-gnu/11/crtbeginS.o
 .text          0x0000000000010ff9      0xa39 temperature_sensor.o
                0x0000000000011488                getTemperature
                0x0000000000011519                updateRate
 .text          0x0000000000011a32      0x374 build/cooja/mtype177648212.o
                0x0000000000011ae8                platform_init_stage_one
                0x0000000000011afd                platform_init_stage_two
                0x0000000000011b12                platform_init_stage_three
                0x0000000000011b27                platform_main_loop
                0x0000000000011bc1                JNI_OnLoad
                0x0000000000011bd8                Java_org_contikios_cooja_corecomm_Lib2_init
                0x0000000000011c2b                Java_org_contikios_cooja_corecomm_Lib2_getMemory
                0x0000000000011c8a                Java_org_contikios_cooja_corecomm_Lib2_setMemory
                0x0000000000011ce9                Java_org_contikios_cooja_corecomm_Lib2_tick
                0x0000000000011d77                Java_org_contikios_cooja_corecomm_Lib2_setReferenceAddress
 .text          0x0000000000011da6       0x93 build/cooja/contiki-ng-cooja.a(simEnvChange.o)
                0x0000000000011da6                doActionsBeforeTick
                0x0000000000011def                doActionsAfterTick
 .text          0x0000000000011e39       0xab build/cooja/contiki-ng-cooja.a(cooja_mt.o)
                0x0000000000011e39                cooja_mt_start
                0x0000000000011e79                cooja_mt_exec
                0x0000000000011ebc                cooja_mt_yield
 .text          0x0000000000011ee4      0x10e build/cooja/contiki-ng-cooja.a(cooja_mtarch.o)
                0x0000000000011ee4                cooja_mtarch_start
                0x0000000000011f87                cooja_sw
                0x0000000000011fb4                cooja_mtarch_exec
                0x0000000000011fe2                cooja_mtarch_yield
 .text          0x0000000000011ff2       0xcc build/cooja/contiki-ng-cooja.a(rtimer-arch.o)
                0x0000000000011ff2                rtimer_arch_init
                0x0000000000012018                rtimer_arch_schedule
                0x0000000000012042                rtimer_arch_next
                0x0000000000012056                rtimer_arch_pending
                0x0000000000012069                rtimer_arch_check
                0x00000000000120aa                rtimer_arch_now
 .text          0x00000000000120be       0xe6 build/cooja/contiki-ng-cooja.a(beep.o)
                0x00000000000120be                beep_alarm
                0x00000000000120d9                beep_beep
                0x00000000000120f1                beep
                0x0000000000012106                beep_down
                0x000000000001211e                beep_on
                0x0000000000012133                beep_off
                0x0000000000012148                beep_spinup
                0x000000000001215d                beep_quick
                0x0000000000012175                beep_long
 .text          0x00000000000121a4       0x80 build/cooja/contiki-ng-cooja.a(leds-arch.o)
                0x00000000000121bd                leds_arch_init
 .text          0x0000000000012224       0x41 build/cooja/contiki-ng-cooja.a(moteid.o)
 .text          0x0000000000012265       0xfa build/cooja/contiki-ng-cooja.a(pir-sensor.o)
 .text          0x000000000001235f      0x18b build/cooja/contiki-ng-cooja.a(rs232.o)
                0x000000000001235f                rs232_init
                0x000000000001236a                rs232_set_speed
                0x000000000001237a                rs232_set_input
                0x0000000000012394                rs232_send
                0x00000000000123b3                rs232_print
                0x00000000000123e1                slip_arch_writeb
 .text          0x00000000000124ea       0xfa build/cooja/contiki-ng-cooja.a(vib-sensor.o)
 .text          0x00000000000125e4       0x6f build/cooja/contiki-ng-cooja.a(clock.o)
                0x00000000000125e4                clock_init
                0x00000000000125ef                clock_time
                0x0000000000012603                clock_seconds
                0x000000000001262f                clock_delay
 .text          0x0000000000012653      0x214 build/cooja/contiki-ng-cooja.a(cooja-log.o)
                0x0000000000012653                simlog_char
                0x00000000000126ad                simlog
                0x0000000000012732                log_message
                0x0000000000012777                log_set_putchar_with_slip
                0x000000000001278e                dbg_putchar
                0x000000000001280f                dbg_send_bytes
 .text          0x0000000000012867      0x39b build/cooja/contiki-ng-cooja.a(cfs-cooja.o)
                0x0000000000012867                cfs_open
                0x00000000000128e4                cfs_close
                0x00000000000128f9                cfs_read
                0x00000000000129c0                cfs_write
                0x0000000000012ad0                cfs_seek
                0x0000000000012b7f                cfs_remove
                0x0000000000012baf                cfs_opendir
                0x0000000000012bc6                cfs_readdir
                0x0000000000012bdd                cfs_closedir
 .text          0x0000000000012c02      0x79f build/cooja/contiki-ng-cooja.a(cooja-radio.o)
                0x0000000000012c61                radio_set_channel
                0x0000000000012c7b                radio_set_txpower
                0x0000000000012c98                radio_signal_strength_last
                0x0000000000012cab                radio_signal_strength_current
                0x0000000000012cbe                radio_LQI
 .text          0x00000000000133a1      0x163 build/cooja/contiki-ng-cooja.a(eeprom.o)
                0x00000000000133a1                eeprom_init
                0x00000000000133b0                eeprom_read
                0x000000000001344f                eeprom_write
 .text          0x0000000000013504       0x2f build/cooja/contiki-ng-cooja.a(random.o)
                0x0000000000013504                random_init
                0x0000000000013524                random_rand
 .text          0x0000000000013533      0x35f build/cooja/contiki-ng-cooja.a(sensors.o)
                0x000000000001357c                sensors_first
                0x0000000000013590                sensors_next
                0x00000000000135bf                sensors_changed
                0x000000000001360c                sensors_find
 .text          0x0000000000013892      0x3ad build/cooja/contiki-ng-cooja.a(leds.o)
                0x0000000000013892                leds_init
                0x00000000000138dd                leds_single_on
                0x000000000001394a                leds_single_off
                0x00000000000139b7                leds_single_toggle
                0x00000000000139ef                leds_on
                0x0000000000013a80                leds_off
                0x0000000000013b11                leds_toggle
                0x0000000000013b6d                leds_set
                0x0000000000013b96                leds_get
 .text          0x0000000000013c3f      0x41b build/cooja/contiki-ng-cooja.a(gpio-hal-arch.o)
                0x0000000000013c3f                gpio_hal_arch_register_pin_callback
                0x0000000000013ce6                gpio_hal_arch_init
                0x0000000000013d3c                gpio_hal_arch_no_port_interrupt_enable
                0x0000000000013d89                gpio_hal_arch_no_port_interrupt_disable
                0x0000000000013dd6                gpio_hal_arch_no_port_pin_cfg_set
                0x0000000000013e0c                gpio_hal_arch_no_port_pin_cfg_get
                0x0000000000013e40                gpio_hal_arch_no_port_pin_set_input
                0x0000000000013e53                gpio_hal_arch_no_port_pin_set_output
                0x0000000000013e66                gpio_hal_arch_no_port_set_pin
                0x0000000000013e8a                gpio_hal_arch_no_port_clear_pin
                0x0000000000013eae                gpio_hal_arch_no_port_read_pin
                0x0000000000013edb                gpio_hal_arch_no_port_write_pin
                0x0000000000013f05                gpio_hal_arch_no_port_set_pins
                0x0000000000013f54                gpio_hal_arch_no_port_clear_pins
                0x0000000000013fa3                gpio_hal_arch_no_port_read_pins
                0x0000000000013ff1                gpio_hal_arch_no_port_write_pins
 .text          0x000000000001405a       0xa8 build/cooja/contiki-ng-cooja.a(buttons.o)
 .text          0x0000000000014102     0x3e29 build/cooja/contiki-ng-cooja.a(mqtt.o)
                0x00000000000145a3                mqtt_decode_var_byte_int
                0x00000000000146a8                mqtt_encode_var_byte_int
                0x0000000000017793                mqtt_init
                0x000000000001786d                mqtt_register
                0x0000000000017935                mqtt_connect
                0x0000000000017a75                mqtt_disconnect
                0x0000000000017ac6                mqtt_subscribe
                0x0000000000017bcf                mqtt_unsubscribe
                0x0000000000017cc8                mqtt_publish
                0x0000000000017e03                mqtt_set_username_password
                0x0000000000017eb4                mqtt_set_last_will
 .text          0x0000000000017f2b      0x400 build/cooja/contiki-ng-cooja.a(contiki-main.o)
                0x0000000000017f2b                main
 .text          0x000000000001832b       0xbd build/cooja/contiki-ng-cooja.a(autostart.o)
                0x000000000001832b                autostart_start
                0x000000000001838c                autostart_exit
 .text          0x00000000000183e8      0x441 build/cooja/contiki-ng-cooja.a(ctimer.o)
                0x000000000001854a                ctimer_init
                0x000000000001857f                ctimer_set
                0x00000000000185c3                ctimer_set_with_process
                0x000000000001867d                ctimer_reset
                0x00000000000186ee                ctimer_restart
                0x000000000001875f                ctimer_stop
                0x00000000000187bd                ctimer_expired
 .text          0x0000000000018829       0x25 build/cooja/contiki-ng-cooja.a(energest.o)
                0x0000000000018829                energest_init
                0x0000000000018834                energest_flush
                0x000000000001883f                energest_get_total_time
 .text          0x000000000001884e      0x57c build/cooja/contiki-ng-cooja.a(etimer.o)
                0x0000000000018af6                etimer_request_poll
                0x0000000000018ba8                etimer_set
                0x0000000000018bde                etimer_reset_with_new_interval
                0x0000000000018c19                etimer_reset
                0x0000000000018c44                etimer_restart
                0x0000000000018c6f                etimer_adjust
                0x0000000000018ca0                etimer_expired
                0x0000000000018cbf                etimer_expiration_time
                0x0000000000018cdf                etimer_start_time
                0x0000000000018cf4                etimer_pending
                0x0000000000018d0e                etimer_next_expiration_time
                0x0000000000018d2f                etimer_stop
 .text          0x0000000000018dca      0x539 build/cooja/contiki-ng-cooja.a(log.o)
                0x0000000000018dca                log_6addr
                0x0000000000018e30                log_6addr_compact_snprint
                0x0000000000018f0b                log_6addr_compact
                0x0000000000018f71                log_lladdr
                0x0000000000018ff1                log_lladdr_compact
                0x0000000000019073                log_bytes
                0x00000000000190d3                log_set_level
                0x00000000000191e1                log_get_level
                0x0000000000019298                log_level_to_str
 .text          0x0000000000019303       0x36 build/cooja/contiki-ng-cooja.a(node-id.o)
                0x0000000000019303                node_id_init
 .text          0x0000000000019339      0x673 build/cooja/contiki-ng-cooja.a(process.o)
                0x0000000000019339                process_alloc_event
                0x0000000000019353                process_start
                0x00000000000195c3                process_exit
                0x00000000000195ef                process_init
                0x00000000000197e6                process_run
                0x000000000001981b                process_nevents
                0x000000000001983b                process_post
                0x0000000000019903                process_post_synch
                0x0000000000019951                process_poll
                0x000000000001998e                process_is_running
 .text          0x00000000000199ac      0x101 build/cooja/contiki-ng-cooja.a(rtimer.o)
                0x00000000000199ac                rtimer_init
                0x00000000000199bc                rtimer_set
                0x0000000000019a3d                rtimer_run_next
 .text          0x0000000000019aad       0xfd build/cooja/contiki-ng-cooja.a(timer.o)
                0x0000000000019aad                timer_set
                0x0000000000019adc                timer_reset
                0x0000000000019b18                timer_restart
                0x0000000000019b37                timer_expired
                0x0000000000019b72                timer_remaining
 .text          0x0000000000019baa      0x39b build/cooja/contiki-ng-cooja.a(list.o)
                0x0000000000019baa                list_init
                0x0000000000019bc4                list_head
                0x0000000000019bd9                list_copy
                0x0000000000019bfa                list_tail
                0x0000000000019c43                list_add
                0x0000000000019ca7                list_push
                0x0000000000019cea                list_chop
                0x0000000000019d77                list_pop
                0x0000000000019db1                list_remove
                0x0000000000019e3d                list_length
                0x0000000000019e78                list_insert
                0x0000000000019edb                list_item_next
                0x0000000000019efe                list_contains
 .text          0x0000000000019f45      0x574 build/cooja/contiki-ng-cooja.a(button-hal.o)
                0x000000000001a110                button_hal_get_by_id
                0x000000000001a15e                button_hal_get_by_index
                0x000000000001a195                button_hal_get_state
                0x000000000001a1f8                button_hal_init
 .text          0x000000000001a4b9      0x181 build/cooja/contiki-ng-cooja.a(gpio-hal.o)
                0x000000000001a4b9                gpio_hal_register_handler
                0x000000000001a4e2                gpio_hal_event_handler
                0x000000000001a54d                gpio_hal_init
                0x000000000001a56c                gpio_hal_arch_port_toggle_pin
                0x000000000001a5a3                gpio_hal_arch_port_toggle_pins
                0x000000000001a5d4                gpio_hal_arch_no_port_toggle_pin
                0x000000000001a60e                gpio_hal_arch_no_port_toggle_pins
 .text          0x000000000001a63a      0x238 build/cooja/contiki-ng-cooja.a(serial-line.o)
                0x000000000001a63a                serial_line_input_byte
                0x000000000001a835                serial_line_init
 .text          0x000000000001a872       0x80 build/cooja/contiki-ng-cooja.a(linkaddr.o)
                0x000000000001a872                linkaddr_copy
                0x000000000001a893                linkaddr_cmp
                0x000000000001a8c9                linkaddr_set_node_addr
 .text          0x000000000001a8f2      0x12b build/cooja/contiki-ng-cooja.a(netstack.o)
                0x000000000001a8f2                netstack_process_ip_callback
                0x000000000001a993                netstack_ip_packet_processor_add
                0x000000000001a9c3                uip_ds6_ip_packet_processor_rm
                0x000000000001a9ec                netstack_init
 .text          0x000000000001aa1d      0x4a8 build/cooja/contiki-ng-cooja.a(packetbuf.o)
                0x000000000001aa1d                packetbuf_clear
                0x000000000001aa4b                packetbuf_copyfrom
                0x000000000001aaa4                packetbuf_copyto
                0x000000000001ab4a                packetbuf_hdralloc
                0x000000000001abd9                packetbuf_hdrreduce
                0x000000000001ac29                packetbuf_set_datalen
                0x000000000001ac45                packetbuf_dataptr
                0x000000000001ac6a                packetbuf_hdrptr
                0x000000000001ac7b                packetbuf_datalen
                0x000000000001ac8c                packetbuf_hdrlen
                0x000000000001aca8                packetbuf_totlen
                0x000000000001acca                packetbuf_remaininglen
                0x000000000001ace2                packetbuf_attr_clear
                0x000000000001ad47                packetbuf_attr_copyto
                0x000000000001ad92                packetbuf_attr_copyfrom
                0x000000000001addd                packetbuf_set_attr
                0x000000000001ae0d                packetbuf_attr
                0x000000000001ae2e                packetbuf_set_addr
                0x000000000001ae74                packetbuf_addr
                0x000000000001ae9e                packetbuf_holds_broadcast
 .text          0x000000000001aec5      0x382 build/cooja/contiki-ng-cooja.a(queuebuf.o)
                0x000000000001aeda                queuebuf_init
                0x000000000001af03                queuebuf_numfree
                0x000000000001af1c                queuebuf_new_from_packetbuf
                0x000000000001afcf                queuebuf_update_attr_from_packetbuf
                0x000000000001b012                queuebuf_update_from_packetbuf
                0x000000000001b06e                queuebuf_free
                0x000000000001b0ca                queuebuf_to_packetbuf
                0x000000000001b143                queuebuf_dataptr
                0x000000000001b18a                queuebuf_datalen
                0x000000000001b1ba                queuebuf_addr
                0x000000000001b201                queuebuf_attr
                0x000000000001b23c                queuebuf_debug_print
 .text          0x000000000001b247      0x116 build/cooja/contiki-ng-cooja.a(printf.o)
                0x000000000001b27c                log_printf
 .text          0x000000000001b35d       0x1e build/cooja/contiki-ng-cooja.a(putchar.o)
                0x000000000001b35d                log_putchar
 .text          0x000000000001b37b       0x3d build/cooja/contiki-ng-cooja.a(puts.o)
                0x000000000001b37b                log_puts
 .text          0x000000000001b3b8      0x1f8 build/cooja/contiki-ng-cooja.a(snprintf.o)
                0x000000000001b443                log_snprintf
                0x000000000001b528                log_vsnprintf
 .text          0x000000000001b5b0      0x152 build/cooja/contiki-ng-cooja.a(sprintf.o)
                0x000000000001b5fb                log_sprintf
 .text          0x000000000001b702     0x170b build/cooja/contiki-ng-cooja.a(strformat.o)
                0x000000000001ba75                format_str
                0x000000000001bb56                format_str_v
 .text          0x000000000001ce0d      0x292 build/cooja/contiki-ng-cooja.a(csma.o)
 .text          0x000000000001d09f     0x3747 build/cooja/contiki-ng-cooja.a(sicslowpan.o)
                0x000000000001d875                netstack_sniffer_add
                0x000000000001d88f                netstack_sniffer_remove
                0x00000000000207af                sicslowpan_init
                0x00000000000207d6                sicslowpan_get_last_rssi
 .text          0x00000000000207e6      0xbaa build/cooja/contiki-ng-cooja.a(tcp-socket.o)
                0x0000000000020f1f                tcp_socket_register
                0x0000000000020fe7                tcp_socket_connect
                0x00000000000210a4                tcp_socket_listen
                0x0000000000021131                tcp_socket_unlisten
                0x00000000000211bd                tcp_socket_send
                0x000000000002127a                tcp_socket_send_str
                0x00000000000212b1                tcp_socket_close
                0x00000000000212e6                tcp_socket_unregister
                0x000000000002134f                tcp_socket_max_sendlen
                0x0000000000021377                tcp_socket_queuelen
 .text          0x0000000000021390      0xc96 build/cooja/contiki-ng-cooja.a(tcpip.o)
                0x00000000000213c0                tcpip_output
                0x00000000000214c2                tcp_connect
                0x0000000000021529                tcp_unlisten
                0x0000000000021599                tcp_listen
                0x0000000000021605                tcp_attach
                0x0000000000021633                udp_attach
                0x0000000000021661                udp_new
                0x00000000000216bc                udp_broadcast_new
                0x00000000000219cf                tcpip_input
                0x0000000000021ba7                tcpip_ipv6_output
                0x0000000000021e00                tcpip_poll_udp
                0x0000000000021e2e                tcpip_poll_tcp
                0x0000000000021e5c                tcpip_uipcall
 .text          0x0000000000022026      0x416 build/cooja/contiki-ng-cooja.a(uip-ds6-nbr.o)
                0x0000000000022026                uip_ds6_neighbors_init
                0x000000000002204f                uip_ds6_nbr_add
                0x00000000000220ed                uip_ds6_nbr_rm
                0x000000000002214a                uip_ds6_nbr_update_ll
                0x000000000002224f                uip_ds6_nbr_get_ipaddr
                0x000000000002226f                uip_ds6_nbr_get_ll
                0x0000000000022297                uip_ds6_nbr_num
                0x00000000000222e9                uip_ds6_nbr_head
                0x0000000000022302                uip_ds6_nbr_next
                0x000000000002232a                uip_ds6_nbr_lookup
                0x0000000000022393                uip_ds6_nbr_ll_lookup
                0x00000000000223bb                uip_ds6_nbr_ipaddr_from_lladdr
                0x00000000000223ef                uip_ds6_nbr_lladdr_from_ipaddr
                0x000000000002242b                uip_ds6_link_callback
 .text          0x000000000002243c      0x3f9 build/cooja/contiki-ng-cooja.a(uip-ds6-route.o)
                0x0000000000022493                uip_ds6_route_init
                0x00000000000224bc                uip_ds6_route_count_nexthop_neighbors
                0x00000000000224cb                uip_ds6_route_nexthop
                0x00000000000224de                uip_ds6_route_head
                0x00000000000224ed                uip_ds6_route_next
                0x0000000000022500                uip_ds6_route_is_nexthop
                0x0000000000022513                uip_ds6_route_num_routes
                0x0000000000022522                uip_ds6_route_lookup
                0x0000000000022535                uip_ds6_route_add
                0x0000000000022551                uip_ds6_route_rm
                0x0000000000022560                uip_ds6_route_rm_by_nexthop
                0x000000000002256f                uip_ds6_defrt_head
                0x0000000000022588                uip_ds6_defrt_add
                0x0000000000022648                uip_ds6_defrt_rm
                0x00000000000226be                uip_ds6_defrt_lookup
                0x0000000000022735                uip_ds6_defrt_choose
                0x00000000000227b8                uip_ds6_defrt_periodic
 .text          0x0000000000022835      0xebc build/cooja/contiki-ng-cooja.a(uip-ds6.o)
                0x0000000000022835                uip_ds6_default_prefix
                0x0000000000022846                uip_ds6_set_default_prefix
                0x000000000002286e                uip_ds6_init
                0x0000000000022b0d                uip_ds6_periodic
                0x0000000000022baf                uip_ds6_list_loop
                0x0000000000022c98                uip_ds6_prefix_add
                0x0000000000022d69                uip_ds6_prefix_rm
                0x0000000000022d87                uip_ds6_prefix_lookup
                0x0000000000022dde                uip_ds6_is_addr_onlink
                0x0000000000022e72                uip_ds6_addr_add
                0x0000000000022fbd                uip_ds6_addr_rm
                0x0000000000023078                uip_ds6_addr_lookup
                0x00000000000230cd                uip_ds6_get_link_local
                0x0000000000023172                uip_ds6_get_global
                0x0000000000023217                uip_ds6_maddr_add
                0x0000000000023293                uip_ds6_maddr_rm
                0x00000000000232b1                uip_ds6_maddr_lookup
                0x0000000000023309                uip_ds6_aaddr_add
                0x0000000000023385                uip_ds6_aaddr_rm
                0x00000000000233a3                uip_ds6_aaddr_lookup
                0x00000000000233fb                uip_ds6_select_src
                0x0000000000023585                uip_ds6_set_addr_iid
                0x00000000000235be                uip_ds6_set_lladdr_from_iid
                0x00000000000235f5                get_match_length
                0x00000000000236a3                uip_ds6_compute_reachable_time
 .text          0x00000000000236f1      0x1b9 build/cooja/contiki-ng-cooja.a(uip-packetqueue.o)
                0x0000000000023730                uip_packetqueue_new
                0x000000000002374a                uip_packetqueue_alloc
                0x00000000000237c4                uip_packetqueue_free
                0x000000000002381c                uip_packetqueue_buf
                0x0000000000023848                uip_packetqueue_buflen
                0x0000000000023877                uip_packetqueue_set_buflen
 .text          0x00000000000238aa     0x3915 build/cooja/contiki-ng-cooja.a(uip6.o)
                0x00000000000238aa                uip_add32
                0x0000000000023ab4                uip_chksum
                0x0000000000023b9a                uip_icmp6chksum
                0x0000000000023bae                uip_tcpchksum
                0x0000000000023bc2                uip_udpchksum
                0x0000000000023bd6                uip_init
                0x0000000000023c9b                uip_connect
                0x0000000000023e45                uip_remove_ext_hdr
                0x0000000000023f46                uip_udp_new
                0x00000000000240b2                uip_unlisten
                0x0000000000024101                uip_listen
                0x0000000000024423                uip_process
                0x0000000000027045                uip_htons
                0x0000000000027068                uip_htonl
                0x00000000000270b0                uip_send
 .text          0x00000000000271bf      0x5b1 build/cooja/contiki-ng-cooja.a(uipbuf.o)
                0x00000000000271bf                uipbuf_clear
                0x00000000000271f1                uipbuf_add_ext_hdr
                0x0000000000027289                uipbuf_set_len
                0x00000000000272bb                uipbuf_set_len_field
                0x00000000000272ee                uipbuf_get_len_field
                0x0000000000027319                uipbuf_get_next_header
                0x000000000002748b                uipbuf_get_last_header
                0x000000000002751e                uipbuf_search_header
                0x00000000000275e5                uipbuf_get_attr
                0x0000000000027616                uipbuf_set_attr
                0x0000000000027656                uipbuf_set_default_attr
                0x0000000000027696                uipbuf_clear_attr
                0x00000000000276bd                uipbuf_set_attr_flag
                0x00000000000276e0                uipbuf_clr_attr_flag
                0x0000000000027709                uipbuf_is_attr_flag
                0x000000000002772e                uipbuf_init
 .text          0x0000000000027770      0x57d build/cooja/contiki-ng-cooja.a(uiplib.o)
                0x0000000000027770                uiplib_ip6addrconv
                0x000000000002794c                uiplib_ip4addrconv
                0x0000000000027a1e                uiplib_ipaddr_print
                0x0000000000027a84                uiplib_ipaddr_snprint
 .text          0x0000000000027ced      0x66e build/cooja/contiki-ng-cooja.a(rpl.o)
                0x0000000000027ced                rpl_lollipop_greater_than
                0x0000000000027d51                rpl_get_global_address
                0x0000000000027ef1                rpl_link_callback
                0x0000000000027f5b                rpl_has_joined
                0x0000000000027f8e                rpl_is_reachable
                0x0000000000028034                rpl_reset_prefix
                0x00000000000280ab                rpl_set_prefix_from_addr
                0x00000000000281c6                rpl_set_prefix
                0x0000000000028330                rpl_set_leaf_only
                0x000000000002834a                rpl_get_leaf_only
 .text          0x000000000002835b       0x49 build/cooja/contiki-ng-cooja.a(watchdog.o)
                0x000000000002835b                watchdog_init
                0x0000000000028366                watchdog_start
                0x0000000000028371                watchdog_periodic
                0x000000000002838e                watchdog_stop
                0x0000000000028399                watchdog_reboot
 .text          0x00000000000283a4       0x61 build/cooja/contiki-ng-cooja.a(int-master.o)
                0x00000000000283a4                int_master_enable
                0x00000000000283b9                int_master_read_and_disable
                0x00000000000283d9                int_master_status_set
                0x00000000000283f0                int_master_is_enabled
 .text          0x0000000000028405      0x125 build/cooja/contiki-ng-cooja.a(stimer.o)
                0x0000000000028405                stimer_set
                0x0000000000028434                stimer_reset
                0x0000000000028470                stimer_restart
                0x000000000002848f                stimer_expired
                0x00000000000284d1                stimer_remaining
                0x0000000000028509                stimer_elapsed
 .text          0x000000000002852a      0x21a build/cooja/contiki-ng-cooja.a(memb.o)
                0x000000000002852a                memb_init
                0x000000000002858d                memb_alloc
                0x0000000000028607                memb_free
                0x000000000002869a                memb_inmemb
                0x00000000000286f1                memb_numfree
 .text          0x0000000000028744      0x19d build/cooja/contiki-ng-cooja.a(ringbuf.o)
                0x0000000000028744                ringbuf_init
                0x0000000000028785                ringbuf_put
                0x0000000000028814                ringbuf_get
                0x0000000000028892                ringbuf_size
                0x00000000000288ae                ringbuf_elements
 .text          0x00000000000288e1      0x481 build/cooja/contiki-ng-cooja.a(link-stats.o)
                0x00000000000288e1                link_stats_from_lladdr
                0x0000000000028909                link_stats_get_lladdr
                0x0000000000028931                link_stats_is_fresh
                0x0000000000028979                guess_etx_from_rssi
                0x00000000000289fe                link_stats_packet_sent
                0x0000000000028b62                link_stats_input_callback
                0x0000000000028cc4                link_stats_reset
                0x0000000000028d20                link_stats_init
 .text          0x0000000000028d62      0xcb3 build/cooja/contiki-ng-cooja.a(nbr-table.o)
                0x00000000000291c0                nbr_table_count_entries
                0x0000000000029262                nbr_table_gc_get_worst
                0x00000000000292a5                nbr_table_can_accept_new
                0x000000000002945a                nbr_table_entry_is_allowed
                0x0000000000029507                nbr_table_register
                0x0000000000029599                nbr_table_is_registered
                0x00000000000295f0                nbr_table_head
                0x000000000002965e                nbr_table_next
                0x00000000000296db                nbr_table_add_lladdr
                0x000000000002983b                nbr_table_get_from_lladdr
                0x000000000002989a                nbr_table_remove
                0x00000000000298f4                nbr_table_lock
                0x0000000000029929                nbr_table_unlock
                0x000000000002995e                nbr_table_get_lladdr
                0x00000000000299a1                nbr_table_clear
                0x00000000000299de                nbr_table_key_head
                0x00000000000299f7                nbr_table_key_next
 .text          0x0000000000029a15      0x1e0 build/cooja/contiki-ng-cooja.a(mac-sequence.o)
                0x0000000000029a15                mac_sequence_is_duplicate
                0x0000000000029af6                mac_sequence_register_seqno
 .text          0x0000000000029bf5      0x451 build/cooja/contiki-ng-cooja.a(framer-802154.o)
                0x0000000000029d90                framer_802154_setup_params
 .text          0x000000000002a046      0xae3 build/cooja/contiki-ng-cooja.a(csma-output.o)
                0x000000000002a828                csma_output_packet
                0x000000000002aaf1                csma_output_init
 .text          0x000000000002ab29       0x3d build/cooja/contiki-ng-cooja.a(csma-security.o)
                0x000000000002ab29                csma_security_create_frame
                0x000000000002ab4f                csma_security_parse_frame
 .text          0x000000000002ab66      0x8b7 build/cooja/contiki-ng-cooja.a(uip-icmp6.o)
                0x000000000002abe3                uip_icmp6_input
                0x000000000002ac41                uip_icmp6_register_input_handler
                0x000000000002add3                uip_icmp6_error_output
                0x000000000002b138                uip_icmp6_send
                0x000000000002b384                uip_icmp6_echo_reply_callback_add
                0x000000000002b3cb                uip_icmp6_echo_reply_callback_rm
                0x000000000002b3f4                uip_icmp6_init
 .text          0x000000000002b41d      0x87f build/cooja/contiki-ng-cooja.a(uip-nd6.o)
                0x000000000002bc82                uip_nd6_init
 .text          0x000000000002bc9c      0x7e7 build/cooja/contiki-ng-cooja.a(uip-sr.o)
                0x000000000002bc9c                uip_sr_num_nodes
                0x000000000002bd47                uip_sr_get_node
                0x000000000002bdaf                uip_sr_is_addr_reachable
                0x000000000002be77                uip_sr_expire_parent
                0x000000000002bee6                uip_sr_update_node
                0x000000000002c05a                uip_sr_init
                0x000000000002c08d                uip_sr_node_head
                0x000000000002c0a6                uip_sr_node_next
                0x000000000002c0c4                uip_sr_periodic
                0x000000000002c200                uip_sr_free_all
                0x000000000002c27f                uip_sr_link_snprint
 .text          0x000000000002c483      0x35a build/cooja/contiki-ng-cooja.a(rpl-dag-root.o)
                0x000000000002c483                rpl_dag_root_print_links
                0x000000000002c5f8                rpl_dag_root_set_prefix
                0x000000000002c634                rpl_dag_root_start
                0x000000000002c79d                rpl_dag_root_is_root
 .text          0x000000000002c7dd     0x1219 build/cooja/contiki-ng-cooja.a(rpl-dag.o)
                0x000000000002c7dd                rpl_dag_state_to_str
                0x000000000002c83b                rpl_dag_get_root_ipaddr
                0x000000000002c885                rpl_dag_leave
                0x000000000002c930                rpl_dag_poison_and_leave
                0x000000000002c94e                rpl_dag_periodic
                0x000000000002ca12                rpl_is_addr_in_our_dag
                0x000000000002ca6e                rpl_get_default_instance
                0x000000000002ca95                rpl_get_any_dag
                0x000000000002cb02                rpl_refresh_routes
                0x000000000002cb64                rpl_global_repair
                0x000000000002cc26                rpl_local_repair
                0x000000000002cc88                rpl_dag_ready_to_advertise
                0x000000000002cce0                rpl_dag_update_state
                0x000000000002d5a3                rpl_process_dio
                0x000000000002d645                rpl_process_dis
                0x000000000002d699                rpl_process_dao
                0x000000000002d742                rpl_process_dao_ack
                0x000000000002d7f2                rpl_process_hbh
                0x000000000002d851                rpl_dag_init_root
                0x000000000002d9d2                rpl_dag_init
 .text          0x000000000002d9f6      0xdef build/cooja/contiki-ng-cooja.a(rpl-ext-header.o)
                0x000000000002d9f6                rpl_ext_header_srh_get_next_hop
                0x000000000002db07                rpl_ext_header_srh_update
                0x000000000002e196                rpl_ext_header_hbh_update
                0x000000000002e536                rpl_ext_header_update
                0x000000000002e5e0                rpl_ext_header_remove
 .text          0x000000000002e7e5     0x16eb build/cooja/contiki-ng-cooja.a(rpl-icmp6.o)
                0x000000000002e979                rpl_icmp6_update_nbr_table
                0x000000000002ea2e                rpl_icmp6_dis_output
                0x000000000002f152                rpl_icmp6_dio_output
                0x000000000002fa82                rpl_icmp6_dao_output
                0x000000000002fdf3                rpl_icmp6_dao_ack_output
                0x000000000002fe89                rpl_icmp6_init
 .text          0x000000000002fed0      0x36f build/cooja/contiki-ng-cooja.a(rpl-mrhof.o)
 .text          0x000000000003023f       0x8c build/cooja/contiki-ng-cooja.a(rpl-nbr-policy.o)
                0x0000000000030287                rpl_nbr_gc_get_worst
 .text          0x00000000000302cb      0xadd build/cooja/contiki-ng-cooja.a(rpl-neighbor.o)
                0x000000000003035e                rpl_neighbor_snprint
                0x000000000003068c                rpl_neighbor_print_list
                0x0000000000030763                rpl_neighbor_count
                0x000000000003084e                rpl_neighbor_get_from_lladdr
                0x0000000000030879                rpl_neighbor_is_acceptable_parent
                0x00000000000308c5                rpl_neighbor_get_link_metric
                0x0000000000030911                rpl_neighbor_rank_via_nbr
                0x000000000003095d                rpl_neighbor_get_lladdr
                0x0000000000030988                rpl_neighbor_get_ipaddr
                0x00000000000309b6                rpl_neighbor_get_link_stats
                0x00000000000309e4                rpl_neighbor_is_fresh
                0x0000000000030a12                rpl_neighbor_is_parent
                0x0000000000030a4b                rpl_neighbor_set_preferred_parent
                0x0000000000030b02                rpl_neighbor_remove_all
                0x0000000000030b68                rpl_neighbor_get_from_ipaddr
                0x0000000000030ca1                rpl_neighbor_select_best
                0x0000000000030d81                rpl_neighbor_init
 .text          0x0000000000030da8      0xd3d build/cooja/contiki-ng-cooja.a(rpl-timers.o)
                0x0000000000030da8                rpl_timers_schedule_periodic_dis
                0x0000000000030f5e                rpl_timers_dio_reset
                0x00000000000310e2                rpl_timers_schedule_unicast_dio
                0x00000000000312c9                rpl_timers_schedule_dao
                0x00000000000313cf                rpl_timers_schedule_dao_ack
                0x0000000000031494                rpl_timers_notify_dao_ack
                0x0000000000031509                get_probing_delay
                0x0000000000031550                get_probing_target
                0x000000000003178e                rpl_schedule_probing
                0x00000000000317d5                rpl_schedule_probing_now
                0x0000000000031863                rpl_timers_unschedule_leaving
                0x00000000000318ad                rpl_timers_schedule_leaving
                0x000000000003190b                rpl_timers_init
                0x00000000000319bd                rpl_timers_stop_dag_timers
                0x0000000000031a5f                rpl_timers_unschedule_state_update
                0x0000000000031a8c                rpl_timers_schedule_state_update
 .text          0x0000000000031ae5       0x34 build/cooja/contiki-ng-cooja.a(assert.o)
                0x0000000000031ae5                _xassert
 .text          0x0000000000031b19       0x3a build/cooja/contiki-ng-cooja.a(mac.o)
                0x0000000000031b19                mac_call_sent_callback
 .text          0x0000000000031b53      0xca9 build/cooja/contiki-ng-cooja.a(frame802154.o)
                0x0000000000031b81                frame802154_get_pan_id
                0x0000000000031b92                frame802154_set_pan_id
                0x0000000000031bae                frame802154_has_panid
                0x0000000000031d8d                frame802154_check_dest_panid
                0x0000000000031e2b                frame802154_is_broadcast_addr
                0x0000000000031e82                frame802154_extract_linkaddr
                0x000000000003211c                frame802154_hdrlen
                0x000000000003219b                frame802154_create_fcf
                0x000000000003226d                frame802154_create
                0x0000000000032417                frame802154_parse_fcf
                0x000000000003250e                frame802154_parse
 .text          0x00000000000327fc        0x0 /usr/lib/gcc/x86_64-linux-gnu/11/crtendS.o
 .text          0x00000000000327fc        0x0 /usr/lib/gcc/x86_64-linux-gnu/11/../../../x86_64-linux-gnu/crtn.o
 *(.gnu.warning)

.fini           0x00000000000327fc        0xd
 *(SORT_NONE(.fini))
 .fini          0x00000000000327fc        0x8 /usr/lib/gcc/x86_64-linux-gnu/11/../../../x86_64-linux-gnu/crti.o
                0x00000000000327fc                _fini
 .fini          0x0000000000032804        0x5 /usr/lib/gcc/x86_64-linux-gnu/11/../../../x86_64-linux-gnu/crtn.o
                [!provide]                        PROVIDE (__etext = .)
                [!provide]                        PROVIDE (_etext = .)
                [!provide]                        PROVIDE (etext = .)
                0x0000000000033000                . = ALIGN (CONSTANT (MAXPAGESIZE))
                0x0000000000033000                . = SEGMENT_START ("rodata-segment", (ALIGN (CONSTANT (MAXPAGESIZE)) + (. & (CONSTANT (MAXPAGESIZE) - 0x1))))

.rodata         0x0000000000033000      0xd8d
 *(.rodata .rodata.* .gnu.linkonce.r.*)
 .rodata        0x0000000000033000      0x2ba temperature_sensor.o
 .rodata        0x00000000000332ba        0x6 build/cooja/contiki-ng-cooja.a(leds-arch.o)
                0x00000000000332ba                leds_arch_leds
 .rodata        0x00000000000332c0        0x4 build/cooja/contiki-ng-cooja.a(pir-sensor.o)
 .rodata        0x00000000000332c4        0x3 build/cooja/contiki-ng-cooja.a(rs232.o)
 .rodata        0x00000000000332c7        0xa build/cooja/contiki-ng-cooja.a(vib-sensor.o)
 *fill*         0x00000000000332d1        0x7 
 .rodata        0x00000000000332d8       0x26 build/cooja/contiki-ng-cooja.a(cfs-cooja.o)
 *fill*         0x00000000000332fe        0x2 
 .rodata        0x0000000000033300       0x68 build/cooja/contiki-ng-cooja.a(cooja-radio.o)
 .rodata        0x0000000000033368        0x8 build/cooja/contiki-ng-cooja.a(sensors.o)
 .rodata        0x0000000000033370       0x14 build/cooja/contiki-ng-cooja.a(buttons.o)
                0x000000000003337c                button_hal_button_count
 .rodata        0x0000000000033384      0x29c build/cooja/contiki-ng-cooja.a(mqtt.o)
 .rodata        0x0000000000033620       0xec build/cooja/contiki-ng-cooja.a(contiki-main.o)
 .rodata        0x000000000003370c        0xf build/cooja/contiki-ng-cooja.a(ctimer.o)
 .rodata        0x000000000003371b        0xc build/cooja/contiki-ng-cooja.a(etimer.o)
 *fill*         0x0000000000033727        0x1 
 .rodata        0x0000000000033728       0xc0 build/cooja/contiki-ng-cooja.a(log.o)
 .rodata        0x00000000000337e8       0x13 build/cooja/contiki-ng-cooja.a(button-hal.o)
 .rodata        0x00000000000337fb        0xe build/cooja/contiki-ng-cooja.a(serial-line.o)
 *fill*         0x0000000000033809        0x7 
 .rodata        0x0000000000033810        0x8 build/cooja/contiki-ng-cooja.a(linkaddr.o)
                0x0000000000033810                linkaddr_null
 *fill*         0x0000000000033818        0x8 
 .rodata        0x0000000000033820      0x280 build/cooja/contiki-ng-cooja.a(strformat.o)
 .rodata        0x0000000000033aa0        0x5 build/cooja/contiki-ng-cooja.a(csma.o)
 .rodata        0x0000000000033aa5       0x1d build/cooja/contiki-ng-cooja.a(sicslowpan.o)
                0x0000000000033aa5                unc_llconf
                0x0000000000033aa9                unc_ctxconf
                0x0000000000033aad                unc_mxconf
                0x0000000000033ab1                llprefix
 .rodata        0x0000000000033ac2       0x13 build/cooja/contiki-ng-cooja.a(tcp-socket.o)
 .rodata        0x0000000000033ad5        0xd build/cooja/contiki-ng-cooja.a(tcpip.o)
 *fill*         0x0000000000033ae2        0x6 
 .rodata        0x0000000000033ae8       0x4c build/cooja/contiki-ng-cooja.a(uip-ds6-route.o)
 .rodata        0x0000000000033b34       0x48 build/cooja/contiki-ng-cooja.a(uip6.o)
 .rodata        0x0000000000033b7c       0x2d build/cooja/contiki-ng-cooja.a(uiplib.o)
 .rodata        0x0000000000033ba9        0x9 build/cooja/contiki-ng-cooja.a(rpl.o)
 *fill*         0x0000000000033bb2        0x6 
 .rodata        0x0000000000033bb8       0x2a build/cooja/contiki-ng-cooja.a(csma-output.o)
 .rodata        0x0000000000033be2       0x44 build/cooja/contiki-ng-cooja.a(uip-sr.o)
 .rodata        0x0000000000033c26       0xd7 build/cooja/contiki-ng-cooja.a(rpl-dag.o)
 *fill*         0x0000000000033cfd        0x3 
 .rodata        0x0000000000033d00       0x58 build/cooja/contiki-ng-cooja.a(rpl-neighbor.o)
 .rodata        0x0000000000033d58        0xc build/cooja/contiki-ng-cooja.a(rpl-timers.o)
 *fill*         0x0000000000033d64        0x4 
 .rodata        0x0000000000033d68       0x25 build/cooja/contiki-ng-cooja.a(assert.o)

.rodata1
 *(.rodata1)

.eh_frame_hdr   0x0000000000033d90     0x1904
 *(.eh_frame_hdr)
 .eh_frame_hdr  0x0000000000033d90     0x1904 temperature_sensor.o
                0x0000000000033d90                __GNU_EH_FRAME_HDR
 *(.eh_frame_entry .eh_frame_entry.*)

.eh_frame       0x0000000000035698     0x6478
 *(.eh_frame)
 .eh_frame      0x0000000000035698       0x40 /usr/lib/gcc/x86_64-linux-gnu/11/../../../x86_64-linux-gnu/crti.o
 .eh_frame      0x00000000000356d8       0x18 /usr/lib/gcc/x86_64-linux-gnu/11/../../../x86_64-linux-gnu/crti.o
                                         0x30 (size before relaxing)
 .eh_frame      0x00000000000356f0       0x18 /usr/lib/gcc/x86_64-linux-gnu/11/../../../x86_64-linux-gnu/crti.o
                                         0x30 (size before relaxing)
 .eh_frame      0x0000000000035708       0xe8 temperature_sensor.o
                                        0x100 (size before relaxing)
 .eh_frame      0x00000000000357f0      0x198 build/cooja/mtype177648212.o
                                        0x1b0 (size before relaxing)
 .eh_frame      0x0000000000035988       0x40 build/cooja/contiki-ng-cooja.a(simEnvChange.o)
                                         0x58 (size before relaxing)
 .eh_frame      0x00000000000359c8       0x60 build/cooja/contiki-ng-cooja.a(cooja_mt.o)
                                         0x78 (size before relaxing)
 .eh_frame      0x0000000000035a28       0x80 build/cooja/contiki-ng-cooja.a(cooja_mtarch.o)
                                         0x98 (size before relaxing)
 .eh_frame      0x0000000000035aa8       0xc0 build/cooja/contiki-ng-cooja.a(rtimer-arch.o)
                                         0xd8 (size before relaxing)
 .eh_frame      0x0000000000035b68      0x160 build/cooja/contiki-ng-cooja.a(beep.o)
                                        0x178 (size before relaxing)
 .eh_frame      0x0000000000035cc8       0x80 build/cooja/contiki-ng-cooja.a(leds-arch.o)
                                         0x98 (size before relaxing)
 .eh_frame      0x0000000000035d48       0x40 build/cooja/contiki-ng-cooja.a(moteid.o)
                                         0x58 (size before relaxing)
 .eh_frame      0x0000000000035d88       0xa0 build/cooja/contiki-ng-cooja.a(pir-sensor.o)
                                         0xb8 (size before relaxing)
 .eh_frame      0x0000000000035e28      0x100 build/cooja/contiki-ng-cooja.a(rs232.o)
                                        0x118 (size before relaxing)
 .eh_frame      0x0000000000035f28       0xa0 build/cooja/contiki-ng-cooja.a(vib-sensor.o)
                                         0xb8 (size before relaxing)
 .eh_frame      0x0000000000035fc8       0xc0 build/cooja/contiki-ng-cooja.a(clock.o)
                                         0xd8 (size before relaxing)
 .eh_frame      0x0000000000036088      0x100 build/cooja/contiki-ng-cooja.a(cooja-log.o)
                                        0x118 (size before relaxing)
 .eh_frame      0x0000000000036188      0x160 build/cooja/contiki-ng-cooja.a(cfs-cooja.o)
                                        0x178 (size before relaxing)
 .eh_frame      0x00000000000362e8      0x360 build/cooja/contiki-ng-cooja.a(cooja-radio.o)
                                        0x378 (size before relaxing)
 .eh_frame      0x0000000000036648       0xa0 build/cooja/contiki-ng-cooja.a(eeprom.o)
                                         0xb8 (size before relaxing)
 .eh_frame      0x00000000000366e8       0x40 build/cooja/contiki-ng-cooja.a(random.o)
                                         0x58 (size before relaxing)
 .eh_frame      0x0000000000036728       0xc0 build/cooja/contiki-ng-cooja.a(sensors.o)
                                         0xd8 (size before relaxing)
 .eh_frame      0x00000000000367e8      0x120 build/cooja/contiki-ng-cooja.a(leds.o)
                                        0x138 (size before relaxing)
 .eh_frame      0x0000000000036908      0x220 build/cooja/contiki-ng-cooja.a(gpio-hal-arch.o)
                                        0x238 (size before relaxing)
 .eh_frame      0x0000000000036b28       0xa0 build/cooja/contiki-ng-cooja.a(buttons.o)
                                         0xb8 (size before relaxing)
 .eh_frame      0x0000000000036bc8      0x4e0 build/cooja/contiki-ng-cooja.a(mqtt.o)
                                        0x4f8 (size before relaxing)
 .eh_frame      0x00000000000370a8       0x20 build/cooja/contiki-ng-cooja.a(contiki-main.o)
                                         0x38 (size before relaxing)
 .eh_frame      0x00000000000370c8       0x40 build/cooja/contiki-ng-cooja.a(autostart.o)
                                         0x58 (size before relaxing)
 .eh_frame      0x0000000000037108      0x100 build/cooja/contiki-ng-cooja.a(ctimer.o)
                                        0x118 (size before relaxing)
 .eh_frame      0x0000000000037208       0x60 build/cooja/contiki-ng-cooja.a(energest.o)
                                         0x78 (size before relaxing)
 .eh_frame      0x0000000000037268      0x1e0 build/cooja/contiki-ng-cooja.a(etimer.o)
                                        0x1f8 (size before relaxing)
 .eh_frame      0x0000000000037448      0x120 build/cooja/contiki-ng-cooja.a(log.o)
                                        0x138 (size before relaxing)
 .eh_frame      0x0000000000037568       0x20 build/cooja/contiki-ng-cooja.a(node-id.o)
                                         0x38 (size before relaxing)
 .eh_frame      0x0000000000037588      0x1c8 build/cooja/contiki-ng-cooja.a(process.o)
                                        0x1e0 (size before relaxing)
 .eh_frame      0x0000000000037750       0x60 build/cooja/contiki-ng-cooja.a(rtimer.o)
                                         0x78 (size before relaxing)
 .eh_frame      0x00000000000377b0       0xa0 build/cooja/contiki-ng-cooja.a(timer.o)
                                         0xb8 (size before relaxing)
 .eh_frame      0x0000000000037850      0x1a0 build/cooja/contiki-ng-cooja.a(list.o)
                                        0x1b8 (size before relaxing)
 .eh_frame      0x00000000000379f0      0x160 build/cooja/contiki-ng-cooja.a(button-hal.o)
                                        0x178 (size before relaxing)
 .eh_frame      0x0000000000037b50       0xe0 build/cooja/contiki-ng-cooja.a(gpio-hal.o)
                                         0xf8 (size before relaxing)
 .eh_frame      0x0000000000037c30       0x60 build/cooja/contiki-ng-cooja.a(serial-line.o)
                                         0x78 (size before relaxing)
 .eh_frame      0x0000000000037c90       0x60 build/cooja/contiki-ng-cooja.a(linkaddr.o)
                                         0x78 (size before relaxing)
 .eh_frame      0x0000000000037cf0       0x80 build/cooja/contiki-ng-cooja.a(netstack.o)
                                         0x98 (size before relaxing)
 .eh_frame      0x0000000000037d70      0x288 build/cooja/contiki-ng-cooja.a(packetbuf.o)
                                        0x2a0 (size before relaxing)
 .eh_frame      0x0000000000037ff8      0x1a0 build/cooja/contiki-ng-cooja.a(queuebuf.o)
                                        0x1b8 (size before relaxing)
 .eh_frame      0x0000000000038198       0x40 build/cooja/contiki-ng-cooja.a(printf.o)
                                         0x58 (size before relaxing)
 .eh_frame      0x00000000000381d8       0x20 build/cooja/contiki-ng-cooja.a(putchar.o)
                                         0x38 (size before relaxing)
 .eh_frame      0x00000000000381f8       0x20 build/cooja/contiki-ng-cooja.a(puts.o)
                                         0x38 (size before relaxing)
 .eh_frame      0x0000000000038218       0x60 build/cooja/contiki-ng-cooja.a(snprintf.o)
                                         0x78 (size before relaxing)
 .eh_frame      0x0000000000038278       0x40 build/cooja/contiki-ng-cooja.a(sprintf.o)
                                         0x58 (size before relaxing)
 .eh_frame      0x00000000000382b8      0x120 build/cooja/contiki-ng-cooja.a(strformat.o)
                                        0x138 (size before relaxing)
 .eh_frame      0x00000000000383d8       0xe0 build/cooja/contiki-ng-cooja.a(csma.o)
                                         0xf8 (size before relaxing)
 .eh_frame      0x00000000000384b8      0x2e0 build/cooja/contiki-ng-cooja.a(sicslowpan.o)
                                        0x2f8 (size before relaxing)
 .eh_frame      0x0000000000038798      0x248 build/cooja/contiki-ng-cooja.a(tcp-socket.o)
                                        0x260 (size before relaxing)
 .eh_frame      0x00000000000389e0      0x308 build/cooja/contiki-ng-cooja.a(tcpip.o)
                                        0x320 (size before relaxing)
 .eh_frame      0x0000000000038ce8      0x1c0 build/cooja/contiki-ng-cooja.a(uip-ds6-nbr.o)
                                        0x1d8 (size before relaxing)
 .eh_frame      0x0000000000038ea8      0x240 build/cooja/contiki-ng-cooja.a(uip-ds6-route.o)
                                        0x258 (size before relaxing)
 .eh_frame      0x00000000000390e8      0x328 build/cooja/contiki-ng-cooja.a(uip-ds6.o)
                                        0x340 (size before relaxing)
 .eh_frame      0x0000000000039410       0xe0 build/cooja/contiki-ng-cooja.a(uip-packetqueue.o)
                                         0xf8 (size before relaxing)
 .eh_frame      0x00000000000394f0      0x2b0 build/cooja/contiki-ng-cooja.a(uip6.o)
                                        0x2c8 (size before relaxing)
 .eh_frame      0x00000000000397a0      0x200 build/cooja/contiki-ng-cooja.a(uipbuf.o)
                                        0x218 (size before relaxing)
 .eh_frame      0x00000000000399a0       0x80 build/cooja/contiki-ng-cooja.a(uiplib.o)
                                         0x98 (size before relaxing)
 .eh_frame      0x0000000000039a20      0x1e0 build/cooja/contiki-ng-cooja.a(rpl.o)
                                        0x1f8 (size before relaxing)
 .eh_frame      0x0000000000039c00       0xa0 build/cooja/contiki-ng-cooja.a(watchdog.o)
                                         0xb8 (size before relaxing)
 .eh_frame      0x0000000000039ca0       0x80 build/cooja/contiki-ng-cooja.a(int-master.o)
                                         0x98 (size before relaxing)
 .eh_frame      0x0000000000039d20       0xc0 build/cooja/contiki-ng-cooja.a(stimer.o)
                                         0xd8 (size before relaxing)
 .eh_frame      0x0000000000039de0       0xa0 build/cooja/contiki-ng-cooja.a(memb.o)
                                         0xb8 (size before relaxing)
 .eh_frame      0x0000000000039e80       0xa0 build/cooja/contiki-ng-cooja.a(ringbuf.o)
                                         0xb8 (size before relaxing)
 .eh_frame      0x0000000000039f20      0x120 build/cooja/contiki-ng-cooja.a(link-stats.o)
                                        0x138 (size before relaxing)
 .eh_frame      0x000000000003a040      0x3e0 build/cooja/contiki-ng-cooja.a(nbr-table.o)
                                        0x3f8 (size before relaxing)
 .eh_frame      0x000000000003a420       0x48 build/cooja/contiki-ng-cooja.a(mac-sequence.o)
                                         0x60 (size before relaxing)
 .eh_frame      0x000000000003a468       0xa8 build/cooja/contiki-ng-cooja.a(framer-802154.o)
                                         0xc0 (size before relaxing)
 .eh_frame      0x000000000003a510      0x1c8 build/cooja/contiki-ng-cooja.a(csma-output.o)
                                        0x1e0 (size before relaxing)
 .eh_frame      0x000000000003a6d8       0x40 build/cooja/contiki-ng-cooja.a(csma-security.o)
                                         0x58 (size before relaxing)
 .eh_frame      0x000000000003a718      0x148 build/cooja/contiki-ng-cooja.a(uip-icmp6.o)
                                        0x160 (size before relaxing)
 .eh_frame      0x000000000003a860       0x80 build/cooja/contiki-ng-cooja.a(uip-nd6.o)
                                         0x98 (size before relaxing)
 .eh_frame      0x000000000003a8e0      0x180 build/cooja/contiki-ng-cooja.a(uip-sr.o)
                                        0x198 (size before relaxing)
 .eh_frame      0x000000000003aa60       0xa0 build/cooja/contiki-ng-cooja.a(rpl-dag-root.o)
                                         0xb8 (size before relaxing)
 .eh_frame      0x000000000003ab00      0x360 build/cooja/contiki-ng-cooja.a(rpl-dag.o)
                                        0x378 (size before relaxing)
 .eh_frame      0x000000000003ae60      0x128 build/cooja/contiki-ng-cooja.a(rpl-ext-header.o)
                                        0x140 (size before relaxing)
 .eh_frame      0x000000000003af88      0x1c0 build/cooja/contiki-ng-cooja.a(rpl-icmp6.o)
                                        0x1d8 (size before relaxing)
 .eh_frame      0x000000000003b148      0x148 build/cooja/contiki-ng-cooja.a(rpl-mrhof.o)
                                        0x160 (size before relaxing)
 .eh_frame      0x000000000003b290       0x40 build/cooja/contiki-ng-cooja.a(rpl-nbr-policy.o)
                                         0x58 (size before relaxing)
 .eh_frame      0x000000000003b2d0      0x2b0 build/cooja/contiki-ng-cooja.a(rpl-neighbor.o)
                                        0x2c8 (size before relaxing)
 .eh_frame      0x000000000003b580      0x3a8 build/cooja/contiki-ng-cooja.a(rpl-timers.o)
                                        0x3c0 (size before relaxing)
 .eh_frame      0x000000000003b928       0x20 build/cooja/contiki-ng-cooja.a(assert.o)
                                         0x38 (size before relaxing)
 .eh_frame      0x000000000003b948       0x20 build/cooja/contiki-ng-cooja.a(mac.o)
                                         0x38 (size before relaxing)
 .eh_frame      0x000000000003b968      0x1a4 build/cooja/contiki-ng-cooja.a(frame802154.o)
                                        0x1c0 (size before relaxing)
 .eh_frame      0x000000000003bb0c        0x4 /usr/lib/gcc/x86_64-linux-gnu/11/crtendS.o
 *(.eh_frame.*)

.gcc_except_table
 *(.gcc_except_table .gcc_except_table.*)

.gnu_extab
 *(.gnu_extab*)

.exception_ranges
 *(.exception_ranges*)
                0x000000000003d6d0                . = DATA_SEGMENT_ALIGN (CONSTANT (MAXPAGESIZE), CONSTANT (COMMONPAGESIZE))

.eh_frame
 *(.eh_frame)
 *(.eh_frame.*)

.gnu_extab
 *(.gnu_extab)

.gcc_except_table
 *(.gcc_except_table .gcc_except_table.*)

.exception_ranges
 *(.exception_ranges*)

.tdata
 *(.tdata .tdata.* .gnu.linkonce.td.*)

.tbss
 *(.tbss .tbss.* .gnu.linkonce.tb.*)
 *(.tcommon)

.preinit_array
 *(.preinit_array)

.init_array     0x000000000003d6d0        0x8
 *(SORT_BY_INIT_PRIORITY(.init_array.*) SORT_BY_INIT_PRIORITY(.ctors.*))
 *(.init_array EXCLUDE_FILE(*crtend?.o *crtend.o *crtbegin?.o *crtbegin.o) .ctors)
 .init_array    0x000000000003d6d0        0x8 /usr/lib/gcc/x86_64-linux-gnu/11/crtbeginS.o

.fini_array     0x000000000003d6d8        0x8
 *(SORT_BY_INIT_PRIORITY(.fini_array.*) SORT_BY_INIT_PRIORITY(.dtors.*))
 *(.fini_array EXCLUDE_FILE(*crtend?.o *crtend.o *crtbegin?.o *crtbegin.o) .dtors)
 .fini_array    0x000000000003d6d8        0x8 /usr/lib/gcc/x86_64-linux-gnu/11/crtbeginS.o

.ctors
 *crtbegin.o(.ctors)
 *crtbegin?.o(.ctors)
 *(EXCLUDE_FILE(*crtend?.o *crtend.o) .ctors)
 *(SORT_BY_NAME(.ctors.*))
 *(.ctors)

.dtors
 *crtbegin.o(.dtors)
 *crtbegin?.o(.dtors)
 *(EXCLUDE_FILE(*crtend?.o *crtend.o) .dtors)
 *(SORT_BY_NAME(.dtors.*))
 *(.dtors)

.jcr
 *(.jcr)

.data.rel.ro    0x000000000003d6e0      0x350
 *(.data.rel.ro.local* .gnu.linkonce.d.rel.ro.local.*)
 .data.rel.ro.local
                0x000000000003d6e0       0x10 build/cooja/contiki-ng-cooja.a(beep.o)
                0x000000000003d6e0                beep_interface
 .data.rel.ro.local
                0x000000000003d6f0       0x10 build/cooja/contiki-ng-cooja.a(leds-arch.o)
                0x000000000003d6f0                leds_interface
 .data.rel.ro.local
                0x000000000003d700       0x10 build/cooja/contiki-ng-cooja.a(moteid.o)
                0x000000000003d700                moteid_interface
 *fill*         0x000000000003d710       0x10 
 .data.rel.ro.local
                0x000000000003d720       0x40 build/cooja/contiki-ng-cooja.a(pir-sensor.o)
                0x000000000003d720                pir_interface
                0x000000000003d740                pir_sensor
 .data.rel.ro.local
                0x000000000003d760       0x10 build/cooja/contiki-ng-cooja.a(rs232.o)
                0x000000000003d760                rs232_interface
 *fill*         0x000000000003d770       0x10 
 .data.rel.ro.local
                0x000000000003d780       0x40 build/cooja/contiki-ng-cooja.a(vib-sensor.o)
                0x000000000003d780                vib_interface
                0x000000000003d7a0                vib_sensor
 .data.rel.ro.local
                0x000000000003d7c0       0x10 build/cooja/contiki-ng-cooja.a(clock.o)
                0x000000000003d7c0                clock_interface
 .data.rel.ro.local
                0x000000000003d7d0       0x10 build/cooja/contiki-ng-cooja.a(cooja-log.o)
                0x000000000003d7d0                simlog_interface
 .data.rel.ro.local
                0x000000000003d7e0       0x10 build/cooja/contiki-ng-cooja.a(cfs-cooja.o)
                0x000000000003d7e0                cfs_interface
 *fill*         0x000000000003d7f0       0x10 
 .data.rel.ro.local
                0x000000000003d800       0x90 build/cooja/contiki-ng-cooja.a(cooja-radio.o)
                0x000000000003d800                radio_interface
                0x000000000003d820                cooja_radio_driver
 .data.rel.ro.local
                0x000000000003d890       0x10 build/cooja/contiki-ng-cooja.a(eeprom.o)
                0x000000000003d890                eeprom_interface
 .data.rel.ro.local
                0x000000000003d8a0       0x40 build/cooja/contiki-ng-cooja.a(buttons.o)
                0x000000000003d8a0                button_interface
                0x000000000003d8c0                button_sensor
 .data.rel.ro.local
                0x000000000003d8e0       0x38 build/cooja/contiki-ng-cooja.a(csma.o)
                0x000000000003d8e0                csma_driver
 *fill*         0x000000000003d918        0x8 
 .data.rel.ro.local
                0x000000000003d920       0x18 build/cooja/contiki-ng-cooja.a(framer-802154.o)
                0x000000000003d920                framer_802154
 *(.data.rel.ro .data.rel.ro.* .gnu.linkonce.d.rel.ro.*)
 .data.rel.ro   0x000000000003d938        0x0 /usr/lib/gcc/x86_64-linux-gnu/11/../../../x86_64-linux-gnu/crti.o
 *fill*         0x000000000003d938        0x8 
 .data.rel.ro   0x000000000003d940       0x10 temperature_sensor.o
                0x000000000003d940                autostart_processes
 *fill*         0x000000000003d950       0x10 
 .data.rel.ro   0x000000000003d960       0x20 build/cooja/contiki-ng-cooja.a(sicslowpan.o)
                0x000000000003d960                sicslowpan_driver
 .data.rel.ro   0x000000000003d980       0xa8 build/cooja/contiki-ng-cooja.a(rpl.o)
                0x000000000003d980                rpl_lite_driver
 .data.rel.ro   0x000000000003da28        0x8 build/cooja/contiki-ng-cooja.a(rpl-dag.o)

.dynamic        0x000000000003da30      0x1c0
 *(.dynamic)
 .dynamic       0x000000000003da30      0x1c0 /usr/lib/gcc/x86_64-linux-gnu/11/../../../x86_64-linux-gnu/crti.o
                0x000000000003da30                _DYNAMIC

.got            0x000000000003dbf0      0x400
 *(.got)
 .got           0x000000000003dbf0      0x400 /usr/lib/gcc/x86_64-linux-gnu/11/../../../x86_64-linux-gnu/crti.o
 *(.igot)
                0x000000000003efe8                . = DATA_SEGMENT_RELRO_END (., (SIZEOF (.got.plt) >= 0x18)?0x18:0x0)

.got.plt        0x000000000003e000      0xbd0
 *(.got.plt)
 .got.plt       0x000000000003e000      0xbd0 /usr/lib/gcc/x86_64-linux-gnu/11/../../../x86_64-linux-gnu/crti.o
                0x000000000003e000                _GLOBAL_OFFSET_TABLE_
 *(.igot.plt)

.data           0x000000000003ebe0      0x812
 *(.data .data.* .gnu.linkonce.d.*)
 .data          0x000000000003ebe0        0x0 /usr/lib/gcc/x86_64-linux-gnu/11/../../../x86_64-linux-gnu/crti.o
 .data          0x000000000003ebe0        0x0 /usr/lib/gcc/x86_64-linux-gnu/11/crtbeginS.o
 .data.rel.local
                0x000000000003ebe0        0x8 /usr/lib/gcc/x86_64-linux-gnu/11/crtbeginS.o
                0x000000000003ebe0                __dso_handle
 .data          0x000000000003ebe8        0x4 temperature_sensor.o
 *fill*         0x000000000003ebec       0x14 
 .data.rel.local
                0x000000000003ec00       0x40 temperature_sensor.o
                0x000000000003ec20                temperature_sensor_process
 .data          0x000000000003ec40        0x0 build/cooja/mtype177648212.o
 .data.rel      0x000000000003ec40       0xa0 build/cooja/mtype177648212.o
                0x000000000003ec40                simInterfaces
                0x000000000003ecc0                sensors
 .data          0x000000000003ece0        0x0 build/cooja/contiki-ng-cooja.a(simEnvChange.o)
 .data          0x000000000003ece0        0x0 build/cooja/contiki-ng-cooja.a(cooja_mt.o)
 .data          0x000000000003ece0        0x0 build/cooja/contiki-ng-cooja.a(cooja_mtarch.o)
 .data          0x000000000003ece0        0x0 build/cooja/contiki-ng-cooja.a(rtimer-arch.o)
 .data          0x000000000003ece0        0x0 build/cooja/contiki-ng-cooja.a(beep.o)
 .data          0x000000000003ece0        0x0 build/cooja/contiki-ng-cooja.a(leds-arch.o)
 .data          0x000000000003ece0        0x0 build/cooja/contiki-ng-cooja.a(moteid.o)
 .data          0x000000000003ece0        0x0 build/cooja/contiki-ng-cooja.a(pir-sensor.o)
 .data          0x000000000003ece0        0x0 build/cooja/contiki-ng-cooja.a(rs232.o)
 .data          0x000000000003ece0        0x0 build/cooja/contiki-ng-cooja.a(vib-sensor.o)
 .data          0x000000000003ece0        0x0 build/cooja/contiki-ng-cooja.a(clock.o)
 .data          0x000000000003ece0        0x0 build/cooja/contiki-ng-cooja.a(cooja-log.o)
 .data          0x000000000003ece0        0x0 build/cooja/contiki-ng-cooja.a(cfs-cooja.o)
 .data          0x000000000003ece0       0x20 build/cooja/contiki-ng-cooja.a(cooja-radio.o)
                0x000000000003ece0                simRadioHWOn
                0x000000000003ece4                simSignalStrength
                0x000000000003ece8                simLastSignalStrength
                0x000000000003ecec                simPower
                0x000000000003ecf0                simRadioChannel
                0x000000000003ecf4                simLQI
                0x000000000003ecf8                simLastLQI
 .data.rel.local
                0x000000000003ed00       0x20 build/cooja/contiki-ng-cooja.a(cooja-radio.o)
                0x000000000003ed00                cooja_radio_process
 .data          0x000000000003ed20        0x0 build/cooja/contiki-ng-cooja.a(eeprom.o)
 .data          0x000000000003ed20        0x0 build/cooja/contiki-ng-cooja.a(random.o)
 .data          0x000000000003ed20        0x0 build/cooja/contiki-ng-cooja.a(sensors.o)
 .data.rel.local
                0x000000000003ed20       0x20 build/cooja/contiki-ng-cooja.a(sensors.o)
                0x000000000003ed20                sensors_process
 .data          0x000000000003ed40        0x0 build/cooja/contiki-ng-cooja.a(leds.o)
 .data          0x000000000003ed40        0x0 build/cooja/contiki-ng-cooja.a(gpio-hal-arch.o)
 .data          0x000000000003ed40        0x1 build/cooja/contiki-ng-cooja.a(buttons.o)
                0x000000000003ed40                simButtonIsActive
 *fill*         0x000000000003ed41       0x1f 
 .data.rel.local
                0x000000000003ed60       0xb0 build/cooja/contiki-ng-cooja.a(buttons.o)
                0x000000000003ee00                button_hal_buttons
 .data          0x000000000003ee10        0x0 build/cooja/contiki-ng-cooja.a(mqtt.o)
 *fill*         0x000000000003ee10       0x10 
 .data.rel.local
                0x000000000003ee20       0x40 build/cooja/contiki-ng-cooja.a(mqtt.o)
                0x000000000003ee40                mqtt_process
 .data          0x000000000003ee60        0x0 build/cooja/contiki-ng-cooja.a(contiki-main.o)
 .data          0x000000000003ee60        0x0 build/cooja/contiki-ng-cooja.a(autostart.o)
 .data          0x000000000003ee60        0x0 build/cooja/contiki-ng-cooja.a(ctimer.o)
 .data.rel.local
                0x000000000003ee60       0x40 build/cooja/contiki-ng-cooja.a(ctimer.o)
                0x000000000003ee80                ctimer_process
 .data          0x000000000003eea0        0x0 build/cooja/contiki-ng-cooja.a(energest.o)
 .data          0x000000000003eea0        0x0 build/cooja/contiki-ng-cooja.a(etimer.o)
 .data.rel.local
                0x000000000003eea0       0x20 build/cooja/contiki-ng-cooja.a(etimer.o)
                0x000000000003eea0                etimer_process
 .data          0x000000000003eec0        0x4 build/cooja/contiki-ng-cooja.a(log.o)
                0x000000000003eec0                curr_log_level_main
 *fill*         0x000000000003eec4       0x1c 
 .data.rel      0x000000000003eee0      0x138 build/cooja/contiki-ng-cooja.a(log.o)
                0x000000000003eee0                all_modules
 .data          0x000000000003f018        0x0 build/cooja/contiki-ng-cooja.a(node-id.o)
 .data          0x000000000003f018        0x0 build/cooja/contiki-ng-cooja.a(process.o)
 .data          0x000000000003f018        0x0 build/cooja/contiki-ng-cooja.a(rtimer.o)
 .data          0x000000000003f018        0x0 build/cooja/contiki-ng-cooja.a(timer.o)
 .data          0x000000000003f018        0x0 build/cooja/contiki-ng-cooja.a(list.o)
 .data          0x000000000003f018        0x0 build/cooja/contiki-ng-cooja.a(button-hal.o)
 *fill*         0x000000000003f018        0x8 
 .data.rel.local
                0x000000000003f020       0x20 build/cooja/contiki-ng-cooja.a(button-hal.o)
                0x000000000003f020                button_hal_process
 .data          0x000000000003f040        0x0 build/cooja/contiki-ng-cooja.a(gpio-hal.o)
 .data.rel.local
                0x000000000003f040        0x8 build/cooja/contiki-ng-cooja.a(gpio-hal.o)
 .data          0x000000000003f048        0x0 build/cooja/contiki-ng-cooja.a(serial-line.o)
 *fill*         0x000000000003f048       0x18 
 .data.rel.local
                0x000000000003f060       0x20 build/cooja/contiki-ng-cooja.a(serial-line.o)
                0x000000000003f060                serial_line_process
 .data          0x000000000003f080        0x0 build/cooja/contiki-ng-cooja.a(linkaddr.o)
 .data          0x000000000003f080        0x0 build/cooja/contiki-ng-cooja.a(netstack.o)
 .data.rel.local
                0x000000000003f080        0x8 build/cooja/contiki-ng-cooja.a(netstack.o)
 .data          0x000000000003f088        0x0 build/cooja/contiki-ng-cooja.a(packetbuf.o)
 .data.rel.local
                0x000000000003f088        0x8 build/cooja/contiki-ng-cooja.a(packetbuf.o)
 .data          0x000000000003f090        0x0 build/cooja/contiki-ng-cooja.a(queuebuf.o)
 .data.rel.local
                0x000000000003f090       0x38 build/cooja/contiki-ng-cooja.a(queuebuf.o)
 .data          0x000000000003f0c8        0x0 build/cooja/contiki-ng-cooja.a(printf.o)
 *fill*         0x000000000003f0c8        0x8 
 .data.rel.local
                0x000000000003f0d0       0x10 build/cooja/contiki-ng-cooja.a(printf.o)
 .data          0x000000000003f0e0        0x0 build/cooja/contiki-ng-cooja.a(putchar.o)
 .data          0x000000000003f0e0        0x0 build/cooja/contiki-ng-cooja.a(puts.o)
 .data          0x000000000003f0e0        0x0 build/cooja/contiki-ng-cooja.a(snprintf.o)
 .data          0x000000000003f0e0        0x0 build/cooja/contiki-ng-cooja.a(sprintf.o)
 .data          0x000000000003f0e0        0x0 build/cooja/contiki-ng-cooja.a(strformat.o)
 .data          0x000000000003f0e0        0x0 build/cooja/contiki-ng-cooja.a(csma.o)
 .data          0x000000000003f0e0        0x0 build/cooja/contiki-ng-cooja.a(sicslowpan.o)
 .data          0x000000000003f0e0        0x0 build/cooja/contiki-ng-cooja.a(tcp-socket.o)
 .data.rel.local
                0x000000000003f0e0       0x40 build/cooja/contiki-ng-cooja.a(tcp-socket.o)
                0x000000000003f100                tcp_socket_process
 .data          0x000000000003f120        0x0 build/cooja/contiki-ng-cooja.a(tcpip.o)
 .data.rel.local
                0x000000000003f120       0x20 build/cooja/contiki-ng-cooja.a(tcpip.o)
                0x000000000003f120                tcpip_process
 .data          0x000000000003f140        0x0 build/cooja/contiki-ng-cooja.a(uip-ds6-nbr.o)
 .data.rel.local
                0x000000000003f140       0x20 build/cooja/contiki-ng-cooja.a(uip-ds6-nbr.o)
 .data          0x000000000003f160        0x0 build/cooja/contiki-ng-cooja.a(uip-ds6-route.o)
 .data.rel.local
                0x000000000003f160       0x28 build/cooja/contiki-ng-cooja.a(uip-ds6-route.o)
 .data          0x000000000003f188        0x0 build/cooja/contiki-ng-cooja.a(uip-ds6.o)
 .data          0x000000000003f188        0x0 build/cooja/contiki-ng-cooja.a(uip-packetqueue.o)
 *fill*         0x000000000003f188        0x8 
 .data.rel.local
                0x000000000003f190       0x18 build/cooja/contiki-ng-cooja.a(uip-packetqueue.o)
 .data          0x000000000003f1a8        0x0 build/cooja/contiki-ng-cooja.a(uip6.o)
 .data          0x000000000003f1a8        0x0 build/cooja/contiki-ng-cooja.a(uipbuf.o)
 .data          0x000000000003f1a8        0x0 build/cooja/contiki-ng-cooja.a(uiplib.o)
 .data          0x000000000003f1a8        0x0 build/cooja/contiki-ng-cooja.a(rpl.o)
 .data          0x000000000003f1a8        0x0 build/cooja/contiki-ng-cooja.a(watchdog.o)
 .data          0x000000000003f1a8        0x0 build/cooja/contiki-ng-cooja.a(int-master.o)
 .data          0x000000000003f1a8        0x0 build/cooja/contiki-ng-cooja.a(stimer.o)
 .data          0x000000000003f1a8        0x0 build/cooja/contiki-ng-cooja.a(memb.o)
 .data          0x000000000003f1a8        0x0 build/cooja/contiki-ng-cooja.a(ringbuf.o)
 .data          0x000000000003f1a8        0x0 build/cooja/contiki-ng-cooja.a(link-stats.o)
 *fill*         0x000000000003f1a8        0x8 
 .data.rel.local
                0x000000000003f1b0       0x20 build/cooja/contiki-ng-cooja.a(link-stats.o)
 .data          0x000000000003f1d0        0x0 build/cooja/contiki-ng-cooja.a(nbr-table.o)
 .data.rel.local
                0x000000000003f1d0       0x20 build/cooja/contiki-ng-cooja.a(nbr-table.o)
 .data          0x000000000003f1f0        0x0 build/cooja/contiki-ng-cooja.a(mac-sequence.o)
 .data          0x000000000003f1f0        0x0 build/cooja/contiki-ng-cooja.a(framer-802154.o)
 .data          0x000000000003f1f0        0x0 build/cooja/contiki-ng-cooja.a(csma-output.o)
 .data.rel.local
                0x000000000003f1f0       0x60 build/cooja/contiki-ng-cooja.a(csma-output.o)
 .data          0x000000000003f250        0x0 build/cooja/contiki-ng-cooja.a(csma-security.o)
 .data          0x000000000003f250        0x0 build/cooja/contiki-ng-cooja.a(uip-icmp6.o)
 .data.rel.local
                0x000000000003f250       0x48 build/cooja/contiki-ng-cooja.a(uip-icmp6.o)
 .data          0x000000000003f298        0x0 build/cooja/contiki-ng-cooja.a(uip-nd6.o)
 *fill*         0x000000000003f298        0x8 
 .data.rel.local
                0x000000000003f2a0       0x18 build/cooja/contiki-ng-cooja.a(uip-nd6.o)
 .data          0x000000000003f2b8        0x0 build/cooja/contiki-ng-cooja.a(uip-sr.o)
 *fill*         0x000000000003f2b8        0x8 
 .data.rel.local
                0x000000000003f2c0       0x28 build/cooja/contiki-ng-cooja.a(uip-sr.o)
 .data          0x000000000003f2e8        0x0 build/cooja/contiki-ng-cooja.a(rpl-dag-root.o)
 .data          0x000000000003f2e8        0x0 build/cooja/contiki-ng-cooja.a(rpl-dag.o)
 .data          0x000000000003f2e8        0x0 build/cooja/contiki-ng-cooja.a(rpl-ext-header.o)
 .data          0x000000000003f2e8        0x0 build/cooja/contiki-ng-cooja.a(rpl-icmp6.o)
 *fill*         0x000000000003f2e8        0x8 
 .data.rel.local
                0x000000000003f2f0       0x78 build/cooja/contiki-ng-cooja.a(rpl-icmp6.o)
 .data          0x000000000003f368        0x0 build/cooja/contiki-ng-cooja.a(rpl-mrhof.o)
 *fill*         0x000000000003f368       0x18 
 .data.rel.local
                0x000000000003f380       0x48 build/cooja/contiki-ng-cooja.a(rpl-mrhof.o)
                0x000000000003f380                rpl_mrhof
 .data          0x000000000003f3c8        0x0 build/cooja/contiki-ng-cooja.a(rpl-nbr-policy.o)
 .data          0x000000000003f3c8        0x0 build/cooja/contiki-ng-cooja.a(rpl-neighbor.o)
 *fill*         0x000000000003f3c8        0x8 
 .data.rel.local
                0x000000000003f3d0       0x20 build/cooja/contiki-ng-cooja.a(rpl-neighbor.o)
                0x000000000003f3e8                rpl_neighbors
 .data          0x000000000003f3f0        0x0 build/cooja/contiki-ng-cooja.a(rpl-timers.o)
 .data          0x000000000003f3f0        0x0 build/cooja/contiki-ng-cooja.a(assert.o)
 .data          0x000000000003f3f0        0x0 build/cooja/contiki-ng-cooja.a(mac.o)
 .data          0x000000000003f3f0        0x2 build/cooja/contiki-ng-cooja.a(frame802154.o)
 .data          0x000000000003f3f2        0x0 /usr/lib/gcc/x86_64-linux-gnu/11/crtendS.o
 .data          0x000000000003f3f2        0x0 /usr/lib/gcc/x86_64-linux-gnu/11/../../../x86_64-linux-gnu/crtn.o

.tm_clone_table
                0x000000000003f3f8        0x0
 .tm_clone_table
                0x000000000003f3f8        0x0 /usr/lib/gcc/x86_64-linux-gnu/11/crtbeginS.o
 .tm_clone_table
                0x000000000003f3f8        0x0 /usr/lib/gcc/x86_64-linux-gnu/11/crtendS.o

.data1
 *(.data1)
                [!provide]                        PROVIDE (_edata = .)
                [!provide]                        PROVIDE (edata = .)
                0x000000000003f3f8                . = .
                [!provide]                        PROVIDE (__bss_start = .)

.bss            0x000000000003f400    0x18260
 *(.dynbss)
 .dynbss        0x000000000003f400        0x0 /usr/lib/gcc/x86_64-linux-gnu/11/../../../x86_64-linux-gnu/crti.o
 *(.bss .bss.* .gnu.linkonce.b.*)
 .bss           0x000000000003f400        0x0 /usr/lib/gcc/x86_64-linux-gnu/11/../../../x86_64-linux-gnu/crti.o
 .bss           0x000000000003f400        0x1 /usr/lib/gcc/x86_64-linux-gnu/11/crtbeginS.o
 *fill*         0x000000000003f401       0x1f 
 .bss           0x000000000003f420      0xbbc temperature_sensor.o
                0x000000000003f420                status
                0x000000000003f440                broker_address
 *fill*         0x000000000003ffdc        0x4 
 .bss           0x000000000003ffe0     0x4060 build/cooja/mtype177648212.o
                0x000000000003ffe0                sensors_flags
                0x000000000003ffe8                referenceVar
 .bss           0x0000000000044040       0x18 build/cooja/contiki-ng-cooja.a(simEnvChange.o)
                0x0000000000044040                simDontFallAsleep
                0x0000000000044044                simProcessRunValue
                0x0000000000044048                simEtimerPending
                0x0000000000044050                simEtimerNextExpirationTime
 .bss           0x0000000000044058        0x8 build/cooja/contiki-ng-cooja.a(cooja_mt.o)
 .bss           0x0000000000044060        0x8 build/cooja/contiki-ng-cooja.a(cooja_mtarch.o)
 .bss           0x0000000000044068       0x18 build/cooja/contiki-ng-cooja.a(rtimer-arch.o)
                0x0000000000044068                simRtimerPending
                0x0000000000044070                simRtimerNextExpirationTime
                0x0000000000044078                simRtimerCurrentTicks
 .bss           0x0000000000044080        0x1 build/cooja/contiki-ng-cooja.a(beep.o)
                0x0000000000044080                simBeeped
 .bss           0x0000000000044081        0x1 build/cooja/contiki-ng-cooja.a(leds-arch.o)
                0x0000000000044081                simLedsValue
 *fill*         0x0000000000044082        0x2 
 .bss           0x0000000000044084        0xc build/cooja/contiki-ng-cooja.a(moteid.o)
                0x0000000000044084                simMoteID
                0x0000000000044088                simMoteIDChanged
                0x000000000004408c                simRandomSeed
 .bss           0x0000000000044090        0x3 build/cooja/contiki-ng-cooja.a(pir-sensor.o)
                0x0000000000044090                simPirChanged
                0x0000000000044091                simPirIsActive
                0x0000000000044092                simPirValue
 *fill*         0x0000000000044093        0xd 
 .bss           0x00000000000440a0      0x810 build/cooja/contiki-ng-cooja.a(rs232.o)
                0x00000000000440a0                simSerialReceivingData
                0x00000000000448a0                simSerialReceivingLength
                0x00000000000448a4                simSerialReceivingFlag
 .bss           0x00000000000448b0        0x3 build/cooja/contiki-ng-cooja.a(vib-sensor.o)
                0x00000000000448b0                simVibChanged
                0x00000000000448b1                simVibIsActive
                0x00000000000448b2                simVibValue
 *fill*         0x00000000000448b3        0x5 
 .bss           0x00000000000448b8        0x8 build/cooja/contiki-ng-cooja.a(clock.o)
                0x00000000000448b8                simCurrentTime
 .bss           0x00000000000448c0     0x200d build/cooja/contiki-ng-cooja.a(cooja-log.o)
                0x00000000000448c0                simLoggedData
                0x00000000000468c0                simLoggedLength
                0x00000000000468c4                simLoggedFlag
 *fill*         0x00000000000468cd       0x13 
 .bss           0x00000000000468e0      0xfc0 build/cooja/contiki-ng-cooja.a(cfs-cooja.o)
                0x00000000000468e0                simCFSData
                0x0000000000047880                simCFSSize
                0x0000000000047884                simCFSChanged
                0x0000000000047888                simCFSRead
                0x000000000004788c                simCFSWritten
 .bss           0x00000000000478a0      0x15c build/cooja/contiki-ng-cooja.a(cooja-radio.o)
                0x00000000000478a0                simReceiving
                0x00000000000478c0                simInDataBuffer
                0x0000000000047940                simInSize
                0x0000000000047948                simLastPacketTimestamp
                0x0000000000047960                simOutDataBuffer
                0x00000000000479e0                simOutSize
 *fill*         0x00000000000479fc        0x4 
 .bss           0x0000000000047a00      0x40c build/cooja/contiki-ng-cooja.a(eeprom.o)
                0x0000000000047a00                simEEPROMData
                0x0000000000047e00                simEEPROMChanged
                0x0000000000047e04                simEEPROMRead
                0x0000000000047e08                simEEPROMWritten
 .bss           0x0000000000047e0c        0x0 build/cooja/contiki-ng-cooja.a(random.o)
 .bss           0x0000000000047e0c        0xc build/cooja/contiki-ng-cooja.a(sensors.o)
                0x0000000000047e0c                sensors_event
 .bss           0x0000000000047e18        0x0 build/cooja/contiki-ng-cooja.a(leds.o)
 *fill*         0x0000000000047e18        0x8 